 stock gam=  1.0 seed=12345     ffmom=+3.034715e-06 conn=+1.566188e-06 disc=+1.468527e-06 se=6.01e-07 chol_fallback=1 (1s)
 stock gam=  1.0 seed=20260828  ffmom=+1.360908e-06 conn=+1.011039e-06 disc=+3.498692e-07 se=5.94e-07 chol_fallback=1 (1s)
 stock gam=  1.0 seed=314159    ffmom=+2.386468e-06 conn=+1.609476e-06 disc=+7.769928e-07 se=5.94e-07 chol_fallback=1 (0s)
 stock gam=  1.0 seed=777001    ffmom=+2.161537e-06 conn=+1.270502e-06 disc=+8.910348e-07 se=6.14e-07 chol_fallback=1 (1s)
 stock gam= 10.0 seed=12345     ffmom=+1.738042e-06 conn=+4.814416e-07 disc=+1.256601e-06 se=3.97e-07 chol_fallback=1 (1s)
 stock gam= 10.0 seed=20260828  ffmom=+1.012684e-06 conn=+5.490089e-07 disc=+4.636754e-07 se=3.88e-07 chol_fallback=1 (1s)
 stock gam= 10.0 seed=314159    ffmom=+1.108975e-06 conn=+5.535949e-07 disc=+5.553797e-07 se=3.98e-07 chol_fallback=1 (0s)
 stock gam= 10.0 seed=777001    ffmom=+1.225079e-06 conn=+4.628050e-07 disc=+7.622738e-07 se=4.02e-07 chol_fallback=1 (0s)
    R1 gam=  1.0 seed=12345     ffmom=+2.965278e-06 conn=+1.531427e-06 disc=+1.433851e-06 se=6.03e-07 chol_fallback=0 (1s)
    R1 gam=  1.0 seed=20260828  ffmom=+1.398484e-06 conn=+1.059608e-06 disc=+3.388762e-07 se=5.97e-07 chol_fallback=0 (1s)
    R1 gam=  1.0 seed=314159    ffmom=+2.359943e-06 conn=+1.569234e-06 disc=+7.907092e-07 se=5.91e-07 chol_fallback=0 (1s)
    R1 gam=  1.0 seed=777001    ffmom=+2.081749e-06 conn=+1.233518e-06 disc=+8.482306e-07 se=6.14e-07 chol_fallback=0 (1s)
    R1 gam= 10.0 seed=12345     ffmom=+1.736028e-06 conn=+4.811049e-07 disc=+1.254923e-06 se=3.97e-07 chol_fallback=0 (1s)
    R1 gam= 10.0 seed=20260828  ffmom=+1.011872e-06 conn=+5.702722e-07 disc=+4.416000e-07 se=3.90e-07 chol_fallback=0 (1s)
    R1 gam= 10.0 seed=314159    ffmom=+1.120542e-06 conn=+5.506219e-07 disc=+5.699201e-07 se=3.95e-07 chol_fallback=0 (1s)
    R1 gam= 10.0 seed=777001    ffmom=+1.179655e-06 conn=+4.467870e-07 disc=+7.328678e-07 se=4.01e-07 chol_fallback=0 (0s)

=== FF channel, paired by seed (n_lambda=600, n_real=12000) ===
gam=  1.0   ff_mom: stock +2.235907e-06 +/- 3.45e-07 | R1 +2.201363e-06 +/- 3.25e-07 | paired diff -3.4544e-08 +/- 2.67e-08  (-1.5450% of stock)
gam=  1.0  ff_conn: stock +1.364301e-06 +/- 1.40e-07 | R1 +1.348447e-06 +/- 1.22e-07 | paired diff -1.5854e-08 +/- 2.15e-08  (-1.1621% of stock)
gam=  1.0  ff_disc: stock +8.716060e-07 +/- 2.31e-07 | R1 +8.529167e-07 +/- 2.25e-07 | paired diff -1.8689e-08 +/- 1.27e-08  (-2.1442% of stock)
gam= 10.0   ff_mom: stock +1.271195e-06 +/- 1.62e-07 | R1 +1.262024e-06 +/- 1.62e-07 | paired diff -9.1707e-09 +/- 1.25e-08  (-0.7214% of stock)
gam= 10.0  ff_conn: stock +5.117126e-07 +/- 2.32e-08 | R1 +5.121965e-07 +/- 2.90e-08 | paired diff +4.8394e-10 +/- 7.73e-09  (+0.0946% of stock)
gam= 10.0  ff_disc: stock +7.594824e-07 +/- 1.77e-07 | R1 +7.498278e-07 +/- 1.79e-07 | paired diff -9.6546e-09 +/- 9.97e-09  (-1.2712% of stock)
