 stock gam=  1.0 seed=12345     ffmom=+2.093089e-06 conn=+1.332351e-06 disc=+7.607378e-07 se=3.04e-07 chol_fallback=2 (3s)
 stock gam=  1.0 seed=20260828  ffmom=+9.519475e-07 conn=+9.533672e-07 disc=-1.419730e-09 se=2.98e-07 chol_fallback=2 (3s)
 stock gam=  1.0 seed=314159    ffmom=+1.530437e-06 conn=+9.823976e-07 disc=+5.480392e-07 se=3.03e-07 chol_fallback=2 (3s)
 stock gam=  1.0 seed=777001    ffmom=+1.816625e-06 conn=+1.161453e-06 disc=+6.551720e-07 se=3.00e-07 chol_fallback=2 (3s)
 stock gam=  1.0 seed=555       ffmom=+1.530670e-06 conn=+1.116261e-06 disc=+4.144086e-07 se=3.01e-07 chol_fallback=2 (3s)
 stock gam=  1.0 seed=90210     ffmom=+1.948313e-06 conn=+1.311942e-06 disc=+6.363716e-07 se=3.04e-07 chol_fallback=2 (3s)
 stock gam=  1.0 seed=424242    ffmom=+1.276938e-06 conn=+8.805136e-07 disc=+3.964239e-07 se=2.97e-07 chol_fallback=2 (3s)
 stock gam=  1.0 seed=1000003   ffmom=+2.080351e-06 conn=+1.217092e-06 disc=+8.632593e-07 se=2.99e-07 chol_fallback=2 (3s)
 stock gam=  1.0 seed=11        ffmom=+1.343765e-06 conn=+9.771527e-07 disc=+3.666125e-07 se=3.02e-07 chol_fallback=2 (3s)
 stock gam=  1.0 seed=22        ffmom=+2.111413e-06 conn=+1.488674e-06 disc=+6.227384e-07 se=3.08e-07 chol_fallback=2 (3s)
 stock gam=  1.0 seed=33        ffmom=+1.689122e-06 conn=+1.081302e-06 disc=+6.078196e-07 se=3.04e-07 chol_fallback=2 (3s)
 stock gam=  1.0 seed=44        ffmom=+1.680054e-06 conn=+1.296066e-06 disc=+3.839878e-07 se=3.05e-07 chol_fallback=2 (3s)
 stock gam=  1.0 seed=55        ffmom=+1.749669e-06 conn=+1.170682e-06 disc=+5.789872e-07 se=3.01e-07 chol_fallback=2 (3s)
 stock gam=  1.0 seed=66        ffmom=+1.730773e-06 conn=+1.153631e-06 disc=+5.771415e-07 se=3.01e-07 chol_fallback=2 (3s)
 stock gam=  1.0 seed=77        ffmom=+1.846940e-06 conn=+1.194410e-06 disc=+6.525303e-07 se=3.01e-07 chol_fallback=2 (3s)
 stock gam=  1.0 seed=88        ffmom=+1.556865e-06 conn=+1.146809e-06 disc=+4.100557e-07 se=3.01e-07 chol_fallback=2 (3s)
 stock gam=  1.0 seed=101       ffmom=+2.017165e-06 conn=+1.249542e-06 disc=+7.676237e-07 se=2.98e-07 chol_fallback=2 (3s)
 stock gam=  1.0 seed=202       ffmom=+1.714741e-06 conn=+1.177437e-06 disc=+5.373040e-07 se=3.02e-07 chol_fallback=2 (3s)
 stock gam=  1.0 seed=303       ffmom=+1.809884e-06 conn=+1.249533e-06 disc=+5.603510e-07 se=2.99e-07 chol_fallback=2 (3s)
 stock gam=  1.0 seed=404       ffmom=+1.969220e-06 conn=+1.172396e-06 disc=+7.968236e-07 se=3.05e-07 chol_fallback=2 (3s)
 stock gam=  1.0 seed=505       ffmom=+1.994778e-06 conn=+1.311097e-06 disc=+6.836806e-07 se=3.06e-07 chol_fallback=2 (3s)
 stock gam=  1.0 seed=606       ffmom=+2.280005e-06 conn=+1.419928e-06 disc=+8.600764e-07 se=3.04e-07 chol_fallback=2 (3s)
 stock gam=  1.0 seed=707       ffmom=+1.533515e-06 conn=+9.997052e-07 disc=+5.338103e-07 se=2.97e-07 chol_fallback=2 (3s)
 stock gam=  1.0 seed=808       ffmom=+1.352288e-06 conn=+9.350865e-07 disc=+4.172013e-07 se=3.00e-07 chol_fallback=2 (3s)
 stock gam=  1.0 seed=909       ffmom=+1.504704e-06 conn=+9.864305e-07 disc=+5.182738e-07 se=2.98e-07 chol_fallback=2 (3s)
 stock gam=  1.0 seed=1111      ffmom=+1.434806e-06 conn=+9.415869e-07 disc=+4.932187e-07 se=3.03e-07 chol_fallback=2 (3s)
 stock gam=  1.0 seed=2222      ffmom=+1.758971e-06 conn=+9.611958e-07 disc=+7.977752e-07 se=3.00e-07 chol_fallback=2 (3s)
 stock gam=  1.0 seed=3333      ffmom=+1.851339e-06 conn=+1.289679e-06 disc=+5.616604e-07 se=3.03e-07 chol_fallback=2 (3s)
 stock gam=  1.0 seed=4444      ffmom=+1.629886e-06 conn=+9.761207e-07 disc=+6.537655e-07 se=3.03e-07 chol_fallback=2 (3s)
 stock gam=  1.0 seed=5555      ffmom=+1.776620e-06 conn=+1.267587e-06 disc=+5.090330e-07 se=3.04e-07 chol_fallback=2 (3s)
 stock gam=  1.0 seed=6666      ffmom=+1.780010e-06 conn=+1.198553e-06 disc=+5.814569e-07 se=3.02e-07 chol_fallback=2 (3s)
 stock gam=  1.0 seed=7777      ffmom=+1.479505e-06 conn=+1.052743e-06 disc=+4.267621e-07 se=3.06e-07 chol_fallback=2 (3s)
 stock gam= 10.0 seed=12345     ffmom=+1.367096e-06 conn=+5.029814e-07 disc=+8.641144e-07 se=1.97e-07 chol_fallback=2 (3s)
 stock gam= 10.0 seed=20260828  ffmom=+3.786129e-07 conn=+2.667282e-07 disc=+1.118847e-07 se=1.94e-07 chol_fallback=2 (3s)
 stock gam= 10.0 seed=314159    ffmom=+6.990205e-07 conn=+2.608988e-07 disc=+4.381217e-07 se=1.97e-07 chol_fallback=2 (3s)
 stock gam= 10.0 seed=777001    ffmom=+8.586041e-07 conn=+3.001110e-07 disc=+5.584931e-07 se=1.96e-07 chol_fallback=2 (3s)
 stock gam= 10.0 seed=555       ffmom=+7.951843e-07 conn=+3.436298e-07 disc=+4.515545e-07 se=1.96e-07 chol_fallback=2 (3s)
 stock gam= 10.0 seed=90210     ffmom=+1.064775e-06 conn=+3.904866e-07 disc=+6.742884e-07 se=1.97e-07 chol_fallback=2 (3s)
 stock gam= 10.0 seed=424242    ffmom=+6.473244e-07 conn=+2.656218e-07 disc=+3.817027e-07 se=1.97e-07 chol_fallback=2 (3s)
 stock gam= 10.0 seed=1000003   ffmom=+1.298134e-06 conn=+4.071706e-07 disc=+8.909629e-07 se=1.98e-07 chol_fallback=2 (3s)
 stock gam= 10.0 seed=11        ffmom=+9.663123e-07 conn=+3.126395e-07 disc=+6.536728e-07 se=1.96e-07 chol_fallback=2 (3s)
 stock gam= 10.0 seed=22        ffmom=+1.138661e-06 conn=+5.082865e-07 disc=+6.303750e-07 se=1.98e-07 chol_fallback=2 (3s)
 stock gam= 10.0 seed=33        ffmom=+8.950887e-07 conn=+3.682084e-07 disc=+5.268803e-07 se=1.96e-07 chol_fallback=2 (3s)
 stock gam= 10.0 seed=44        ffmom=+7.295338e-07 conn=+4.489550e-07 disc=+2.805789e-07 se=1.99e-07 chol_fallback=2 (3s)
 stock gam= 10.0 seed=55        ffmom=+9.726203e-07 conn=+3.675400e-07 disc=+6.050803e-07 se=1.98e-07 chol_fallback=2 (3s)
 stock gam= 10.0 seed=66        ffmom=+9.547976e-07 conn=+3.973666e-07 disc=+5.574310e-07 se=1.98e-07 chol_fallback=2 (3s)
 stock gam= 10.0 seed=77        ffmom=+9.096359e-07 conn=+3.498773e-07 disc=+5.597585e-07 se=1.95e-07 chol_fallback=2 (3s)
 stock gam= 10.0 seed=88        ffmom=+7.146570e-07 conn=+3.506949e-07 disc=+3.639621e-07 se=1.96e-07 chol_fallback=2 (3s)
 stock gam= 10.0 seed=101       ffmom=+1.153132e-06 conn=+3.666624e-07 disc=+7.864700e-07 se=1.96e-07 chol_fallback=2 (3s)
 stock gam= 10.0 seed=202       ffmom=+9.691835e-07 conn=+4.977407e-07 disc=+4.714429e-07 se=1.97e-07 chol_fallback=2 (3s)
 stock gam= 10.0 seed=303       ffmom=+1.055193e-06 conn=+4.695505e-07 disc=+5.856426e-07 se=1.97e-07 chol_fallback=2 (3s)
 stock gam= 10.0 seed=404       ffmom=+1.127617e-06 conn=+4.424391e-07 disc=+6.851776e-07 se=1.97e-07 chol_fallback=2 (3s)
 stock gam= 10.0 seed=505       ffmom=+1.095238e-06 conn=+3.868105e-07 disc=+7.084271e-07 se=1.98e-07 chol_fallback=2 (3s)
 stock gam= 10.0 seed=606       ffmom=+1.241217e-06 conn=+4.312712e-07 disc=+8.099456e-07 se=1.98e-07 chol_fallback=2 (3s)
 stock gam= 10.0 seed=707       ffmom=+9.018121e-07 conn=+3.287761e-07 disc=+5.730360e-07 se=1.94e-07 chol_fallback=2 (3s)
 stock gam= 10.0 seed=808       ffmom=+6.656534e-07 conn=+3.098260e-07 disc=+3.558274e-07 se=1.95e-07 chol_fallback=2 (3s)
 stock gam= 10.0 seed=909       ffmom=+9.995438e-07 conn=+3.858164e-07 disc=+6.137274e-07 se=1.96e-07 chol_fallback=2 (3s)
 stock gam= 10.0 seed=1111      ffmom=+7.787804e-07 conn=+3.151367e-07 disc=+4.636437e-07 se=1.97e-07 chol_fallback=2 (3s)
 stock gam= 10.0 seed=2222      ffmom=+9.022083e-07 conn=+2.441361e-07 disc=+6.580722e-07 se=1.95e-07 chol_fallback=2 (3s)
 stock gam= 10.0 seed=3333      ffmom=+1.010398e-06 conn=+4.519864e-07 disc=+5.584118e-07 se=1.98e-07 chol_fallback=2 (3s)
 stock gam= 10.0 seed=4444      ffmom=+9.434204e-07 conn=+3.259604e-07 disc=+6.174599e-07 se=1.98e-07 chol_fallback=2 (3s)
 stock gam= 10.0 seed=5555      ffmom=+1.112270e-06 conn=+5.651673e-07 disc=+5.471030e-07 se=1.97e-07 chol_fallback=2 (3s)
 stock gam= 10.0 seed=6666      ffmom=+1.159492e-06 conn=+5.039555e-07 disc=+6.555364e-07 se=1.96e-07 chol_fallback=2 (3s)
 stock gam= 10.0 seed=7777      ffmom=+6.573130e-07 conn=+2.544922e-07 disc=+4.028208e-07 se=1.98e-07 chol_fallback=2 (3s)
    R1 gam=  1.0 seed=12345     ffmom=+2.097726e-06 conn=+1.328577e-06 disc=+7.691492e-07 se=3.04e-07 chol_fallback=0 (3s)
    R1 gam=  1.0 seed=20260828  ffmom=+9.726886e-07 conn=+9.616353e-07 disc=+1.105327e-08 se=2.97e-07 chol_fallback=0 (3s)
    R1 gam=  1.0 seed=314159    ffmom=+1.522665e-06 conn=+1.000460e-06 disc=+5.222046e-07 se=3.02e-07 chol_fallback=0 (3s)
    R1 gam=  1.0 seed=777001    ffmom=+1.804482e-06 conn=+1.134101e-06 disc=+6.703812e-07 se=2.98e-07 chol_fallback=0 (3s)
    R1 gam=  1.0 seed=555       ffmom=+1.565058e-06 conn=+1.141125e-06 disc=+4.239332e-07 se=3.01e-07 chol_fallback=0 (3s)
    R1 gam=  1.0 seed=90210     ffmom=+1.951991e-06 conn=+1.324867e-06 disc=+6.271236e-07 se=3.03e-07 chol_fallback=0 (3s)
    R1 gam=  1.0 seed=424242    ffmom=+1.319718e-06 conn=+9.056118e-07 disc=+4.141058e-07 se=2.96e-07 chol_fallback=0 (3s)
    R1 gam=  1.0 seed=1000003   ffmom=+2.119684e-06 conn=+1.241763e-06 disc=+8.779212e-07 se=2.97e-07 chol_fallback=0 (3s)
    R1 gam=  1.0 seed=11        ffmom=+1.365731e-06 conn=+9.796387e-07 disc=+3.860928e-07 se=3.02e-07 chol_fallback=0 (3s)
    R1 gam=  1.0 seed=22        ffmom=+2.092573e-06 conn=+1.479201e-06 disc=+6.133715e-07 se=3.07e-07 chol_fallback=0 (3s)
    R1 gam=  1.0 seed=33        ffmom=+1.689773e-06 conn=+1.071677e-06 disc=+6.180955e-07 se=3.03e-07 chol_fallback=0 (3s)
    R1 gam=  1.0 seed=44        ffmom=+1.624171e-06 conn=+1.252638e-06 disc=+3.715333e-07 se=3.04e-07 chol_fallback=0 (3s)
    R1 gam=  1.0 seed=55        ffmom=+1.762689e-06 conn=+1.166464e-06 disc=+5.962244e-07 se=3.00e-07 chol_fallback=0 (3s)
    R1 gam=  1.0 seed=66        ffmom=+1.692795e-06 conn=+1.118490e-06 disc=+5.743047e-07 se=3.00e-07 chol_fallback=0 (3s)
    R1 gam=  1.0 seed=77        ffmom=+1.858446e-06 conn=+1.205765e-06 disc=+6.526810e-07 se=3.00e-07 chol_fallback=0 (3s)
    R1 gam=  1.0 seed=88        ffmom=+1.564718e-06 conn=+1.137665e-06 disc=+4.270521e-07 se=3.00e-07 chol_fallback=0 (3s)
    R1 gam=  1.0 seed=101       ffmom=+1.980032e-06 conn=+1.236452e-06 disc=+7.435797e-07 se=2.98e-07 chol_fallback=0 (3s)
    R1 gam=  1.0 seed=202       ffmom=+1.706220e-06 conn=+1.163706e-06 disc=+5.425141e-07 se=3.00e-07 chol_fallback=0 (3s)
    R1 gam=  1.0 seed=303       ffmom=+1.819274e-06 conn=+1.261618e-06 disc=+5.576567e-07 se=2.97e-07 chol_fallback=0 (3s)
    R1 gam=  1.0 seed=404       ffmom=+1.939482e-06 conn=+1.169228e-06 disc=+7.702535e-07 se=3.04e-07 chol_fallback=0 (3s)
    R1 gam=  1.0 seed=505       ffmom=+1.979738e-06 conn=+1.282900e-06 disc=+6.968386e-07 se=3.05e-07 chol_fallback=0 (3s)
    R1 gam=  1.0 seed=606       ffmom=+2.298170e-06 conn=+1.429667e-06 disc=+8.685030e-07 se=3.03e-07 chol_fallback=0 (3s)
    R1 gam=  1.0 seed=707       ffmom=+1.575892e-06 conn=+1.016474e-06 disc=+5.594178e-07 se=2.97e-07 chol_fallback=0 (3s)
    R1 gam=  1.0 seed=808       ffmom=+1.365225e-06 conn=+9.540982e-07 disc=+4.111271e-07 se=2.98e-07 chol_fallback=0 (3s)
    R1 gam=  1.0 seed=909       ffmom=+1.515967e-06 conn=+9.993131e-07 disc=+5.166543e-07 se=2.98e-07 chol_fallback=0 (3s)
    R1 gam=  1.0 seed=1111      ffmom=+1.399885e-06 conn=+9.294865e-07 disc=+4.703982e-07 se=3.01e-07 chol_fallback=0 (3s)
    R1 gam=  1.0 seed=2222      ffmom=+1.732128e-06 conn=+9.494017e-07 disc=+7.827262e-07 se=3.00e-07 chol_fallback=0 (3s)
    R1 gam=  1.0 seed=3333      ffmom=+1.826571e-06 conn=+1.271217e-06 disc=+5.553539e-07 se=3.02e-07 chol_fallback=0 (3s)
    R1 gam=  1.0 seed=4444      ffmom=+1.608193e-06 conn=+9.446689e-07 disc=+6.635242e-07 se=3.01e-07 chol_fallback=0 (3s)
    R1 gam=  1.0 seed=5555      ffmom=+1.757187e-06 conn=+1.244452e-06 disc=+5.127345e-07 se=3.03e-07 chol_fallback=0 (3s)
    R1 gam=  1.0 seed=6666      ffmom=+1.724474e-06 conn=+1.154951e-06 disc=+5.695225e-07 se=3.00e-07 chol_fallback=0 (3s)
    R1 gam=  1.0 seed=7777      ffmom=+1.458572e-06 conn=+1.032650e-06 disc=+4.259220e-07 se=3.04e-07 chol_fallback=0 (3s)
    R1 gam= 10.0 seed=12345     ffmom=+1.364633e-06 conn=+5.005124e-07 disc=+8.641208e-07 se=1.97e-07 chol_fallback=0 (3s)
    R1 gam= 10.0 seed=20260828  ffmom=+3.862940e-07 conn=+2.651272e-07 disc=+1.211668e-07 se=1.93e-07 chol_fallback=0 (3s)
    R1 gam= 10.0 seed=314159    ffmom=+7.031849e-07 conn=+2.837371e-07 disc=+4.194478e-07 se=1.96e-07 chol_fallback=0 (3s)
    R1 gam= 10.0 seed=777001    ffmom=+8.609141e-07 conn=+2.854219e-07 disc=+5.754922e-07 se=1.95e-07 chol_fallback=0 (3s)
    R1 gam= 10.0 seed=555       ffmom=+8.267071e-07 conn=+3.675737e-07 disc=+4.591334e-07 se=1.95e-07 chol_fallback=0 (3s)
    R1 gam= 10.0 seed=90210     ffmom=+1.087600e-06 conn=+4.100197e-07 disc=+6.775800e-07 se=1.97e-07 chol_fallback=0 (3s)
    R1 gam= 10.0 seed=424242    ffmom=+6.761572e-07 conn=+2.700704e-07 disc=+4.060868e-07 se=1.96e-07 chol_fallback=0 (3s)
    R1 gam= 10.0 seed=1000003   ffmom=+1.326785e-06 conn=+4.261069e-07 disc=+9.006781e-07 se=1.97e-07 chol_fallback=0 (3s)
    R1 gam= 10.0 seed=11        ffmom=+9.761289e-07 conn=+3.106956e-07 disc=+6.654332e-07 se=1.96e-07 chol_fallback=0 (3s)
    R1 gam= 10.0 seed=22        ffmom=+1.112081e-06 conn=+5.034434e-07 disc=+6.086374e-07 se=1.98e-07 chol_fallback=0 (3s)
    R1 gam= 10.0 seed=33        ffmom=+8.819831e-07 conn=+3.482623e-07 disc=+5.337208e-07 se=1.95e-07 chol_fallback=0 (3s)
    R1 gam= 10.0 seed=44        ffmom=+7.093662e-07 conn=+4.368200e-07 disc=+2.725462e-07 se=1.98e-07 chol_fallback=0 (3s)
    R1 gam= 10.0 seed=55        ffmom=+9.755160e-07 conn=+3.615046e-07 disc=+6.140114e-07 se=1.97e-07 chol_fallback=0 (3s)
    R1 gam= 10.0 seed=66        ffmom=+9.504096e-07 conn=+3.877423e-07 disc=+5.626673e-07 se=1.97e-07 chol_fallback=0 (3s)
    R1 gam= 10.0 seed=77        ffmom=+9.164403e-07 conn=+3.494684e-07 disc=+5.669719e-07 se=1.94e-07 chol_fallback=0 (3s)
    R1 gam= 10.0 seed=88        ffmom=+7.339024e-07 conn=+3.577574e-07 disc=+3.761450e-07 se=1.96e-07 chol_fallback=0 (3s)
    R1 gam= 10.0 seed=101       ffmom=+1.121546e-06 conn=+3.535616e-07 disc=+7.679843e-07 se=1.95e-07 chol_fallback=0 (3s)
    R1 gam= 10.0 seed=202       ffmom=+9.704623e-07 conn=+4.929453e-07 disc=+4.775169e-07 se=1.96e-07 chol_fallback=0 (3s)
    R1 gam= 10.0 seed=303       ffmom=+1.063902e-06 conn=+4.805501e-07 disc=+5.833516e-07 se=1.96e-07 chol_fallback=0 (3s)
    R1 gam= 10.0 seed=404       ffmom=+1.118352e-06 conn=+4.554799e-07 disc=+6.628726e-07 se=1.97e-07 chol_fallback=0 (3s)
    R1 gam= 10.0 seed=505       ffmom=+1.086081e-06 conn=+3.675696e-07 disc=+7.185119e-07 se=1.98e-07 chol_fallback=0 (3s)
    R1 gam= 10.0 seed=606       ffmom=+1.250999e-06 conn=+4.329970e-07 disc=+8.180022e-07 se=1.97e-07 chol_fallback=0 (3s)
    R1 gam= 10.0 seed=707       ffmom=+9.110088e-07 conn=+3.285604e-07 disc=+5.824485e-07 se=1.94e-07 chol_fallback=0 (3s)
    R1 gam= 10.0 seed=808       ffmom=+6.769286e-07 conn=+3.316090e-07 disc=+3.453196e-07 se=1.94e-07 chol_fallback=0 (3s)
    R1 gam= 10.0 seed=909       ffmom=+1.006695e-06 conn=+3.889814e-07 disc=+6.177138e-07 se=1.95e-07 chol_fallback=0 (3s)
    R1 gam= 10.0 seed=1111      ffmom=+7.492146e-07 conn=+3.055585e-07 disc=+4.436561e-07 se=1.96e-07 chol_fallback=0 (3s)
    R1 gam= 10.0 seed=2222      ffmom=+8.965462e-07 conn=+2.494075e-07 disc=+6.471387e-07 se=1.95e-07 chol_fallback=0 (3s)
    R1 gam= 10.0 seed=3333      ffmom=+9.965848e-07 conn=+4.377244e-07 disc=+5.588604e-07 se=1.98e-07 chol_fallback=0 (3s)
    R1 gam= 10.0 seed=4444      ffmom=+9.384017e-07 conn=+3.087206e-07 disc=+6.296811e-07 se=1.97e-07 chol_fallback=0 (3s)
    R1 gam= 10.0 seed=5555      ffmom=+1.105126e-06 conn=+5.605031e-07 disc=+5.446232e-07 se=1.97e-07 chol_fallback=0 (3s)
    R1 gam= 10.0 seed=6666      ffmom=+1.126589e-06 conn=+4.804241e-07 disc=+6.461646e-07 se=1.95e-07 chol_fallback=0 (3s)
    R1 gam= 10.0 seed=7777      ffmom=+6.470366e-07 conn=+2.424790e-07 disc=+4.045576e-07 se=1.97e-07 chol_fallback=0 (3s)

=== FF channel, paired by seed (n_lambda=1000, n_real=48000) ===
gam=  1.0   ff_mom: stock +1.713263e-06 +/- 4.98e-08 | R1 +1.709122e-06 +/- 4.89e-08 | paired diff -4.1403e-09 +/- 4.76e-09  (-0.2417% of stock)
gam=  1.0  ff_conn: stock +1.145398e-06 +/- 2.74e-08 | R1 +1.140311e-06 +/- 2.67e-08 | paired diff -5.0862e-09 +/- 3.56e-09  (-0.4441% of stock)
gam=  1.0  ff_disc: stock +5.678651e-07 +/- 3.07e-08 | R1 +5.688110e-07 +/- 3.02e-08 | paired diff +9.4598e-10 +/- 2.54e-09  (+0.1666% of stock)
gam= 10.0   ff_mom: stock +9.425790e-07 +/- 3.80e-08 | R1 +9.422993e-07 +/- 3.75e-08 | paired diff -2.7977e-10 +/- 3.02e-09  (-0.0297% of stock)
gam= 10.0  ff_conn: stock +3.787789e-07 +/- 1.50e-08 | R1 +3.775417e-07 +/- 1.48e-08 | paired diff -1.2372e-09 +/- 2.35e-09  (-0.3266% of stock)
gam= 10.0  ff_disc: stock +5.638002e-07 +/- 2.96e-08 | R1 +5.647576e-07 +/- 2.95e-08 | paired diff +9.5739e-10 +/- 2.13e-09  (+0.1698% of stock)
