============================================================================================================
/Users/zzhang/Documents/MyDrafts/STF_lensing/driver_field_emulators/code/mc_fk_complete/review/p4_decisive.py:31: RuntimeWarning: invalid value encountered in log
  return float(np.exp(np.interp(np.log(gam), np.log(fg), np.log(fv))))
gamma = 17.3'      paper fold FK(kk) = 1.965389e-06  (interpolated)
   calib      N    dlam  sigma   s/dl |B-S2|/|S2| mid cond(S2) mid      exact FK     local ref  exact/ref  ref/fold  exact/fold   sec
[perm-aware] 2142 unordered rows, 16 shells, key 12 decimals, permutation closure 99.8%, from table_permclosed_cut15360.npz
 nominal    500  3.8217   16.0   4.19          0.1842   4.7689e+00   9.86283e-06   2.12987e-06     4.6307    1.0837      5.0183     4
 nominal   1000  1.9089    8.0   4.19          0.1073   4.7708e+00   3.64678e-06   2.12390e-06     1.7170    1.0807      1.8555     6
 nominal   1999  0.9545    4.0   4.19          0.0527   4.7727e+00   2.48512e-06   2.12101e-06     1.1717    1.0792      1.2644    14
 nominal   3997  0.4772    2.0   4.19          0.0243   4.7727e+00   2.71704e-06   2.11959e-06     1.2819    1.0785      1.3824    30
 smeared    500  3.8217   16.0   4.19          0.1842   4.7689e+00   1.90735e-06   2.12987e-06     0.8955    1.0837      0.9705     3
 smeared   1000  1.9089    8.0   4.19          0.1073   4.7708e+00   1.93975e-06   2.12390e-06     0.9133    1.0807      0.9870     6
 smeared   1999  0.9545    4.0   4.19          0.0527   4.7727e+00   1.95553e-06   2.12101e-06     0.9220    1.0792      0.9950    13
 smeared   3997  0.4772    2.0   4.19          0.0243   4.7727e+00   1.96374e-06   2.11959e-06     0.9265    1.0785      0.9992    30
============================================================================================================
gamma = 30.0'      paper fold FK(kk) = 8.340429e-07  (interpolated)
   calib      N    dlam  sigma   s/dl |B-S2|/|S2| mid cond(S2) mid      exact FK     local ref  exact/ref  ref/fold  exact/fold   sec
 nominal    500  3.8217   16.0   4.19          0.1842   3.4049e+00   5.49805e-07   9.48324e-07     0.5798    1.1370      0.6592     3
 nominal   1000  1.9089    8.0   4.19          0.1073   3.4059e+00  -1.85949e-07   9.45327e-07    -0.1967    1.1334     -0.2229     6
 nominal   1999  0.9545    4.0   4.19          0.0527   3.4069e+00   6.55839e-07   9.43868e-07     0.6948    1.1317      0.7863    13
 nominal   3997  0.4772    2.0   4.19          0.0243   3.4069e+00   1.75303e-06   9.43146e-07     1.8587    1.1308      2.1018    28
 smeared    500  3.8217   16.0   4.19          0.1842   3.4049e+00   8.21235e-07   9.48324e-07     0.8660    1.1370      0.9846     3
 smeared   1000  1.9089    8.0   4.19          0.1073   3.4059e+00   8.32323e-07   9.45327e-07     0.8805    1.1334      0.9979     6
 smeared   1999  0.9545    4.0   4.19          0.0527   3.4069e+00   8.37775e-07   9.43868e-07     0.8876    1.1317      1.0045    12
 smeared   3997  0.4772    2.0   4.19          0.0243   3.4069e+00   8.42226e-07   9.43146e-07     0.8930    1.1308      1.0098    29
