============================================================================================================
/Users/zzhang/Documents/MyDrafts/STF_lensing/driver_field_emulators/code/mc_fk_complete/review/p4_decisive.py:31: RuntimeWarning: invalid value encountered in log
  return float(np.exp(np.interp(np.log(gam), np.log(fg), np.log(fv))))
gamma = 17.2755'      paper fold FK(kk) = 1.969307e-06
   calib      N    dlam  sigma   s/dl |B-S2|/|S2| mid cond(S2) mid      exact FK     local ref  exact/ref  ref/fold  exact/fold   sec
[perm-aware] 2142 unordered rows, 16 shells, key 12 decimals, permutation closure 99.8%, from table_permclosed_cut15360.npz
 nominal    500  3.8217   16.0   4.19          0.1842   4.7738e+00   9.82491e-06   2.12536e-06     4.6227    1.0792      4.9890     4
 nominal   1000  1.9089    8.0   4.19          0.1073   4.7756e+00   3.62950e-06   2.11939e-06     1.7125    1.0762      1.8430     7
 nominal   1999  0.9545    4.0   4.19          0.0527   4.7776e+00   2.47738e-06   2.11651e-06     1.1705    1.0747      1.2580    14
 nominal   3997  0.4772    2.0   4.19          0.0243   4.7776e+00   2.71234e-06   2.11509e-06     1.2824    1.0740      1.3773    31
 smeared    500  3.8217   16.0   4.19          0.1842   4.7738e+00   1.90321e-06   2.12536e-06     0.8955    1.0792      0.9664     3
 smeared   1000  1.9089    8.0   4.19          0.1073   4.7756e+00   1.93550e-06   2.11939e-06     0.9132    1.0762      0.9828     6
 smeared   1999  0.9545    4.0   4.19          0.0527   4.7776e+00   1.95123e-06   2.11651e-06     0.9219    1.0747      0.9908    13
 smeared   3997  0.4772    2.0   4.19          0.0243   4.7776e+00   1.95939e-06   2.11509e-06     0.9264    1.0740      0.9950    30
============================================================================================================
gamma = 27.7051'      paper fold FK(kk) = 9.648871e-07
   calib      N    dlam  sigma   s/dl |B-S2|/|S2| mid cond(S2) mid      exact FK     local ref  exact/ref  ref/fold  exact/fold   sec
 nominal    500  3.8217   16.0   4.19          0.1842   3.5535e+00   1.55955e-06   1.07628e-06     1.4490    1.1154      1.6163     3
 nominal   1000  1.9089    8.0   4.19          0.1073   3.5546e+00   1.96288e-07   1.07294e-06     0.1829    1.1120      0.2034     6
 nominal   1999  0.9545    4.0   4.19          0.0527   3.5557e+00   8.47370e-07   1.07132e-06     0.7910    1.1103      0.8782    13
 nominal   3997  0.4772    2.0   4.19          0.0243   3.5557e+00   2.06850e-06   1.07052e-06     1.9322    1.1095      2.1438    29
 smeared    500  3.8217   16.0   4.19          0.1842   3.5535e+00   9.37870e-07   1.07628e-06     0.8714    1.1154      0.9720     3
 smeared   1000  1.9089    8.0   4.19          0.1073   3.5546e+00   9.51038e-07   1.07294e-06     0.8864    1.1120      0.9856     6
 smeared   1999  0.9545    4.0   4.19          0.0527   3.5557e+00   9.57498e-07   1.07132e-06     0.8938    1.1103      0.9923    13
 smeared   3997  0.4772    2.0   4.19          0.0243   3.5557e+00   9.62422e-07   1.07052e-06     0.8990    1.1095      0.9974    30
