============================================================================================================
A  discrete N-sweep (clean-room kernel)
============================================================================================================
 gamma         N=250         N=500        N=1000        N=2000        N=4000        N=8000       A(Rich)
  0.50  1.964223e-05  1.955799e-05  1.951848e-05  1.949994e-05  1.949096e-05  1.948650e-05  1.948205e-05
  1.00  1.621734e-05  1.614561e-05  1.611188e-05  1.609599e-05  1.608827e-05  1.608445e-05  1.608062e-05
  2.00  1.249188e-05  1.243442e-05  1.240732e-05  1.239450e-05  1.238826e-05  1.238516e-05  1.238206e-05
  5.00  7.269650e-06  7.233606e-06  7.216517e-06  7.208366e-06  7.204381e-06  7.202402e-06  7.200424e-06
 17.30  2.142356e-06  2.129875e-06  2.123898e-06  2.121009e-06  2.119587e-06  2.118879e-06  2.118172e-06

============================================================================================================
Three routes vs the paper fold (fold linearly interpolated onto the requested gamma, as NOTES.md and the crosscheck do)
============================================================================================================
 gamma    A discrete   B continuum      C xcheck          fold |   A/fold   B/fold   C/fold      C/A
  0.50  1.948205e-05  1.948125e-05  1.927200e-05  1.947950e-05 |   1.0001   1.0001   0.9893   0.9892
  1.00  1.608062e-05  1.608003e-05  1.591200e-05  1.597716e-05 |   1.0065   1.0064   0.9959   0.9895
  2.00  1.238206e-05  1.238167e-05  1.225700e-05  1.223121e-05 |   1.0123   1.0123   1.0021   0.9899
  5.00  7.200424e-06  7.200250e-06  7.131900e-06  7.037814e-06 |   1.0231   1.0231   1.0134   0.9905
 17.30  2.118172e-06  2.118150e-06  2.100300e-06  1.966350e-06 |   1.0772   1.0772   1.0681   0.9916

============================================================================================================
At the fold's own gamma nodes (no interpolation), single ordering vs permutation-symmetrised
============================================================================================================
gamma_node          fold  B (n1,n1,n2)    B sym-mean | single/fold  sym/fold leg spread
   0.50000  1.947950e-05  1.948125e-05  1.942515e-05 |     1.00009   0.99721     0.0087
   1.01546  1.587427e-05  1.597529e-05  1.583271e-05 |     1.00636   0.99738     0.0270
   2.06231  1.205270e-05  1.219789e-05  1.202354e-05 |     1.01205   0.99758     0.0435
   5.30409  6.698400e-06  6.874180e-06  6.684646e-06 |     1.02624   0.99795     0.0851
  17.27554  1.969307e-06  2.113651e-06  1.966529e-06 |     1.07330   0.99859     0.2244
