================================================================================================================
3b-i  per-node correlation between the whitened mismatch and the per-node injection error  (sigma = 8, N = 1000)
================================================================================================================
  gamma  cond(S2) med    nu med  ||eps|| med  node err med  Spearman(log||eps||, log err)
[perm-aware] 2142 unordered rows, 16 shells, key 12 decimals, permutation closure 99.8%, from table_permclosed_cut15360.npz
   1.00    2.6878e+02    0.0974       0.1039        0.1865                         0.9927
   5.00    1.5396e+01    0.0974       0.1040        0.1864                         0.9929
  17.30    4.7918e+00    0.0974       0.1037        0.1863                         0.9944
  30.00    3.4171e+00    0.0974       0.1026        0.1863                         0.9959

================================================================================================================
3b-ii  observable-level truncation sweep.  'nom err' = exact FK with the nominal Q, divided by
       the local FK the SAME (truncated) Q was designed to inject.  1.0 = faithful injection.
================================================================================================================

gamma = 1.0'   cond(Sigma2) mid-ray = 2.6760e+02
    rcond  nodefloor  #nodes cut    nom err    sm err  nom/sm FK  <k1^3> nom  <k1^3> sm
    1e-08       0.00           0     3.9206    0.9734     4.0221      4.9744     0.9978
    1e-03       0.00           0     3.9206    0.9734     4.0221      4.9744     0.9978
    1e-02       0.00           0     3.9318    0.9730     4.0355      5.0069     0.9978
    3e-02       0.00           0     3.9484    0.9729     4.0523      5.0904     0.9978
    1e-01       0.00           0     3.9026    0.9726     4.0072      5.0143     0.9977
    3e-01       0.00           0     3.9026    0.9726     4.0072      5.0143     0.9977
    1e-08       0.05          14     3.4856    0.9734     3.5721      4.3392     0.9978
    1e-08       0.20         162     1.3384    0.9734     1.3567      1.4013     0.9978
    1e-08       0.50         367     1.0851    0.9729     1.0947      1.1207     0.9977
    1e-01       0.20         162     1.3347    0.9726     1.3544      1.3995     0.9977
    3e-01       0.50         367     1.0843    0.9720     1.0951      1.1212     0.9976

gamma = 5.0'   cond(Sigma2) mid-ray = 1.5300e+01
    rcond  nodefloor  #nodes cut    nom err    sm err  nom/sm FK  <k1^3> nom  <k1^3> sm
    1e-08       0.00           0     4.4509    0.9771     4.5479      4.2335     0.9983
    1e-03       0.00           0     4.4509    0.9771     4.5479      4.2335     0.9983
    1e-02       0.00           0     4.4509    0.9771     4.5479      4.2335     0.9983
    3e-02       0.00           0     4.6152    0.9771     4.7165      4.4400     0.9983
    1e-01       0.00           0     4.5986    0.9773     4.6880      4.7031     0.9985
    3e-01       0.00           0     4.5936    0.9749     4.7067      5.4580     0.9983
    1e-08       0.05          14     3.1870    0.9771     3.2520      3.7975     0.9983
    1e-08       0.20         162     1.3426    0.9770     1.3526      1.4050     0.9983
    1e-08       0.50         367     1.0830    0.9765     1.0866      1.1156     0.9982
    1e-01       0.20         162     1.3577    0.9773     1.3643      1.4204     0.9985
    3e-01       0.50         367     1.0834    0.9743     1.0892      1.1225     0.9982

gamma = 17.3'   cond(Sigma2) mid-ray = 4.7708e+00
    rcond  nodefloor  #nodes cut    nom err    sm err  nom/sm FK  <k1^3> nom  <k1^3> sm
    1e-08       0.00           0     1.8491    0.9815     1.8800      1.5819     0.9989
    1e-03       0.00           0     1.8491    0.9815     1.8800      1.5819     0.9989
    1e-02       0.00           0     1.8491    0.9815     1.8800      1.5819     0.9989
    3e-02       0.00           0     1.8491    0.9815     1.8800      1.5819     0.9989
    1e-01       0.00           0     2.8684    0.9815     2.9185      2.7975     0.9989
    3e-01       0.00           0     4.1086    0.9810     4.1407      5.6067     0.9991
    1e-08       0.05          14     2.1720    0.9815     2.2037      2.1527     0.9989
    1e-08       0.20         162     1.3243    0.9815     1.3226      1.3807     0.9989
    1e-08       0.50         367     1.0758    0.9811     1.0720      1.1035     0.9988
    1e-01       0.20         162     1.3243    0.9815     1.3225      1.3806     0.9989
    3e-01       0.50         367     1.0922    0.9806     1.0742      1.1181     0.9991

gamma = 30.0'   cond(Sigma2) mid-ray = 3.4059e+00
    rcond  nodefloor  #nodes cut    nom err    sm err  nom/sm FK  <k1^3> nom  <k1^3> sm
    1e-08       0.00           0    -0.2204    0.9841    -0.2234     -1.1159     0.9993
    1e-03       0.00           0    -0.2204    0.9841    -0.2234     -1.1159     0.9993
    1e-02       0.00           0    -0.2204    0.9841    -0.2234     -1.1159     0.9993
    3e-02       0.00           0    -0.2204    0.9841    -0.2234     -1.1159     0.9993
    1e-01       0.00           0    -0.2204    0.9841    -0.2234     -1.1159     0.9993
    3e-01       0.00           0     5.7128    0.9842     5.7888      6.3738     0.9993
    1e-08       0.05          14     1.0952    0.9841     1.1072      0.5822     0.9993
    1e-08       0.20         162     1.2959    0.9841     1.2865      1.3503     0.9993
    1e-08       0.50         367     1.0694    0.9838     1.0612      1.0938     0.9992
    1e-01       0.20         162     1.2959    0.9841     1.2865      1.3503     0.9993
    3e-01       0.50         367     1.0581    0.9842     1.0435      1.0901     0.9993
