[perm-aware] 2142 unordered rows, 16 shells, key 12 decimals, permutation closure 99.8%, from table_permclosed_cut15360.npz
========================================================================================================
gamma = 1.0'  sigma = 8.0  N = 1000
  ||Sigma2|| percentiles vs median: p1=0.0473 p5=0.0939 p50=1  p95=190.938
  ||eps||: median=0.1039 p90=0.4123 p99=3.8376 max=59.35   (#non-PD nodes: 2)
  local FK from Q_nom with Sigma2 = 7.97476e-06   with B = 3.16762e-05   ratio 3.9721
  rank     k       lam   |S2|/med       cond    ||eps||   node err  share of excess
     0   682    1707.9    0.06080  2.800e+02  4.219e+01  1.223e+03           0.5361
     1   683    1709.8    0.09405  2.276e+02  1.698e+01  3.134e+02           0.1581
     2   472    1307.0    0.02452  6.153e+02  5.935e+01  1.117e+03           0.1475
     3   681    1706.0    0.29278  2.417e+02  8.599e+00  8.072e+01           0.0466
     4   680    1704.1    0.79279  2.328e+02  3.226e+00  1.603e+01           0.0099
     5   549    1454.0    0.18308  2.847e+02  4.857e+00  2.923e+01           0.0091
     6   618    1585.7    0.26384  2.433e+02  3.836e+00  2.239e+01           0.0084
     7   684    1711.7    0.38792  2.183e+02  2.598e+00  1.187e+01           0.0073
     8   550    1455.9    0.16987  2.796e+02  4.098e+00  2.278e+01           0.0071
     9   619    1587.6    0.25519  2.381e+02  3.154e+00  1.620e+01           0.0062
  top-1    nodes carry 0.5361 of the excess
  top-3    nodes carry 0.8416 of the excess
  top-10   nodes carry 0.9361 of the excess
  top-30   nodes carry 1.0058 of the excess
  top-100  nodes carry 1.0393 of the excess
========================================================================================================
gamma = 30.0'  sigma = 8.0  N = 1000
  ||Sigma2|| percentiles vs median: p1=0.0473 p5=0.0939 p50=1  p95=190.938
  ||eps||: median=0.1026 p90=0.4097 p99=3.8865 max=55.09   (#non-PD nodes: 2)
  local FK from Q_nom with Sigma2 = 4.21839e-07   with B = -9.65905e-08   ratio -0.2290
  rank     k       lam   |S2|/med       cond    ||eps||   node err  share of excess
     0   472    1307.0    0.02452  7.167e+00  5.509e+01  1.290e+03           1.0550
     1   682    1707.9    0.06080  3.847e+00  4.100e+01  1.264e+03           0.5300
     2   683    1709.8    0.09405  3.061e+00  1.803e+01  3.208e+02          -0.2493
     3   681    1706.0    0.29278  3.080e+00  8.417e+00  8.088e+01          -0.0702
     4   473    1308.9    0.03582        inf        inf  3.359e+03           0.0422
     5   549    1454.0    0.18308  3.487e+00  4.774e+00  2.938e+01          -0.0231
     6   618    1585.7    0.26384  3.126e+00  3.982e+00  2.259e+01          -0.0221
     7   680    1704.1    0.79279  3.046e+00  3.187e+00  1.603e+01          -0.0206
     8   684    1711.7    0.38792  2.893e+00  2.606e+00  1.195e+01          -0.0196
     9   550    1455.9    0.16987  3.441e+00  4.085e+00  2.293e+01          -0.0196
  top-1    nodes carry 1.0550 of the excess
  top-3    nodes carry 1.3357 of the excess
  top-10   nodes carry 1.2027 of the excess
  top-30   nodes carry 1.0410 of the excess
  top-100  nodes carry 0.9044 of the excess
