================================================================================
1.  THE LIMIT IS NOT AN EXTRAPOLATION.  Switch the regulator off on the
    SAME lattice the production run uses (N = 1000, gamma = 1').
================================================================================
    sigma= 16.00  rho= 8.88e-01  exact/ref_inj=0.9459367  exact/analytic=0.9455849
    sigma= 12.00  rho= 8.53e-01  exact/ref_inj=0.9596584  exact/analytic=0.9593014
    sigma=  8.00  rho= 7.88e-01  exact/ref_inj=0.9734418  exact/analytic=0.9730797
    sigma=  6.00  rho= 7.27e-01  exact/ref_inj=0.9803077  exact/analytic=0.9799431
    sigma=  4.00  rho= 6.20e-01  exact/ref_inj=0.9871642  exact/analytic=0.9867970
    sigma=  3.00  rho= 5.29e-01  exact/ref_inj=0.9906266  exact/analytic=0.9902581
    sigma=  2.00  rho= 3.85e-01  exact/ref_inj=0.9942786  exact/analytic=0.9939570
    sigma=  1.50  rho= 2.80e-01  exact/ref_inj=0.9960524  exact/analytic=0.9943299
    sigma=  1.00  rho= 1.48e-01  exact/ref_inj=0.9979906  exact/analytic=0.9962648
    sigma=  0.50  rho= 2.20e-02  exact/ref_inj=0.9996990  exact/analytic=0.9979701
    sigma=  0.25  rho= 4.83e-04  exact/ref_inj=0.9999933  exact/analytic=0.9982639

    DIRECT sigma->0 value (no model): exact/analytic = 0.998264
    published 2-point linear extrapolation from sigma = 8,4 : 1.000514
    method bias of the published recipe                     : +0.225%

================================================================================
2.  MONTE-CARLO / EXACT, four independent seed blocks (112 seeds x 24000)
================================================================================
    sigma= 8.0            A 20260827  n= 32  MC/exact = 1.0097 +/- 0.0035
    sigma= 4.0            A 20260827  n= 32  MC/exact = 1.0083 +/- 0.0048
    sigma= 8.0           B 314159001  n= 32  MC/exact = 0.9972 +/- 0.0043
    sigma= 4.0           B 314159001  n= 32  MC/exact = 0.9917 +/- 0.0067
    sigma= 8.0            C 20260828  n= 24  MC/exact = 0.9981 +/- 0.0055
    sigma= 4.0            C 20260828  n= 24  MC/exact = 1.0068 +/- 0.0081
    sigma= 8.0    D 777000111 (MINE)  n= 24  MC/exact = 1.0012 +/- 0.0064
    sigma= 4.0    D 777000111 (MINE)  n= 24  MC/exact = 1.0093 +/- 0.0095
    POOLED sigma= 8.0 n=112  MC/exact = 1.00183 +/- 0.00241   block chi2=6.48/3 -> inflate error x1.47  => +/- 0.00355
    POOLED sigma= 4.0 n=112  MC/exact = 1.00345 +/- 0.00358   block chi2=4.63/3 -> inflate error x1.24  => +/- 0.00445

    PAIRED test for a sigma-dependent MC bias between the two anchors:
      (MC/exact)|_4 - (MC/exact)|_8 = +0.00161 +/- 0.00204   (+0.79 sigma), n=112

================================================================================
3.  THE MC *DOES* DEVELOP A SYSTEMATIC AS THE REGULATOR IS REMOVED --
    but only BELOW the anchors.  (MC floors the non-PSD tabulated V;
    the exact evaluator does not.  Same Q, different field.)
================================================================================
      sigma      A neg-eig nodes    exact(MC's field)/exact(as evaluated)
Traceback (most recent call last):
  File "/Users/zzhang/Documents/MyDrafts/STF_lensing/driver_field_emulators/code/mc_fk_complete/review/adv_sigma/verdict.py", line 68, in <module>
    print(f"      {p[0][4:]:>6}   {p[8]:>10}                {p[13].split('=')[1]:>10}")
                                                             ~~~~~~~~~~~~~~~~^^^
IndexError: list index out of range
