 stock gam=  1.0 seed=12345     ffmom=+2.093089e-06 conn=+1.332351e-06 disc=+7.607378e-07 se=3.04e-07 chol_fallback=2 (4s)
 stock gam=  1.0 seed=20260828  ffmom=+9.519475e-07 conn=+9.533672e-07 disc=-1.419730e-09 se=2.98e-07 chol_fallback=2 (3s)
 stock gam=  1.0 seed=314159    ffmom=+1.530437e-06 conn=+9.823976e-07 disc=+5.480392e-07 se=3.03e-07 chol_fallback=2 (3s)
 stock gam=  1.0 seed=777001    ffmom=+1.816625e-06 conn=+1.161453e-06 disc=+6.551720e-07 se=3.00e-07 chol_fallback=2 (3s)
 stock gam=  1.0 seed=555       ffmom=+1.530670e-06 conn=+1.116261e-06 disc=+4.144086e-07 se=3.01e-07 chol_fallback=2 (3s)
 stock gam=  1.0 seed=90210     ffmom=+1.948313e-06 conn=+1.311942e-06 disc=+6.363716e-07 se=3.04e-07 chol_fallback=2 (3s)
 stock gam=  1.0 seed=424242    ffmom=+1.276938e-06 conn=+8.805136e-07 disc=+3.964239e-07 se=2.97e-07 chol_fallback=2 (3s)
 stock gam=  1.0 seed=1000003   ffmom=+2.080351e-06 conn=+1.217092e-06 disc=+8.632593e-07 se=2.99e-07 chol_fallback=2 (3s)
 stock gam= 10.0 seed=12345     ffmom=+1.367096e-06 conn=+5.029814e-07 disc=+8.641144e-07 se=1.97e-07 chol_fallback=2 (3s)
 stock gam= 10.0 seed=20260828  ffmom=+3.786129e-07 conn=+2.667282e-07 disc=+1.118847e-07 se=1.94e-07 chol_fallback=2 (3s)
 stock gam= 10.0 seed=314159    ffmom=+6.990205e-07 conn=+2.608988e-07 disc=+4.381217e-07 se=1.97e-07 chol_fallback=2 (3s)
 stock gam= 10.0 seed=777001    ffmom=+8.586041e-07 conn=+3.001110e-07 disc=+5.584931e-07 se=1.96e-07 chol_fallback=2 (3s)
 stock gam= 10.0 seed=555       ffmom=+7.951843e-07 conn=+3.436298e-07 disc=+4.515545e-07 se=1.96e-07 chol_fallback=2 (3s)
 stock gam= 10.0 seed=90210     ffmom=+1.064775e-06 conn=+3.904866e-07 disc=+6.742884e-07 se=1.97e-07 chol_fallback=2 (3s)
 stock gam= 10.0 seed=424242    ffmom=+6.473244e-07 conn=+2.656218e-07 disc=+3.817027e-07 se=1.97e-07 chol_fallback=2 (3s)
 stock gam= 10.0 seed=1000003   ffmom=+1.298134e-06 conn=+4.071706e-07 disc=+8.909629e-07 se=1.98e-07 chol_fallback=2 (3s)
    R1 gam=  1.0 seed=12345     ffmom=+2.097726e-06 conn=+1.328577e-06 disc=+7.691492e-07 se=3.04e-07 chol_fallback=0 (3s)
    R1 gam=  1.0 seed=20260828  ffmom=+9.726886e-07 conn=+9.616353e-07 disc=+1.105327e-08 se=2.97e-07 chol_fallback=0 (3s)
    R1 gam=  1.0 seed=314159    ffmom=+1.522665e-06 conn=+1.000460e-06 disc=+5.222046e-07 se=3.02e-07 chol_fallback=0 (3s)
    R1 gam=  1.0 seed=777001    ffmom=+1.804482e-06 conn=+1.134101e-06 disc=+6.703812e-07 se=2.98e-07 chol_fallback=0 (3s)
    R1 gam=  1.0 seed=555       ffmom=+1.565058e-06 conn=+1.141125e-06 disc=+4.239332e-07 se=3.01e-07 chol_fallback=0 (3s)
    R1 gam=  1.0 seed=90210     ffmom=+1.951991e-06 conn=+1.324867e-06 disc=+6.271236e-07 se=3.03e-07 chol_fallback=0 (3s)
    R1 gam=  1.0 seed=424242    ffmom=+1.319718e-06 conn=+9.056118e-07 disc=+4.141058e-07 se=2.96e-07 chol_fallback=0 (3s)
    R1 gam=  1.0 seed=1000003   ffmom=+2.119684e-06 conn=+1.241763e-06 disc=+8.779212e-07 se=2.97e-07 chol_fallback=0 (3s)
    R1 gam= 10.0 seed=12345     ffmom=+1.364633e-06 conn=+5.005124e-07 disc=+8.641208e-07 se=1.97e-07 chol_fallback=0 (3s)
    R1 gam= 10.0 seed=20260828  ffmom=+3.862940e-07 conn=+2.651272e-07 disc=+1.211668e-07 se=1.93e-07 chol_fallback=0 (3s)
    R1 gam= 10.0 seed=314159    ffmom=+7.031849e-07 conn=+2.837371e-07 disc=+4.194478e-07 se=1.96e-07 chol_fallback=0 (3s)
    R1 gam= 10.0 seed=777001    ffmom=+8.609141e-07 conn=+2.854219e-07 disc=+5.754922e-07 se=1.95e-07 chol_fallback=0 (3s)
    R1 gam= 10.0 seed=555       ffmom=+8.267071e-07 conn=+3.675737e-07 disc=+4.591334e-07 se=1.95e-07 chol_fallback=0 (3s)
    R1 gam= 10.0 seed=90210     ffmom=+1.087600e-06 conn=+4.100197e-07 disc=+6.775800e-07 se=1.97e-07 chol_fallback=0 (3s)
    R1 gam= 10.0 seed=424242    ffmom=+6.761572e-07 conn=+2.700704e-07 disc=+4.060868e-07 se=1.96e-07 chol_fallback=0 (3s)
    R1 gam= 10.0 seed=1000003   ffmom=+1.326785e-06 conn=+4.261069e-07 disc=+9.006781e-07 se=1.97e-07 chol_fallback=0 (3s)

=== FF channel, paired by seed (n_lambda=1000, n_real=48000) ===
gam=  1.0   ff_mom: stock +1.653546e-06 +/- 2.03e-07 | R1 +1.669251e-06 +/- 2.00e-07 | paired diff +1.5705e-08 +/- 1.08e-08  (+0.9498% of stock)
gam=  1.0  ff_conn: stock +1.119422e-06 +/- 8.39e-08 | R1 +1.129767e-06 +/- 8.14e-08 | paired diff +1.0345e-08 +/- 9.11e-09  (+0.9242% of stock)
gam=  1.0  ff_disc: stock +5.341241e-07 +/- 1.34e-07 | R1 +5.394840e-07 +/- 1.34e-07 | paired diff +5.3599e-09 +/- 7.56e-09  (+1.0035% of stock)
gam= 10.0   ff_mom: stock +8.885938e-07 +/- 1.68e-07 | R1 +9.040344e-07 +/- 1.68e-07 | paired diff +1.5441e-08 +/- 6.94e-09  (+1.7376% of stock)
gam= 10.0  ff_conn: stock +3.422035e-07 +/- 4.32e-08 | R1 +3.510712e-07 +/- 4.41e-08 | paired diff +8.8676e-09 +/- 7.20e-09  (+2.5913% of stock)
gam= 10.0  ff_disc: stock +5.463903e-07 +/- 1.30e-07 | R1 +5.529632e-07 +/- 1.29e-07 | paired diff +6.5729e-09 +/- 6.37e-09  (+1.2030% of stock)
