[t1] /opt/homebrew/Caskroom/miniconda/base/envs/PyCCL/bin/python -m canoes.sachs.sft_input.corr_op.build --pk examples/data/PCAMB_pyccl_stf_fid_z0.txt --omega-m 0.3160919980475834 --h 0.6711 --n-s 0.97 --ell-max 5000 --dense-threshold 500 --n-log-per-decade 16 --lambda-grid custom --lambda-grid-custom 550.0,587.5,625.0,662.5,700.0 --source-coord lambda_project_mpc --chi-min 50.0 --n-chi-per-pair 256 --accuracy default --ell-hi-threshold 800 --output /Users/zzhang/Documents/MyDrafts/STF_lensing/driver_field_emulators/code/mc_fk_complete/psd_fix/dense/corr_op_dense_cellC5.npz
======================================================================
Building C-propagator table  (smoke=False, ell_max=5000)
======================================================================
  ell_grid (build):    size=515 [2..5000]
  ell_assembly_grid:   size=4999 [2..5000]
  lambda_grid:         size=5 [550..700] Mpc (lambda_project_mpc)
  chi_min:             50.0  n_chi_per_pair:        256  accuracy:              default
  ell_hi_threshold:    800  (ell > this -> analytical Limber; ell <= this -> t-form)
  N_pairs = 25  (chi-measure Sachs prefactor folded in at build time)
  Build complete: 317.4s (5.3 min)
  Saving to: /Users/zzhang/Documents/MyDrafts/STF_lensing/driver_field_emulators/code/mc_fk_complete/psd_fix/dense/corr_op_dense_cellC5.npz
======================================================================
Verifying npz round-trip + C_fn closure
======================================================================
  Loading: /Users/zzhang/Documents/MyDrafts/STF_lensing/driver_field_emulators/code/mc_fk_complete/psd_fix/dense/corr_op_dense_cellC5.npz
    small-γ  t=(  550,  550): TT=9.029e-12  RePsi0=4.332e-12  ImPsi0=4.229e-12
    small-γ  t=(  625,  700): TT=9.280e-12  RePsi0=4.673e-12  ImPsi0=4.557e-12
    small-γ  t=(  700,  700): TT=1.404e-11  RePsi0=6.837e-12  ImPsi0=6.639e-12
    γ=π/2    t=(  550,  550): TT=-2.797e-15  RePsi0=2.541e-15  ImPsi0=-2.722e-15
    γ=π/2    t=(  625,  700): TT=-1.900e-15  RePsi0=2.122e-15  ImPsi0=-2.265e-15
    γ=π/2    t=(  700,  700): TT=-2.321e-15  RePsi0=2.036e-15  ImPsi0=-2.166e-15
  Verified 6/6 (n1, n2, t1, t2) cells.
======================================================================
Done.  Deploy with::
    export SFT_WICK_CORR_OP_TABLE_NPZ=/Users/zzhang/Documents/MyDrafts/STF_lensing/driver_field_emulators/code/mc_fk_complete/psd_fix/dense/corr_op_dense_cellC5.npz
    # then import C_fn from canoes.sachs.sft_input.corr_op
======================================================================
[t1] tag=cellC5 rc=0 wall=318.8s
