====================================================================================================
gamma = 1', sigma_lambda = 8.0, n_real = 24000, batch = 2000, N = 1000
exact expectation = 1.5547050e-05   paper analytic fold = 1.5977160e-05
====================================================================================================
         block    n  MC/analytic   seedSEM  MC/exact          sd     batchSE  sd/bSE   skew    exk   SW p
    A 20260827   32       0.9826    0.0034    1.0097  3.0527e-07                       0.17  -0.59  0.539
   B 314159001   32       0.9703    0.0042    0.9972  3.7730e-07                      -0.56   0.50  0.329
    C 20260828   24       0.9713    0.0053    0.9981  4.1714e-07                      -0.63   0.34  0.269
     D 8675309   32       0.9684    0.0054    0.9951  4.8595e-07  4.2092e-07   1.129  -0.20  -0.32  0.676
   E 271828183   32       0.9791    0.0042    1.0062  3.8385e-07  4.3328e-07   0.866  -0.05  -0.75  0.904
   F 161803399   32       0.9773    0.0049    1.0043  4.3998e-07  4.6262e-07   0.930   0.11   1.63  0.068

  BETWEEN-BLOCK: chi2 = 9.04/5 dof  p = 0.1077   inflation sqrt(chi2/dof) = 1.34
  one-way ANOVA  F = 1.552  p = 0.1759   Bartlett p = 0.1969  Levene p = 0.4066
  POOLED n = 184: MC = 1.557738e-05 +/- 3.008e-08
     MC/exact    = 1.0020 +/- 0.0019
     MC/analytic = 0.9750 +/- 0.0019
  block-mean scatter estimate of the same error: 0.0023  (ratio to pooled SEM 1.22)
  pooled residual (n=184): skew -0.196  exkurt +0.489  SW p 0.3626  JB p 0.2210
  bootstrap sd / seed SEM = 0.9977
====================================================================================================
gamma = 1', sigma_lambda = 4.0, n_real = 24000, batch = 2000, N = 1000
exact expectation = 1.5766214e-05   paper analytic fold = 1.5977160e-05
====================================================================================================
         block    n  MC/analytic   seedSEM  MC/exact          sd     batchSE  sd/bSE   skew    exk   SW p
    A 20260827   32       0.9950    0.0048    1.0083  4.3130e-07                      -0.13   0.19  0.313
   B 314159001   32       0.9786    0.0066    0.9917  5.9535e-07                      -0.61  -0.35  0.150
    C 20260828   24       0.9936    0.0080    1.0068  6.2815e-07                      -0.20  -0.11  0.974
     D 8675309   32       0.9754    0.0076    0.9884  6.8409e-07  6.4667e-07   1.034  -0.12  -0.51  0.757
   E 271828183   32       0.9977    0.0059    1.0111  5.2908e-07  6.8794e-07   0.752   0.32  -0.20  0.939
   F 161803399   32       0.9962    0.0073    1.0095  6.5722e-07  7.0904e-07   0.906   1.05   3.80  0.003

  BETWEEN-BLOCK: chi2 = 10.40/5 dof  p = 0.0646   inflation sqrt(chi2/dof) = 1.44
  one-way ANOVA  F = 2.200  p = 0.0563   Bartlett p = 0.1542  Levene p = 0.2073
  POOLED n = 184: MC = 1.580477e-05 +/- 4.436e-08
     MC/exact    = 1.0024 +/- 0.0028
     MC/analytic = 0.9892 +/- 0.0028
  block-mean scatter estimate of the same error: 0.0040  (ratio to pooled SEM 1.44)
  pooled residual (n=184): skew +0.111  exkurt +0.984  SW p 0.1065  JB p 0.0202
  bootstrap sd / seed SEM = 0.9957

====================================================================================================
PAIRED sigma_lambda -> 0 EXTRAPOLATION  ext = (2*MC(4) - MC(8)) / analytic
====================================================================================================
         block    n   ext mean      sem       sd
    A 20260827   32     1.0073   0.0071   0.0401
   B 314159001   32     0.9868   0.0101   0.0569
    C 20260828   24     1.0158   0.0119   0.0585
     D 8675309   32     0.9824   0.0104   0.0587
   E 271828183   32     1.0163   0.0086   0.0484
   F 161803399   32     1.0151   0.0106   0.0601

  between-block chi2 = 11.57/5  p = 0.0411  inflation 1.52
  POOLED n=184:  MC/analytic (sigma->0) = 1.0034 +/- 0.0041
  inflated by sqrt(chi2/dof):                     1.0034 +/- 0.0062
  AUTHOR'S QUOTED VALUE (88 seeds, blocks A+B+C): 1.0022 +/- 0.0056
  reproduced here from A+B+C only (n=88): 1.0022 +/- 0.0056
  MY independent blocks only (n=96):    1.0046 +/- 0.0059
  author's blocks vs mine: difference -0.0024 +/- 0.0081  (-0.29 sigma)
