[ff-ext] cache has markers at [0.5 0.8 1.3 2.  3.2 5. ]
  gamma=     6.7  FF_mc=+1.089e-06 +/-2.1e-07
  gamma=    17.3  FF_mc=+8.073e-07 +/-1.8e-07
  gamma=    44.4  FF_mc=+6.529e-07 +/-1.6e-07
  gamma=   114.3  FF_mc=+6.086e-07 +/-1.5e-07
  gamma=   293.9  FF_mc=+6.038e-07 +/-1.5e-07
  gamma=   372.2  FF_mc=+6.040e-07 +/-1.5e-07
  gamma=   471.3  FF_mc=+6.043e-07 +/-1.5e-07
  gamma=   596.9  FF_mc=+6.044e-07 +/-1.5e-07
  gamma=   755.9  FF_mc=+6.045e-07 +/-1.5e-07
  gamma=   957.2  FF_mc=+6.044e-07 +/-1.5e-07
  gamma=  1212.2  FF_mc=+6.043e-07 +/-1.5e-07
  gamma=  1535.2  FF_mc=+6.045e-07 +/-1.5e-07
  gamma=  1944.1  FF_mc=+6.043e-07 +/-1.5e-07
[ff-ext] cache -> /Users/zzhang/Documents/MyDrafts/STF_lensing/SFT-lensing-paper-analyses/sachs_sft/analyses/mc_sachs_2pt/outputs/appendix_mc_curve.npz
Traceback (most recent call last):
  File "/Users/zzhang/Documents/MyDrafts/STF_lensing/driver_field_emulators/code/figures_corrected/extend_ff_markers.py", line 93, in <module>
    raise SystemExit(main())
                     ^^^^^^
  File "/Users/zzhang/Documents/MyDrafts/STF_lensing/driver_field_emulators/code/figures_corrected/extend_ff_markers.py", line 86, in main
    spec.loader.exec_module(fig)
  File "<frozen importlib._bootstrap_external>", line 940, in exec_module
  File "<frozen importlib._bootstrap>", line 241, in _call_with_frames_removed
  File "/Users/zzhang/Documents/MyDrafts/STF_lensing/SFT-lensing-paper-analyses/sachs_sft/analyses/mc_sachs_2pt/fig_xi_channels.py", line 78, in <module>
    import driver_stats as ds
ModuleNotFoundError: No module named 'driver_stats'
