[probe] 72 runs = 3 gammas x 24 fresh seeds, n_real=24000, n_lambda=1000, sigma=8.0, 6 workers
  [  1/72] gamma=  293.90 seed=  9 fk=-7.2193e-07 (batch se 2.5e-06)  17s
  [  2/72] gamma=  293.90 seed= 10 fk=+2.0049e-06 (batch se 2.3e-06)  17s
  [  3/72] gamma=  293.90 seed= 11 fk=-1.8256e-06 (batch se 3.2e-06)  17s
  [  4/72] gamma=  293.90 seed= 12 fk=+1.3692e-07 (batch se 2.8e-06)  17s
  [  5/72] gamma=  293.90 seed= 13 fk=+1.3940e-06 (batch se 2.2e-06)  17s
  [  6/72] gamma=  293.90 seed= 14 fk=+2.4212e-07 (batch se 2.8e-06)  18s
  [  7/72] gamma=  293.90 seed= 15 fk=+9.2826e-07 (batch se 2.5e-06)  17s
  [  8/72] gamma=  293.90 seed= 16 fk=-2.5930e-06 (batch se 2.5e-06)  17s
  [  9/72] gamma=  293.90 seed= 17 fk=-1.8450e-06 (batch se 1.9e-06)  17s
  [ 10/72] gamma=  293.90 seed= 18 fk=-5.6244e-07 (batch se 2.3e-06)  17s
  [ 11/72] gamma=  293.90 seed= 19 fk=+4.2940e-07 (batch se 2.5e-06)  17s
  [ 12/72] gamma=  293.90 seed= 20 fk=+7.8950e-07 (batch se 2.4e-06)  17s
  [ 13/72] gamma=  293.90 seed= 21 fk=+4.5831e-08 (batch se 2.7e-06)  17s
  [ 14/72] gamma=  293.90 seed= 22 fk=+4.9841e-07 (batch se 1.1e-06)  17s
  [ 15/72] gamma=  293.90 seed= 23 fk=-5.1556e-06 (batch se 1.7e-06)  17s
  [ 16/72] gamma=  293.90 seed= 24 fk=+4.0523e-07 (batch se 2.3e-06)  17s
  [ 17/72] gamma=  293.90 seed= 25 fk=+3.0654e-06 (batch se 2.9e-06)  17s
  [ 18/72] gamma=  293.90 seed= 26 fk=-2.8094e-06 (batch se 1.8e-06)  17s
  [ 19/72] gamma=  293.90 seed= 27 fk=+8.5268e-07 (batch se 3.4e-06)  17s
  [ 20/72] gamma=  293.90 seed= 28 fk=-4.8597e-06 (batch se 1.4e-06)  17s
  [ 21/72] gamma=  293.90 seed= 29 fk=-3.5289e-07 (batch se 1.7e-06)  17s
  [ 22/72] gamma=  293.90 seed= 30 fk=+8.0724e-07 (batch se 1.8e-06)  17s
  [ 23/72] gamma=  293.90 seed= 31 fk=-1.8569e-06 (batch se 2.1e-06)  17s
  [ 24/72] gamma=  293.90 seed= 32 fk=-1.9861e-06 (batch se 2.3e-06)  17s
  [ 25/72] gamma=  957.20 seed=  9 fk=-1.2525e-06 (batch se 2.3e-06)  17s
  [ 26/72] gamma=  957.20 seed= 10 fk=+1.5385e-06 (batch se 2.3e-06)  17s
  [ 27/72] gamma=  957.20 seed= 11 fk=-2.1031e-06 (batch se 3.1e-06)  17s
  [ 28/72] gamma=  957.20 seed= 12 fk=-1.2446e-09 (batch se 2.8e-06)  17s
  [ 29/72] gamma=  957.20 seed= 13 fk=+1.1083e-06 (batch se 2.0e-06)  17s
  [ 30/72] gamma=  957.20 seed= 14 fk=-2.5377e-07 (batch se 2.7e-06)  17s
  [ 31/72] gamma=  957.20 seed= 15 fk=+8.2755e-07 (batch se 2.5e-06)  17s
  [ 32/72] gamma=  957.20 seed= 16 fk=-2.5085e-06 (batch se 2.5e-06)  17s
  [ 33/72] gamma=  957.20 seed= 17 fk=-2.2033e-06 (batch se 2.0e-06)  17s
  [ 34/72] gamma=  957.20 seed= 18 fk=-7.1636e-07 (batch se 2.3e-06)  17s
  [ 35/72] gamma=  957.20 seed= 19 fk=+1.7640e-07 (batch se 2.5e-06)  17s
  [ 36/72] gamma=  957.20 seed= 20 fk=+9.1697e-07 (batch se 2.4e-06)  17s
  [ 37/72] gamma=  957.20 seed= 21 fk=-3.8487e-07 (batch se 2.6e-06)  17s
  [ 38/72] gamma=  957.20 seed= 22 fk=+1.6874e-07 (batch se 1.1e-06)  17s
  [ 39/72] gamma=  957.20 seed= 23 fk=-5.4175e-06 (batch se 1.7e-06)  17s
  [ 40/72] gamma=  957.20 seed= 24 fk=+2.3063e-07 (batch se 2.2e-06)  17s
  [ 41/72] gamma=  957.20 seed= 25 fk=+2.5844e-06 (batch se 2.9e-06)  17s
  [ 42/72] gamma=  957.20 seed= 26 fk=-2.6324e-06 (batch se 1.8e-06)  17s
  [ 43/72] gamma=  957.20 seed= 27 fk=+4.9241e-07 (batch se 3.3e-06)  17s
  [ 44/72] gamma=  957.20 seed= 28 fk=-4.8504e-06 (batch se 1.3e-06)  17s
  [ 45/72] gamma=  957.20 seed= 29 fk=-4.6254e-07 (batch se 1.7e-06)  17s
  [ 46/72] gamma=  957.20 seed= 30 fk=+4.7401e-07 (batch se 1.6e-06)  17s
  [ 47/72] gamma=  957.20 seed= 31 fk=-1.9528e-06 (batch se 2.1e-06)  17s
  [ 48/72] gamma=  957.20 seed= 32 fk=-2.0824e-06 (batch se 2.2e-06)  17s
  [ 49/72] gamma= 1944.10 seed=  9 fk=-1.2487e-06 (batch se 2.3e-06)  17s
  [ 50/72] gamma= 1944.10 seed= 10 fk=+1.5751e-06 (batch se 2.2e-06)  17s
  [ 51/72] gamma= 1944.10 seed= 11 fk=-2.0558e-06 (batch se 3.1e-06)  17s
  [ 52/72] gamma= 1944.10 seed= 12 fk=+3.5181e-08 (batch se 2.8e-06)  17s
  [ 53/72] gamma= 1944.10 seed= 13 fk=+1.1349e-06 (batch se 2.0e-06)  17s
  [ 54/72] gamma= 1944.10 seed= 14 fk=-2.1530e-07 (batch se 2.7e-06)  17s
  [ 55/72] gamma= 1944.10 seed= 15 fk=+8.9722e-07 (batch se 2.5e-06)  17s
  [ 56/72] gamma= 1944.10 seed= 16 fk=-2.4488e-06 (batch se 2.5e-06)  17s
  [ 57/72] gamma= 1944.10 seed= 17 fk=-2.1997e-06 (batch se 2.0e-06)  17s
  [ 58/72] gamma= 1944.10 seed= 18 fk=-6.9133e-07 (batch se 2.3e-06)  17s
  [ 59/72] gamma= 1944.10 seed= 19 fk=+2.2167e-07 (batch se 2.5e-06)  17s
  [ 60/72] gamma= 1944.10 seed= 20 fk=+9.7830e-07 (batch se 2.4e-06)  17s
  [ 61/72] gamma= 1944.10 seed= 21 fk=-3.8338e-07 (batch se 2.6e-06)  17s
  [ 62/72] gamma= 1944.10 seed= 22 fk=+1.6229e-07 (batch se 1.1e-06)  17s
  [ 63/72] gamma= 1944.10 seed= 23 fk=-5.3831e-06 (batch se 1.7e-06)  17s
  [ 64/72] gamma= 1944.10 seed= 24 fk=+2.7804e-07 (batch se 2.2e-06)  17s
  [ 65/72] gamma= 1944.10 seed= 25 fk=+2.5739e-06 (batch se 2.9e-06)  17s
  [ 66/72] gamma= 1944.10 seed= 26 fk=-2.5747e-06 (batch se 1.8e-06)  17s
  [ 67/72] gamma= 1944.10 seed= 27 fk=+5.0726e-07 (batch se 3.3e-06)  17s
  [ 68/72] gamma= 1944.10 seed= 28 fk=-4.8042e-06 (batch se 1.3e-06)  17s
  [ 69/72] gamma= 1944.10 seed= 29 fk=-3.9231e-07 (batch se 1.7e-06)  17s
  [ 70/72] gamma= 1944.10 seed= 30 fk=+4.9657e-07 (batch se 1.6e-06)  17s
  [ 71/72] gamma= 1944.10 seed= 31 fk=-1.9183e-06 (batch se 2.1e-06)  17s
  [ 72/72] gamma= 1944.10 seed= 32 fk=-2.0874e-06 (batch se 2.2e-06)  17s
[perm-aware] 2142 unordered rows, 16 shells, key 12 decimals, permutation closure 99.8%, from table_permclosed_cut15360.npz
[perm-aware] 2142 unordered rows, 16 shells, key 12 decimals, permutation closure 99.8%, from table_permclosed_cut15360.npz
[perm-aware] 2142 unordered rows, 16 shells, key 12 decimals, permutation closure 99.8%, from table_permclosed_cut15360.npz
[perm-aware] 2142 unordered rows, 16 shells, key 12 decimals, permutation closure 99.8%, from table_permclosed_cut15360.npz
[perm-aware] 2142 unordered rows, 16 shells, key 12 decimals, permutation closure 99.8%, from table_permclosed_cut15360.npz
[perm-aware] 2142 unordered rows, 16 shells, key 12 decimals, permutation closure 99.8%, from table_permclosed_cut15360.npz
[perm-aware] 2142 unordered rows, 16 shells, key 12 decimals, permutation closure 99.8%, from table_permclosed_cut15360.npz
[perm-aware] 2142 unordered rows, 16 shells, key 12 decimals, permutation closure 99.8%, from table_permclosed_cut15360.npz
[perm-aware] 2142 unordered rows, 16 shells, key 12 decimals, permutation closure 99.8%, from table_permclosed_cut15360.npz
[perm-aware] 2142 unordered rows, 16 shells, key 12 decimals, permutation closure 99.8%, from table_permclosed_cut15360.npz
[perm-aware] 2142 unordered rows, 16 shells, key 12 decimals, permutation closure 99.8%, from table_permclosed_cut15360.npz
[perm-aware] 2142 unordered rows, 16 shells, key 12 decimals, permutation closure 99.8%, from table_permclosed_cut15360.npz
[perm-aware] 2142 unordered rows, 16 shells, key 12 decimals, permutation closure 99.8%, from table_permclosed_cut15360.npz
[perm-aware] 2142 unordered rows, 16 shells, key 12 decimals, permutation closure 99.8%, from table_permclosed_cut15360.npz
[perm-aware] 2142 unordered rows, 16 shells, key 12 decimals, permutation closure 99.8%, from table_permclosed_cut15360.npz
[perm-aware] 2142 unordered rows, 16 shells, key 12 decimals, permutation closure 99.8%, from table_permclosed_cut15360.npz
[perm-aware] 2142 unordered rows, 16 shells, key 12 decimals, permutation closure 99.8%, from table_permclosed_cut15360.npz
[perm-aware] 2142 unordered rows, 16 shells, key 12 decimals, permutation closure 99.8%, from table_permclosed_cut15360.npz
[perm-aware] 2142 unordered rows, 16 shells, key 12 decimals, permutation closure 99.8%, from table_permclosed_cut15360.npz
[perm-aware] 2142 unordered rows, 16 shells, key 12 decimals, permutation closure 99.8%, from table_permclosed_cut15360.npz
[perm-aware] 2142 unordered rows, 16 shells, key 12 decimals, permutation closure 99.8%, from table_permclosed_cut15360.npz
[perm-aware] 2142 unordered rows, 16 shells, key 12 decimals, permutation closure 99.8%, from table_permclosed_cut15360.npz
[perm-aware] 2142 unordered rows, 16 shells, key 12 decimals, permutation closure 99.8%, from table_permclosed_cut15360.npz
[perm-aware] 2142 unordered rows, 16 shells, key 12 decimals, permutation closure 99.8%, from table_permclosed_cut15360.npz
[perm-aware] 2142 unordered rows, 16 shells, key 12 decimals, permutation closure 99.8%, from table_permclosed_cut15360.npz
[perm-aware] 2142 unordered rows, 16 shells, key 12 decimals, permutation closure 99.8%, from table_permclosed_cut15360.npz
[perm-aware] 2142 unordered rows, 16 shells, key 12 decimals, permutation closure 99.8%, from table_permclosed_cut15360.npz
[perm-aware] 2142 unordered rows, 16 shells, key 12 decimals, permutation closure 99.8%, from table_permclosed_cut15360.npz
[perm-aware] 2142 unordered rows, 16 shells, key 12 decimals, permutation closure 99.8%, from table_permclosed_cut15360.npz
[perm-aware] 2142 unordered rows, 16 shells, key 12 decimals, permutation closure 99.8%, from table_permclosed_cut15360.npz
[perm-aware] 2142 unordered rows, 16 shells, key 12 decimals, permutation closure 99.8%, from table_permclosed_cut15360.npz
[perm-aware] 2142 unordered rows, 16 shells, key 12 decimals, permutation closure 99.8%, from table_permclosed_cut15360.npz
[perm-aware] 2142 unordered rows, 16 shells, key 12 decimals, permutation closure 99.8%, from table_permclosed_cut15360.npz
[perm-aware] 2142 unordered rows, 16 shells, key 12 decimals, permutation closure 99.8%, from table_permclosed_cut15360.npz
[perm-aware] 2142 unordered rows, 16 shells, key 12 decimals, permutation closure 99.8%, from table_permclosed_cut15360.npz
[perm-aware] 2142 unordered rows, 16 shells, key 12 decimals, permutation closure 99.8%, from table_permclosed_cut15360.npz
[perm-aware] 2142 unordered rows, 16 shells, key 12 decimals, permutation closure 99.8%, from table_permclosed_cut15360.npz
[perm-aware] 2142 unordered rows, 16 shells, key 12 decimals, permutation closure 99.8%, from table_permclosed_cut15360.npz
[perm-aware] 2142 unordered rows, 16 shells, key 12 decimals, permutation closure 99.8%, from table_permclosed_cut15360.npz
[perm-aware] 2142 unordered rows, 16 shells, key 12 decimals, permutation closure 99.8%, from table_permclosed_cut15360.npz
[perm-aware] 2142 unordered rows, 16 shells, key 12 decimals, permutation closure 99.8%, from table_permclosed_cut15360.npz
[perm-aware] 2142 unordered rows, 16 shells, key 12 decimals, permutation closure 99.8%, from table_permclosed_cut15360.npz
[perm-aware] 2142 unordered rows, 16 shells, key 12 decimals, permutation closure 99.8%, from table_permclosed_cut15360.npz
[perm-aware] 2142 unordered rows, 16 shells, key 12 decimals, permutation closure 99.8%, from table_permclosed_cut15360.npz
[perm-aware] 2142 unordered rows, 16 shells, key 12 decimals, permutation closure 99.8%, from table_permclosed_cut15360.npz
[perm-aware] 2142 unordered rows, 16 shells, key 12 decimals, permutation closure 99.8%, from table_permclosed_cut15360.npz
[perm-aware] 2142 unordered rows, 16 shells, key 12 decimals, permutation closure 99.8%, from table_permclosed_cut15360.npz
[perm-aware] 2142 unordered rows, 16 shells, key 12 decimals, permutation closure 99.8%, from table_permclosed_cut15360.npz
[perm-aware] 2142 unordered rows, 16 shells, key 12 decimals, permutation closure 99.8%, from table_permclosed_cut15360.npz
[perm-aware] 2142 unordered rows, 16 shells, key 12 decimals, permutation closure 99.8%, from table_permclosed_cut15360.npz
[perm-aware] 2142 unordered rows, 16 shells, key 12 decimals, permutation closure 99.8%, from table_permclosed_cut15360.npz
[perm-aware] 2142 unordered rows, 16 shells, key 12 decimals, permutation closure 99.8%, from table_permclosed_cut15360.npz
[perm-aware] 2142 unordered rows, 16 shells, key 12 decimals, permutation closure 99.8%, from table_permclosed_cut15360.npz
[perm-aware] 2142 unordered rows, 16 shells, key 12 decimals, permutation closure 99.8%, from table_permclosed_cut15360.npz
[perm-aware] 2142 unordered rows, 16 shells, key 12 decimals, permutation closure 99.8%, from table_permclosed_cut15360.npz
[perm-aware] 2142 unordered rows, 16 shells, key 12 decimals, permutation closure 99.8%, from table_permclosed_cut15360.npz
[perm-aware] 2142 unordered rows, 16 shells, key 12 decimals, permutation closure 99.8%, from table_permclosed_cut15360.npz
[perm-aware] 2142 unordered rows, 16 shells, key 12 decimals, permutation closure 99.8%, from table_permclosed_cut15360.npz
[perm-aware] 2142 unordered rows, 16 shells, key 12 decimals, permutation closure 99.8%, from table_permclosed_cut15360.npz
[perm-aware] 2142 unordered rows, 16 shells, key 12 decimals, permutation closure 99.8%, from table_permclosed_cut15360.npz
[perm-aware] 2142 unordered rows, 16 shells, key 12 decimals, permutation closure 99.8%, from table_permclosed_cut15360.npz
[perm-aware] 2142 unordered rows, 16 shells, key 12 decimals, permutation closure 99.8%, from table_permclosed_cut15360.npz
[perm-aware] 2142 unordered rows, 16 shells, key 12 decimals, permutation closure 99.8%, from table_permclosed_cut15360.npz
[perm-aware] 2142 unordered rows, 16 shells, key 12 decimals, permutation closure 99.8%, from table_permclosed_cut15360.npz
[perm-aware] 2142 unordered rows, 16 shells, key 12 decimals, permutation closure 99.8%, from table_permclosed_cut15360.npz
[perm-aware] 2142 unordered rows, 16 shells, key 12 decimals, permutation closure 99.8%, from table_permclosed_cut15360.npz
[perm-aware] 2142 unordered rows, 16 shells, key 12 decimals, permutation closure 99.8%, from table_permclosed_cut15360.npz
[perm-aware] 2142 unordered rows, 16 shells, key 12 decimals, permutation closure 99.8%, from table_permclosed_cut15360.npz
[perm-aware] 2142 unordered rows, 16 shells, key 12 decimals, permutation closure 99.8%, from table_permclosed_cut15360.npz
[perm-aware] 2142 unordered rows, 16 shells, key 12 decimals, permutation closure 99.8%, from table_permclosed_cut15360.npz
[perm-aware] 2142 unordered rows, 16 shells, key 12 decimals, permutation closure 99.8%, from table_permclosed_cut15360.npz
[perm-aware] 2142 unordered rows, 16 shells, key 12 decimals, permutation closure 99.8%, from table_permclosed_cut15360.npz
[probe] done in 3.4 min

gamma      n   mean          sem          spread(1sig)   mean/sem
   293.9  24  -5.4036e-07  4.078e-07  1.998e-06   -1.33
   957.2  24  -7.6266e-07  3.911e-07  1.916e-06   -1.95
  1944.1  24  -7.3095e-07  3.905e-07  1.913e-06   -1.87

[probe] -> ../../products/mc_plateau_seeds.npz
