########## sigma_lambda = 4 ##########
[probe] 60 runs = 5 gammas x 12 fresh seeds, n_real=24000, n_lambda=1000, sigma=4.0, 6 workers
  [  1/60] gamma=    2.60 seed=  9 fk=+4.8244e-06 (batch se 1.8e-06)  17s
  [  2/60] gamma=    2.60 seed= 10 fk=+3.0178e-06 (batch se 1.7e-06)  17s
  [  3/60] gamma=    2.60 seed= 11 fk=+4.6686e-06 (batch se 1.2e-06)  17s
  [  4/60] gamma=    2.60 seed= 12 fk=+2.6636e-06 (batch se 1.4e-06)  17s
  [  5/60] gamma=    2.60 seed= 13 fk=+5.1233e-06 (batch se 2.7e-06)  17s
  [  6/60] gamma=    2.60 seed= 14 fk=+2.5745e-06 (batch se 1.7e-06)  17s
  [  7/60] gamma=    2.60 seed= 15 fk=+3.8464e-06 (batch se 2.3e-06)  17s
  [  8/60] gamma=    2.60 seed= 16 fk=+2.3986e-06 (batch se 3.2e-06)  17s
  [  9/60] gamma=    2.60 seed= 17 fk=+4.7933e-06 (batch se 2.2e-06)  17s
  [ 10/60] gamma=    2.60 seed= 18 fk=+8.6682e-07 (batch se 1.9e-06)  17s
  [ 11/60] gamma=    2.60 seed= 19 fk=+3.5624e-06 (batch se 2.2e-06)  17s
  [ 12/60] gamma=    2.60 seed= 20 fk=+2.0490e-06 (batch se 1.7e-06)  17s
  [ 13/60] gamma=    6.70 seed=  9 fk=+2.5829e-06 (batch se 1.7e-06)  17s
  [ 14/60] gamma=    6.70 seed= 10 fk=+1.4884e-07 (batch se 1.8e-06)  17s
  [ 15/60] gamma=    6.70 seed= 11 fk=+2.3675e-06 (batch se 1.9e-06)  17s
  [ 16/60] gamma=    6.70 seed= 12 fk=-2.4020e-06 (batch se 1.5e-06)  17s
  [ 17/60] gamma=    6.70 seed= 13 fk=+3.5756e-06 (batch se 2.7e-06)  17s
  [ 18/60] gamma=    6.70 seed= 14 fk=-1.1666e-07 (batch se 1.4e-06)  17s
  [ 19/60] gamma=    6.70 seed= 15 fk=+7.4648e-07 (batch se 2.4e-06)  17s
  [ 20/60] gamma=    6.70 seed= 16 fk=+1.1157e-07 (batch se 2.8e-06)  17s
  [ 21/60] gamma=    6.70 seed= 17 fk=+1.6564e-06 (batch se 1.9e-06)  17s
  [ 22/60] gamma=    6.70 seed= 18 fk=+1.1637e-06 (batch se 1.6e-06)  17s
  [ 23/60] gamma=    6.70 seed= 19 fk=-5.6850e-07 (batch se 2.1e-06)  17s
  [ 24/60] gamma=    6.70 seed= 20 fk=+3.9582e-07 (batch se 2.0e-06)  17s
  [ 25/60] gamma=   17.30 seed=  9 fk=+5.6272e-07 (batch se 1.9e-06)  17s
  [ 26/60] gamma=   17.30 seed= 10 fk=-7.8578e-07 (batch se 2.1e-06)  17s
  [ 27/60] gamma=   17.30 seed= 11 fk=-3.2304e-07 (batch se 2.3e-06)  17s
  [ 28/60] gamma=   17.30 seed= 12 fk=-3.0288e-06 (batch se 2.0e-06)  17s
  [ 29/60] gamma=   17.30 seed= 13 fk=+2.9423e-06 (batch se 2.9e-06)  17s
  [ 30/60] gamma=   17.30 seed= 14 fk=-2.3404e-06 (batch se 1.2e-06)  17s
  [ 31/60] gamma=   17.30 seed= 15 fk=+7.8637e-08 (batch se 1.9e-06)  17s
  [ 32/60] gamma=   17.30 seed= 16 fk=-7.3185e-07 (batch se 2.5e-06)  17s
  [ 33/60] gamma=   17.30 seed= 17 fk=+6.8513e-07 (batch se 1.8e-06)  17s
  [ 34/60] gamma=   17.30 seed= 18 fk=+1.0952e-06 (batch se 1.8e-06)  17s
  [ 35/60] gamma=   17.30 seed= 19 fk=-1.1393e-06 (batch se 2.1e-06)  17s
  [ 36/60] gamma=   17.30 seed= 20 fk=+1.2995e-07 (batch se 1.8e-06)  17s
  [ 37/60] gamma=   44.40 seed=  9 fk=-1.0710e-07 (batch se 1.9e-06)  17s
  [ 38/60] gamma=   44.40 seed= 10 fk=-9.7535e-07 (batch se 1.9e-06)  17s
  [ 39/60] gamma=   44.40 seed= 11 fk=-1.1332e-06 (batch se 1.9e-06)  17s
  [ 40/60] gamma=   44.40 seed= 12 fk=-2.0111e-06 (batch se 2.0e-06)  17s
  [ 41/60] gamma=   44.40 seed= 13 fk=+2.2579e-06 (batch se 2.4e-06)  17s
  [ 42/60] gamma=   44.40 seed= 14 fk=-2.2514e-06 (batch se 1.1e-06)  17s
  [ 43/60] gamma=   44.40 seed= 15 fk=+9.8387e-07 (batch se 1.7e-06)  17s
  [ 44/60] gamma=   44.40 seed= 16 fk=-1.0018e-06 (batch se 2.1e-06)  17s
  [ 45/60] gamma=   44.40 seed= 17 fk=+4.9343e-07 (batch se 1.5e-06)  17s
  [ 46/60] gamma=   44.40 seed= 18 fk=+1.0077e-06 (batch se 1.6e-06)  17s
  [ 47/60] gamma=   44.40 seed= 19 fk=-3.4140e-07 (batch se 1.8e-06)  17s
  [ 48/60] gamma=   44.40 seed= 20 fk=+3.5448e-07 (batch se 1.5e-06)  17s
  [ 49/60] gamma=  114.30 seed=  9 fk=-1.0640e-07 (batch se 1.8e-06)  17s
  [ 50/60] gamma=  114.30 seed= 10 fk=-9.6407e-07 (batch se 1.7e-06)  17s
  [ 51/60] gamma=  114.30 seed= 11 fk=-1.0659e-06 (batch se 1.5e-06)  17s
  [ 52/60] gamma=  114.30 seed= 12 fk=-1.1451e-06 (batch se 1.9e-06)  17s
  [ 53/60] gamma=  114.30 seed= 13 fk=+1.7300e-06 (batch se 2.2e-06)  17s
  [ 54/60] gamma=  114.30 seed= 14 fk=-1.7260e-06 (batch se 1.1e-06)  17s
  [ 55/60] gamma=  114.30 seed= 15 fk=+1.8212e-06 (batch se 1.6e-06)  17s
  [ 56/60] gamma=  114.30 seed= 16 fk=-8.6521e-07 (batch se 1.8e-06)  17s
  [ 57/60] gamma=  114.30 seed= 17 fk=+4.3704e-07 (batch se 1.3e-06)  17s
  [ 58/60] gamma=  114.30 seed= 18 fk=+1.0582e-06 (batch se 1.3e-06)  17s
  [ 59/60] gamma=  114.30 seed= 19 fk=+2.2244e-07 (batch se 1.7e-06)  17s
  [ 60/60] gamma=  114.30 seed= 20 fk=+7.7419e-07 (batch se 1.4e-06)  17s
[perm-aware] 2142 unordered rows, 16 shells, key 12 decimals, permutation closure 99.8%, from table_permclosed_cut15360.npz
[perm-aware] 2142 unordered rows, 16 shells, key 12 decimals, permutation closure 99.8%, from table_permclosed_cut15360.npz
[perm-aware] 2142 unordered rows, 16 shells, key 12 decimals, permutation closure 99.8%, from table_permclosed_cut15360.npz
[perm-aware] 2142 unordered rows, 16 shells, key 12 decimals, permutation closure 99.8%, from table_permclosed_cut15360.npz
[perm-aware] 2142 unordered rows, 16 shells, key 12 decimals, permutation closure 99.8%, from table_permclosed_cut15360.npz
[perm-aware] 2142 unordered rows, 16 shells, key 12 decimals, permutation closure 99.8%, from table_permclosed_cut15360.npz
[perm-aware] 2142 unordered rows, 16 shells, key 12 decimals, permutation closure 99.8%, from table_permclosed_cut15360.npz
[perm-aware] 2142 unordered rows, 16 shells, key 12 decimals, permutation closure 99.8%, from table_permclosed_cut15360.npz
[perm-aware] 2142 unordered rows, 16 shells, key 12 decimals, permutation closure 99.8%, from table_permclosed_cut15360.npz
[perm-aware] 2142 unordered rows, 16 shells, key 12 decimals, permutation closure 99.8%, from table_permclosed_cut15360.npz
[perm-aware] 2142 unordered rows, 16 shells, key 12 decimals, permutation closure 99.8%, from table_permclosed_cut15360.npz
[perm-aware] 2142 unordered rows, 16 shells, key 12 decimals, permutation closure 99.8%, from table_permclosed_cut15360.npz
[perm-aware] 2142 unordered rows, 16 shells, key 12 decimals, permutation closure 99.8%, from table_permclosed_cut15360.npz
[perm-aware] 2142 unordered rows, 16 shells, key 12 decimals, permutation closure 99.8%, from table_permclosed_cut15360.npz
[perm-aware] 2142 unordered rows, 16 shells, key 12 decimals, permutation closure 99.8%, from table_permclosed_cut15360.npz
[perm-aware] 2142 unordered rows, 16 shells, key 12 decimals, permutation closure 99.8%, from table_permclosed_cut15360.npz
[perm-aware] 2142 unordered rows, 16 shells, key 12 decimals, permutation closure 99.8%, from table_permclosed_cut15360.npz
[perm-aware] 2142 unordered rows, 16 shells, key 12 decimals, permutation closure 99.8%, from table_permclosed_cut15360.npz
[perm-aware] 2142 unordered rows, 16 shells, key 12 decimals, permutation closure 99.8%, from table_permclosed_cut15360.npz
[perm-aware] 2142 unordered rows, 16 shells, key 12 decimals, permutation closure 99.8%, from table_permclosed_cut15360.npz
[perm-aware] 2142 unordered rows, 16 shells, key 12 decimals, permutation closure 99.8%, from table_permclosed_cut15360.npz
[perm-aware] 2142 unordered rows, 16 shells, key 12 decimals, permutation closure 99.8%, from table_permclosed_cut15360.npz
[perm-aware] 2142 unordered rows, 16 shells, key 12 decimals, permutation closure 99.8%, from table_permclosed_cut15360.npz
[perm-aware] 2142 unordered rows, 16 shells, key 12 decimals, permutation closure 99.8%, from table_permclosed_cut15360.npz
[perm-aware] 2142 unordered rows, 16 shells, key 12 decimals, permutation closure 99.8%, from table_permclosed_cut15360.npz
[perm-aware] 2142 unordered rows, 16 shells, key 12 decimals, permutation closure 99.8%, from table_permclosed_cut15360.npz
[perm-aware] 2142 unordered rows, 16 shells, key 12 decimals, permutation closure 99.8%, from table_permclosed_cut15360.npz
[perm-aware] 2142 unordered rows, 16 shells, key 12 decimals, permutation closure 99.8%, from table_permclosed_cut15360.npz
[perm-aware] 2142 unordered rows, 16 shells, key 12 decimals, permutation closure 99.8%, from table_permclosed_cut15360.npz
[perm-aware] 2142 unordered rows, 16 shells, key 12 decimals, permutation closure 99.8%, from table_permclosed_cut15360.npz
[perm-aware] 2142 unordered rows, 16 shells, key 12 decimals, permutation closure 99.8%, from table_permclosed_cut15360.npz
[perm-aware] 2142 unordered rows, 16 shells, key 12 decimals, permutation closure 99.8%, from table_permclosed_cut15360.npz
[perm-aware] 2142 unordered rows, 16 shells, key 12 decimals, permutation closure 99.8%, from table_permclosed_cut15360.npz
[perm-aware] 2142 unordered rows, 16 shells, key 12 decimals, permutation closure 99.8%, from table_permclosed_cut15360.npz
[perm-aware] 2142 unordered rows, 16 shells, key 12 decimals, permutation closure 99.8%, from table_permclosed_cut15360.npz
[perm-aware] 2142 unordered rows, 16 shells, key 12 decimals, permutation closure 99.8%, from table_permclosed_cut15360.npz
[perm-aware] 2142 unordered rows, 16 shells, key 12 decimals, permutation closure 99.8%, from table_permclosed_cut15360.npz
[perm-aware] 2142 unordered rows, 16 shells, key 12 decimals, permutation closure 99.8%, from table_permclosed_cut15360.npz
[perm-aware] 2142 unordered rows, 16 shells, key 12 decimals, permutation closure 99.8%, from table_permclosed_cut15360.npz
[perm-aware] 2142 unordered rows, 16 shells, key 12 decimals, permutation closure 99.8%, from table_permclosed_cut15360.npz
[perm-aware] 2142 unordered rows, 16 shells, key 12 decimals, permutation closure 99.8%, from table_permclosed_cut15360.npz
[perm-aware] 2142 unordered rows, 16 shells, key 12 decimals, permutation closure 99.8%, from table_permclosed_cut15360.npz
[perm-aware] 2142 unordered rows, 16 shells, key 12 decimals, permutation closure 99.8%, from table_permclosed_cut15360.npz
[perm-aware] 2142 unordered rows, 16 shells, key 12 decimals, permutation closure 99.8%, from table_permclosed_cut15360.npz
[perm-aware] 2142 unordered rows, 16 shells, key 12 decimals, permutation closure 99.8%, from table_permclosed_cut15360.npz
[perm-aware] 2142 unordered rows, 16 shells, key 12 decimals, permutation closure 99.8%, from table_permclosed_cut15360.npz
[perm-aware] 2142 unordered rows, 16 shells, key 12 decimals, permutation closure 99.8%, from table_permclosed_cut15360.npz
[perm-aware] 2142 unordered rows, 16 shells, key 12 decimals, permutation closure 99.8%, from table_permclosed_cut15360.npz
[perm-aware] 2142 unordered rows, 16 shells, key 12 decimals, permutation closure 99.8%, from table_permclosed_cut15360.npz
[perm-aware] 2142 unordered rows, 16 shells, key 12 decimals, permutation closure 99.8%, from table_permclosed_cut15360.npz
[perm-aware] 2142 unordered rows, 16 shells, key 12 decimals, permutation closure 99.8%, from table_permclosed_cut15360.npz
[perm-aware] 2142 unordered rows, 16 shells, key 12 decimals, permutation closure 99.8%, from table_permclosed_cut15360.npz
[perm-aware] 2142 unordered rows, 16 shells, key 12 decimals, permutation closure 99.8%, from table_permclosed_cut15360.npz
[perm-aware] 2142 unordered rows, 16 shells, key 12 decimals, permutation closure 99.8%, from table_permclosed_cut15360.npz
[perm-aware] 2142 unordered rows, 16 shells, key 12 decimals, permutation closure 99.8%, from table_permclosed_cut15360.npz
[perm-aware] 2142 unordered rows, 16 shells, key 12 decimals, permutation closure 99.8%, from table_permclosed_cut15360.npz
[perm-aware] 2142 unordered rows, 16 shells, key 12 decimals, permutation closure 99.8%, from table_permclosed_cut15360.npz
[perm-aware] 2142 unordered rows, 16 shells, key 12 decimals, permutation closure 99.8%, from table_permclosed_cut15360.npz
[perm-aware] 2142 unordered rows, 16 shells, key 12 decimals, permutation closure 99.8%, from table_permclosed_cut15360.npz
[perm-aware] 2142 unordered rows, 16 shells, key 12 decimals, permutation closure 99.8%, from table_permclosed_cut15360.npz
[probe] done in 2.9 min

gamma      n   mean          sem          spread(1sig)   mean/sem
     2.6  12  +3.3657e-06  3.831e-07  1.327e-06   +8.78
     6.7  12  +8.0514e-07  4.625e-07  1.602e-06   +1.74
    17.3  12  -2.3793e-07  4.539e-07  1.572e-06   -0.52
    44.4  12  -2.2699e-07  3.825e-07  1.325e-06   -0.59
   114.3  12  +1.4209e-08  3.414e-07  1.183e-06   +0.04

[probe] -> ../../products/mc_sigma_scan_s4.npz
########## sigma_lambda = 8 ##########
[probe] 60 runs = 5 gammas x 12 fresh seeds, n_real=24000, n_lambda=1000, sigma=8.0, 6 workers
  [  1/60] gamma=    2.60 seed=  9 fk=+1.0100e-05 (batch se 3.2e-06)  17s
  [  2/60] gamma=    2.60 seed= 10 fk=+8.5229e-06 (batch se 3.0e-06)  17s
  [  3/60] gamma=    2.60 seed= 11 fk=+8.1122e-06 (batch se 4.2e-06)  17s
  [  4/60] gamma=    2.60 seed= 12 fk=+7.4444e-06 (batch se 2.9e-06)  17s
  [  5/60] gamma=    2.60 seed= 13 fk=+7.5873e-06 (batch se 3.4e-06)  17s
  [  6/60] gamma=    2.60 seed= 14 fk=+3.1462e-06 (batch se 1.7e-06)  17s
  [  7/60] gamma=    2.60 seed= 15 fk=+7.3628e-06 (batch se 3.7e-06)  17s
  [  8/60] gamma=    2.60 seed= 16 fk=+4.7319e-06 (batch se 4.4e-06)  17s
  [  9/60] gamma=    2.60 seed= 17 fk=+1.0154e-05 (batch se 3.0e-06)  17s
  [ 10/60] gamma=    2.60 seed= 18 fk=+2.1614e-06 (batch se 1.6e-06)  17s
  [ 11/60] gamma=    2.60 seed= 19 fk=+7.5970e-06 (batch se 3.2e-06)  17s
  [ 12/60] gamma=    2.60 seed= 20 fk=+3.8535e-07 (batch se 3.4e-06)  17s
  [ 13/60] gamma=    6.70 seed=  9 fk=+7.6355e-07 (batch se 2.2e-06)  17s
  [ 14/60] gamma=    6.70 seed= 10 fk=+2.5346e-06 (batch se 2.4e-06)  17s
  [ 15/60] gamma=    6.70 seed= 11 fk=+2.3731e-06 (batch se 5.6e-06)  17s
  [ 16/60] gamma=    6.70 seed= 12 fk=-1.8716e-06 (batch se 2.7e-06)  17s
  [ 17/60] gamma=    6.70 seed= 13 fk=+2.5113e-06 (batch se 3.1e-06)  17s
  [ 18/60] gamma=    6.70 seed= 14 fk=-1.4167e-06 (batch se 2.2e-06)  17s
  [ 19/60] gamma=    6.70 seed= 15 fk=-1.3505e-06 (batch se 3.7e-06)  17s
  [ 20/60] gamma=    6.70 seed= 16 fk=-9.4968e-07 (batch se 4.3e-06)  17s
  [ 21/60] gamma=    6.70 seed= 17 fk=+2.3662e-06 (batch se 2.5e-06)  17s
  [ 22/60] gamma=    6.70 seed= 18 fk=-4.8258e-07 (batch se 2.0e-06)  17s
  [ 23/60] gamma=    6.70 seed= 19 fk=+7.5893e-08 (batch se 3.1e-06)  17s
  [ 24/60] gamma=    6.70 seed= 20 fk=-3.3337e-06 (batch se 3.6e-06)  17s
  [ 25/60] gamma=   17.30 seed=  9 fk=-2.7456e-06 (batch se 2.6e-06)  17s
  [ 26/60] gamma=   17.30 seed= 10 fk=+1.0615e-06 (batch se 2.6e-06)  17s
  [ 27/60] gamma=   17.30 seed= 11 fk=-2.2022e-06 (batch se 5.2e-06)  17s
  [ 28/60] gamma=   17.30 seed= 12 fk=-4.2100e-06 (batch se 3.1e-06)  17s
  [ 29/60] gamma=   17.30 seed= 13 fk=+3.3698e-07 (batch se 3.1e-06)  17s
  [ 30/60] gamma=   17.30 seed= 14 fk=-3.4506e-06 (batch se 2.4e-06)  17s
  [ 31/60] gamma=   17.30 seed= 15 fk=-3.8589e-06 (batch se 3.1e-06)  17s
  [ 32/60] gamma=   17.30 seed= 16 fk=-4.7040e-06 (batch se 3.9e-06)  17s
  [ 33/60] gamma=   17.30 seed= 17 fk=-1.8640e-06 (batch se 2.6e-06)  17s
  [ 34/60] gamma=   17.30 seed= 18 fk=-2.3949e-06 (batch se 2.6e-06)  17s
  [ 35/60] gamma=   17.30 seed= 19 fk=-2.6468e-06 (batch se 2.5e-06)  17s
  [ 36/60] gamma=   17.30 seed= 20 fk=-3.2478e-06 (batch se 2.9e-06)  17s
  [ 37/60] gamma=   44.40 seed=  9 fk=-2.1506e-06 (batch se 2.5e-06)  17s
  [ 38/60] gamma=   44.40 seed= 10 fk=+1.6400e-06 (batch se 2.5e-06)  17s
  [ 39/60] gamma=   44.40 seed= 11 fk=-2.7917e-06 (batch se 3.9e-06)  17s
  [ 40/60] gamma=   44.40 seed= 12 fk=-2.3538e-06 (batch se 3.0e-06)  17s
  [ 41/60] gamma=   44.40 seed= 13 fk=+9.2939e-07 (batch se 2.7e-06)  17s
  [ 42/60] gamma=   44.40 seed= 14 fk=-1.4254e-06 (batch se 2.7e-06)  17s
  [ 43/60] gamma=   44.40 seed= 15 fk=-1.7947e-06 (batch se 2.8e-06)  17s
  [ 44/60] gamma=   44.40 seed= 16 fk=-4.4254e-06 (batch se 3.3e-06)  17s
  [ 45/60] gamma=   44.40 seed= 17 fk=-2.1405e-06 (batch se 2.1e-06)  17s
  [ 46/60] gamma=   44.40 seed= 18 fk=-1.6566e-06 (batch se 2.6e-06)  17s
  [ 47/60] gamma=   44.40 seed= 19 fk=-1.1433e-06 (batch se 2.3e-06)  17s
  [ 48/60] gamma=   44.40 seed= 20 fk=-1.4696e-06 (batch se 2.5e-06)  17s
  [ 49/60] gamma=  114.30 seed=  9 fk=-1.0217e-06 (batch se 2.5e-06)  17s
  [ 50/60] gamma=  114.30 seed= 10 fk=+2.1054e-06 (batch se 2.4e-06)  17s
  [ 51/60] gamma=  114.30 seed= 11 fk=-2.1950e-06 (batch se 3.4e-06)  17s
  [ 52/60] gamma=  114.30 seed= 12 fk=-5.1802e-07 (batch se 2.9e-06)  17s
  [ 53/60] gamma=  114.30 seed= 13 fk=+1.5916e-06 (batch se 2.4e-06)  17s
  [ 54/60] gamma=  114.30 seed= 14 fk=+6.8526e-09 (batch se 2.8e-06)  17s
  [ 55/60] gamma=  114.30 seed= 15 fk=-5.0055e-09 (batch se 2.6e-06)  17s
  [ 56/60] gamma=  114.30 seed= 16 fk=-3.2425e-06 (batch se 2.7e-06)  17s
  [ 57/60] gamma=  114.30 seed= 17 fk=-1.7814e-06 (batch se 1.9e-06)  17s
  [ 58/60] gamma=  114.30 seed= 18 fk=-4.8322e-07 (batch se 2.3e-06)  17s
  [ 59/60] gamma=  114.30 seed= 19 fk=+5.6852e-08 (batch se 2.5e-06)  17s
  [ 60/60] gamma=  114.30 seed= 20 fk=-3.0807e-09 (batch se 2.5e-06)  17s
[perm-aware] 2142 unordered rows, 16 shells, key 12 decimals, permutation closure 99.8%, from table_permclosed_cut15360.npz
[perm-aware] 2142 unordered rows, 16 shells, key 12 decimals, permutation closure 99.8%, from table_permclosed_cut15360.npz
[perm-aware] 2142 unordered rows, 16 shells, key 12 decimals, permutation closure 99.8%, from table_permclosed_cut15360.npz
[perm-aware] 2142 unordered rows, 16 shells, key 12 decimals, permutation closure 99.8%, from table_permclosed_cut15360.npz
[perm-aware] 2142 unordered rows, 16 shells, key 12 decimals, permutation closure 99.8%, from table_permclosed_cut15360.npz
[perm-aware] 2142 unordered rows, 16 shells, key 12 decimals, permutation closure 99.8%, from table_permclosed_cut15360.npz
[perm-aware] 2142 unordered rows, 16 shells, key 12 decimals, permutation closure 99.8%, from table_permclosed_cut15360.npz
[perm-aware] 2142 unordered rows, 16 shells, key 12 decimals, permutation closure 99.8%, from table_permclosed_cut15360.npz
[perm-aware] 2142 unordered rows, 16 shells, key 12 decimals, permutation closure 99.8%, from table_permclosed_cut15360.npz
[perm-aware] 2142 unordered rows, 16 shells, key 12 decimals, permutation closure 99.8%, from table_permclosed_cut15360.npz
[perm-aware] 2142 unordered rows, 16 shells, key 12 decimals, permutation closure 99.8%, from table_permclosed_cut15360.npz
[perm-aware] 2142 unordered rows, 16 shells, key 12 decimals, permutation closure 99.8%, from table_permclosed_cut15360.npz
[perm-aware] 2142 unordered rows, 16 shells, key 12 decimals, permutation closure 99.8%, from table_permclosed_cut15360.npz
[perm-aware] 2142 unordered rows, 16 shells, key 12 decimals, permutation closure 99.8%, from table_permclosed_cut15360.npz
[perm-aware] 2142 unordered rows, 16 shells, key 12 decimals, permutation closure 99.8%, from table_permclosed_cut15360.npz
[perm-aware] 2142 unordered rows, 16 shells, key 12 decimals, permutation closure 99.8%, from table_permclosed_cut15360.npz
[perm-aware] 2142 unordered rows, 16 shells, key 12 decimals, permutation closure 99.8%, from table_permclosed_cut15360.npz
[perm-aware] 2142 unordered rows, 16 shells, key 12 decimals, permutation closure 99.8%, from table_permclosed_cut15360.npz
[perm-aware] 2142 unordered rows, 16 shells, key 12 decimals, permutation closure 99.8%, from table_permclosed_cut15360.npz
[perm-aware] 2142 unordered rows, 16 shells, key 12 decimals, permutation closure 99.8%, from table_permclosed_cut15360.npz
[perm-aware] 2142 unordered rows, 16 shells, key 12 decimals, permutation closure 99.8%, from table_permclosed_cut15360.npz
[perm-aware] 2142 unordered rows, 16 shells, key 12 decimals, permutation closure 99.8%, from table_permclosed_cut15360.npz
[perm-aware] 2142 unordered rows, 16 shells, key 12 decimals, permutation closure 99.8%, from table_permclosed_cut15360.npz
[perm-aware] 2142 unordered rows, 16 shells, key 12 decimals, permutation closure 99.8%, from table_permclosed_cut15360.npz
[perm-aware] 2142 unordered rows, 16 shells, key 12 decimals, permutation closure 99.8%, from table_permclosed_cut15360.npz
[perm-aware] 2142 unordered rows, 16 shells, key 12 decimals, permutation closure 99.8%, from table_permclosed_cut15360.npz
[perm-aware] 2142 unordered rows, 16 shells, key 12 decimals, permutation closure 99.8%, from table_permclosed_cut15360.npz
[perm-aware] 2142 unordered rows, 16 shells, key 12 decimals, permutation closure 99.8%, from table_permclosed_cut15360.npz
[perm-aware] 2142 unordered rows, 16 shells, key 12 decimals, permutation closure 99.8%, from table_permclosed_cut15360.npz
[perm-aware] 2142 unordered rows, 16 shells, key 12 decimals, permutation closure 99.8%, from table_permclosed_cut15360.npz
[perm-aware] 2142 unordered rows, 16 shells, key 12 decimals, permutation closure 99.8%, from table_permclosed_cut15360.npz
[perm-aware] 2142 unordered rows, 16 shells, key 12 decimals, permutation closure 99.8%, from table_permclosed_cut15360.npz
[perm-aware] 2142 unordered rows, 16 shells, key 12 decimals, permutation closure 99.8%, from table_permclosed_cut15360.npz
[perm-aware] 2142 unordered rows, 16 shells, key 12 decimals, permutation closure 99.8%, from table_permclosed_cut15360.npz
[perm-aware] 2142 unordered rows, 16 shells, key 12 decimals, permutation closure 99.8%, from table_permclosed_cut15360.npz
[perm-aware] 2142 unordered rows, 16 shells, key 12 decimals, permutation closure 99.8%, from table_permclosed_cut15360.npz
[perm-aware] 2142 unordered rows, 16 shells, key 12 decimals, permutation closure 99.8%, from table_permclosed_cut15360.npz
[perm-aware] 2142 unordered rows, 16 shells, key 12 decimals, permutation closure 99.8%, from table_permclosed_cut15360.npz
[perm-aware] 2142 unordered rows, 16 shells, key 12 decimals, permutation closure 99.8%, from table_permclosed_cut15360.npz
[perm-aware] 2142 unordered rows, 16 shells, key 12 decimals, permutation closure 99.8%, from table_permclosed_cut15360.npz
[perm-aware] 2142 unordered rows, 16 shells, key 12 decimals, permutation closure 99.8%, from table_permclosed_cut15360.npz
[perm-aware] 2142 unordered rows, 16 shells, key 12 decimals, permutation closure 99.8%, from table_permclosed_cut15360.npz
[perm-aware] 2142 unordered rows, 16 shells, key 12 decimals, permutation closure 99.8%, from table_permclosed_cut15360.npz
[perm-aware] 2142 unordered rows, 16 shells, key 12 decimals, permutation closure 99.8%, from table_permclosed_cut15360.npz
[perm-aware] 2142 unordered rows, 16 shells, key 12 decimals, permutation closure 99.8%, from table_permclosed_cut15360.npz
[perm-aware] 2142 unordered rows, 16 shells, key 12 decimals, permutation closure 99.8%, from table_permclosed_cut15360.npz
[perm-aware] 2142 unordered rows, 16 shells, key 12 decimals, permutation closure 99.8%, from table_permclosed_cut15360.npz
[perm-aware] 2142 unordered rows, 16 shells, key 12 decimals, permutation closure 99.8%, from table_permclosed_cut15360.npz
[perm-aware] 2142 unordered rows, 16 shells, key 12 decimals, permutation closure 99.8%, from table_permclosed_cut15360.npz
[perm-aware] 2142 unordered rows, 16 shells, key 12 decimals, permutation closure 99.8%, from table_permclosed_cut15360.npz
[perm-aware] 2142 unordered rows, 16 shells, key 12 decimals, permutation closure 99.8%, from table_permclosed_cut15360.npz
[perm-aware] 2142 unordered rows, 16 shells, key 12 decimals, permutation closure 99.8%, from table_permclosed_cut15360.npz
[perm-aware] 2142 unordered rows, 16 shells, key 12 decimals, permutation closure 99.8%, from table_permclosed_cut15360.npz
[perm-aware] 2142 unordered rows, 16 shells, key 12 decimals, permutation closure 99.8%, from table_permclosed_cut15360.npz
[perm-aware] 2142 unordered rows, 16 shells, key 12 decimals, permutation closure 99.8%, from table_permclosed_cut15360.npz
[perm-aware] 2142 unordered rows, 16 shells, key 12 decimals, permutation closure 99.8%, from table_permclosed_cut15360.npz
[perm-aware] 2142 unordered rows, 16 shells, key 12 decimals, permutation closure 99.8%, from table_permclosed_cut15360.npz
[perm-aware] 2142 unordered rows, 16 shells, key 12 decimals, permutation closure 99.8%, from table_permclosed_cut15360.npz
[perm-aware] 2142 unordered rows, 16 shells, key 12 decimals, permutation closure 99.8%, from table_permclosed_cut15360.npz
[perm-aware] 2142 unordered rows, 16 shells, key 12 decimals, permutation closure 99.8%, from table_permclosed_cut15360.npz
[probe] done in 2.9 min

gamma      n   mean          sem          spread(1sig)   mean/sem
     2.6  12  +6.4421e-06  9.027e-07  3.127e-06   +7.14
     6.7  12  +1.0165e-07  5.774e-07  2.000e-06   +0.18
    17.3  12  -2.4939e-06  4.955e-07  1.716e-06   -5.03
    44.4  12  -1.5652e-06  4.585e-07  1.588e-06   -3.41
   114.3  12  -4.5743e-07  4.309e-07  1.493e-06   -1.06

[probe] -> ../../products/mc_sigma_scan_s8.npz
########## sigma_lambda = 16 ##########
[probe] 60 runs = 5 gammas x 12 fresh seeds, n_real=24000, n_lambda=1000, sigma=16.0, 6 workers
  [  1/60] gamma=    2.60 seed=  9 fk=+1.2991e-05 (batch se 2.6e-06)  18s
  [  2/60] gamma=    2.60 seed= 10 fk=+1.1750e-05 (batch se 3.3e-06)  18s
  [  3/60] gamma=    2.60 seed= 11 fk=+1.0872e-05 (batch se 5.5e-06)  17s
  [  4/60] gamma=    2.60 seed= 12 fk=+1.3883e-05 (batch se 2.9e-06)  17s
  [  5/60] gamma=    2.60 seed= 13 fk=+1.1203e-05 (batch se 3.3e-06)  18s
  [  6/60] gamma=    2.60 seed= 14 fk=+8.4031e-06 (batch se 2.9e-06)  17s
  [  7/60] gamma=    2.60 seed= 15 fk=+1.2561e-05 (batch se 3.8e-06)  17s
  [  8/60] gamma=    2.60 seed= 16 fk=+7.2200e-06 (batch se 4.0e-06)  17s
  [  9/60] gamma=    2.60 seed= 17 fk=+1.2952e-05 (batch se 3.0e-06)  17s
  [ 10/60] gamma=    2.60 seed= 18 fk=+8.1294e-06 (batch se 2.0e-06)  17s
  [ 11/60] gamma=    2.60 seed= 19 fk=+1.3073e-05 (batch se 3.4e-06)  17s
  [ 12/60] gamma=    2.60 seed= 20 fk=+4.2399e-06 (batch se 3.4e-06)  17s
  [ 13/60] gamma=    6.70 seed=  9 fk=-1.9381e-06 (batch se 2.0e-06)  17s
  [ 14/60] gamma=    6.70 seed= 10 fk=+1.7571e-07 (batch se 2.7e-06)  17s
  [ 15/60] gamma=    6.70 seed= 11 fk=-1.6784e-06 (batch se 7.1e-06)  17s
  [ 16/60] gamma=    6.70 seed= 12 fk=+1.2600e-06 (batch se 3.1e-06)  17s
  [ 17/60] gamma=    6.70 seed= 13 fk=+1.0763e-06 (batch se 2.5e-06)  17s
  [ 18/60] gamma=    6.70 seed= 14 fk=-2.5132e-06 (batch se 3.1e-06)  17s
  [ 19/60] gamma=    6.70 seed= 15 fk=-4.1669e-06 (batch se 3.1e-06)  17s
  [ 20/60] gamma=    6.70 seed= 16 fk=-3.3845e-06 (batch se 4.3e-06)  17s
  [ 21/60] gamma=    6.70 seed= 17 fk=+6.0218e-07 (batch se 2.7e-06)  17s
  [ 22/60] gamma=    6.70 seed= 18 fk=-2.2721e-06 (batch se 1.8e-06)  17s
  [ 23/60] gamma=    6.70 seed= 19 fk=+7.5175e-07 (batch se 3.3e-06)  17s
  [ 24/60] gamma=    6.70 seed= 20 fk=-4.4490e-06 (batch se 3.8e-06)  17s
  [ 25/60] gamma=   17.30 seed=  9 fk=-6.8806e-06 (batch se 2.5e-06)  17s
  [ 26/60] gamma=   17.30 seed= 10 fk=-2.7219e-06 (batch se 2.3e-06)  17s
  [ 27/60] gamma=   17.30 seed= 11 fk=-7.3362e-06 (batch se 6.5e-06)  17s
  [ 28/60] gamma=   17.30 seed= 12 fk=-4.5720e-06 (batch se 2.9e-06)  17s
  [ 29/60] gamma=   17.30 seed= 13 fk=-3.7896e-06 (batch se 2.8e-06)  17s
  [ 30/60] gamma=   17.30 seed= 14 fk=-5.6902e-06 (batch se 3.0e-06)  17s
  [ 31/60] gamma=   17.30 seed= 15 fk=-1.0394e-05 (batch se 2.6e-06)  17s
  [ 32/60] gamma=   17.30 seed= 16 fk=-1.0301e-05 (batch se 4.0e-06)  17s
  [ 33/60] gamma=   17.30 seed= 17 fk=-6.3200e-06 (batch se 2.5e-06)  17s
  [ 34/60] gamma=   17.30 seed= 18 fk=-7.8530e-06 (batch se 2.3e-06)  17s
  [ 35/60] gamma=   17.30 seed= 19 fk=-4.5138e-06 (batch se 2.3e-06)  17s
  [ 36/60] gamma=   17.30 seed= 20 fk=-6.9251e-06 (batch se 3.2e-06)  17s
  [ 37/60] gamma=   44.40 seed=  9 fk=-4.0777e-06 (batch se 2.2e-06)  17s
  [ 38/60] gamma=   44.40 seed= 10 fk=-9.9447e-08 (batch se 2.1e-06)  17s
  [ 39/60] gamma=   44.40 seed= 11 fk=-5.7809e-06 (batch se 4.9e-06)  17s
  [ 40/60] gamma=   44.40 seed= 12 fk=-1.9705e-06 (batch se 2.7e-06)  17s
  [ 41/60] gamma=   44.40 seed= 13 fk=-1.3017e-06 (batch se 2.6e-06)  17s
  [ 42/60] gamma=   44.40 seed= 14 fk=-1.4893e-06 (batch se 3.3e-06)  17s
  [ 43/60] gamma=   44.40 seed= 15 fk=-6.5428e-06 (batch se 2.5e-06)  17s
  [ 44/60] gamma=   44.40 seed= 16 fk=-8.2721e-06 (batch se 3.6e-06)  17s
  [ 45/60] gamma=   44.40 seed= 17 fk=-4.9833e-06 (batch se 2.2e-06)  17s
  [ 46/60] gamma=   44.40 seed= 18 fk=-5.2317e-06 (batch se 2.6e-06)  17s
  [ 47/60] gamma=   44.40 seed= 19 fk=-1.8419e-06 (batch se 2.0e-06)  17s
  [ 48/60] gamma=   44.40 seed= 20 fk=-3.6309e-06 (batch se 3.0e-06)  17s
  [ 49/60] gamma=  114.30 seed=  9 fk=-1.6859e-06 (batch se 2.1e-06)  17s
  [ 50/60] gamma=  114.30 seed= 10 fk=+2.0493e-06 (batch se 2.2e-06)  17s
  [ 51/60] gamma=  114.30 seed= 11 fk=-3.7393e-06 (batch se 4.3e-06)  17s
  [ 52/60] gamma=  114.30 seed= 12 fk=+9.3646e-07 (batch se 2.6e-06)  17s
  [ 53/60] gamma=  114.30 seed= 13 fk=+1.3383e-06 (batch se 2.2e-06)  17s
  [ 54/60] gamma=  114.30 seed= 14 fk=+1.3068e-06 (batch se 3.3e-06)  17s
  [ 55/60] gamma=  114.30 seed= 15 fk=-3.0466e-06 (batch se 2.3e-06)  17s
  [ 56/60] gamma=  114.30 seed= 16 fk=-5.4844e-06 (batch se 3.1e-06)  17s
  [ 57/60] gamma=  114.30 seed= 17 fk=-3.0269e-06 (batch se 2.1e-06)  17s
  [ 58/60] gamma=  114.30 seed= 18 fk=-2.1658e-06 (batch se 2.4e-06)  17s
  [ 59/60] gamma=  114.30 seed= 19 fk=+4.9536e-07 (batch se 2.2e-06)  17s
  [ 60/60] gamma=  114.30 seed= 20 fk=-9.2183e-07 (batch se 2.8e-06)  17s
[perm-aware] 2142 unordered rows, 16 shells, key 12 decimals, permutation closure 99.8%, from table_permclosed_cut15360.npz
[perm-aware] 2142 unordered rows, 16 shells, key 12 decimals, permutation closure 99.8%, from table_permclosed_cut15360.npz
[perm-aware] 2142 unordered rows, 16 shells, key 12 decimals, permutation closure 99.8%, from table_permclosed_cut15360.npz
[perm-aware] 2142 unordered rows, 16 shells, key 12 decimals, permutation closure 99.8%, from table_permclosed_cut15360.npz
[perm-aware] 2142 unordered rows, 16 shells, key 12 decimals, permutation closure 99.8%, from table_permclosed_cut15360.npz
[perm-aware] 2142 unordered rows, 16 shells, key 12 decimals, permutation closure 99.8%, from table_permclosed_cut15360.npz
[perm-aware] 2142 unordered rows, 16 shells, key 12 decimals, permutation closure 99.8%, from table_permclosed_cut15360.npz
[perm-aware] 2142 unordered rows, 16 shells, key 12 decimals, permutation closure 99.8%, from table_permclosed_cut15360.npz
[perm-aware] 2142 unordered rows, 16 shells, key 12 decimals, permutation closure 99.8%, from table_permclosed_cut15360.npz
[perm-aware] 2142 unordered rows, 16 shells, key 12 decimals, permutation closure 99.8%, from table_permclosed_cut15360.npz
[perm-aware] 2142 unordered rows, 16 shells, key 12 decimals, permutation closure 99.8%, from table_permclosed_cut15360.npz
[perm-aware] 2142 unordered rows, 16 shells, key 12 decimals, permutation closure 99.8%, from table_permclosed_cut15360.npz
[perm-aware] 2142 unordered rows, 16 shells, key 12 decimals, permutation closure 99.8%, from table_permclosed_cut15360.npz
[perm-aware] 2142 unordered rows, 16 shells, key 12 decimals, permutation closure 99.8%, from table_permclosed_cut15360.npz
[perm-aware] 2142 unordered rows, 16 shells, key 12 decimals, permutation closure 99.8%, from table_permclosed_cut15360.npz
[perm-aware] 2142 unordered rows, 16 shells, key 12 decimals, permutation closure 99.8%, from table_permclosed_cut15360.npz
[perm-aware] 2142 unordered rows, 16 shells, key 12 decimals, permutation closure 99.8%, from table_permclosed_cut15360.npz
[perm-aware] 2142 unordered rows, 16 shells, key 12 decimals, permutation closure 99.8%, from table_permclosed_cut15360.npz
[perm-aware] 2142 unordered rows, 16 shells, key 12 decimals, permutation closure 99.8%, from table_permclosed_cut15360.npz
[perm-aware] 2142 unordered rows, 16 shells, key 12 decimals, permutation closure 99.8%, from table_permclosed_cut15360.npz
[perm-aware] 2142 unordered rows, 16 shells, key 12 decimals, permutation closure 99.8%, from table_permclosed_cut15360.npz
[perm-aware] 2142 unordered rows, 16 shells, key 12 decimals, permutation closure 99.8%, from table_permclosed_cut15360.npz
[perm-aware] 2142 unordered rows, 16 shells, key 12 decimals, permutation closure 99.8%, from table_permclosed_cut15360.npz
[perm-aware] 2142 unordered rows, 16 shells, key 12 decimals, permutation closure 99.8%, from table_permclosed_cut15360.npz
[perm-aware] 2142 unordered rows, 16 shells, key 12 decimals, permutation closure 99.8%, from table_permclosed_cut15360.npz
[perm-aware] 2142 unordered rows, 16 shells, key 12 decimals, permutation closure 99.8%, from table_permclosed_cut15360.npz
[perm-aware] 2142 unordered rows, 16 shells, key 12 decimals, permutation closure 99.8%, from table_permclosed_cut15360.npz
[perm-aware] 2142 unordered rows, 16 shells, key 12 decimals, permutation closure 99.8%, from table_permclosed_cut15360.npz
[perm-aware] 2142 unordered rows, 16 shells, key 12 decimals, permutation closure 99.8%, from table_permclosed_cut15360.npz
[perm-aware] 2142 unordered rows, 16 shells, key 12 decimals, permutation closure 99.8%, from table_permclosed_cut15360.npz
[perm-aware] 2142 unordered rows, 16 shells, key 12 decimals, permutation closure 99.8%, from table_permclosed_cut15360.npz
[perm-aware] 2142 unordered rows, 16 shells, key 12 decimals, permutation closure 99.8%, from table_permclosed_cut15360.npz
[perm-aware] 2142 unordered rows, 16 shells, key 12 decimals, permutation closure 99.8%, from table_permclosed_cut15360.npz
[perm-aware] 2142 unordered rows, 16 shells, key 12 decimals, permutation closure 99.8%, from table_permclosed_cut15360.npz
[perm-aware] 2142 unordered rows, 16 shells, key 12 decimals, permutation closure 99.8%, from table_permclosed_cut15360.npz
[perm-aware] 2142 unordered rows, 16 shells, key 12 decimals, permutation closure 99.8%, from table_permclosed_cut15360.npz
[perm-aware] 2142 unordered rows, 16 shells, key 12 decimals, permutation closure 99.8%, from table_permclosed_cut15360.npz
[perm-aware] 2142 unordered rows, 16 shells, key 12 decimals, permutation closure 99.8%, from table_permclosed_cut15360.npz
[perm-aware] 2142 unordered rows, 16 shells, key 12 decimals, permutation closure 99.8%, from table_permclosed_cut15360.npz
[perm-aware] 2142 unordered rows, 16 shells, key 12 decimals, permutation closure 99.8%, from table_permclosed_cut15360.npz
[perm-aware] 2142 unordered rows, 16 shells, key 12 decimals, permutation closure 99.8%, from table_permclosed_cut15360.npz
[perm-aware] 2142 unordered rows, 16 shells, key 12 decimals, permutation closure 99.8%, from table_permclosed_cut15360.npz
[perm-aware] 2142 unordered rows, 16 shells, key 12 decimals, permutation closure 99.8%, from table_permclosed_cut15360.npz
[perm-aware] 2142 unordered rows, 16 shells, key 12 decimals, permutation closure 99.8%, from table_permclosed_cut15360.npz
[perm-aware] 2142 unordered rows, 16 shells, key 12 decimals, permutation closure 99.8%, from table_permclosed_cut15360.npz
[perm-aware] 2142 unordered rows, 16 shells, key 12 decimals, permutation closure 99.8%, from table_permclosed_cut15360.npz
[perm-aware] 2142 unordered rows, 16 shells, key 12 decimals, permutation closure 99.8%, from table_permclosed_cut15360.npz
[perm-aware] 2142 unordered rows, 16 shells, key 12 decimals, permutation closure 99.8%, from table_permclosed_cut15360.npz
[perm-aware] 2142 unordered rows, 16 shells, key 12 decimals, permutation closure 99.8%, from table_permclosed_cut15360.npz
[perm-aware] 2142 unordered rows, 16 shells, key 12 decimals, permutation closure 99.8%, from table_permclosed_cut15360.npz
[perm-aware] 2142 unordered rows, 16 shells, key 12 decimals, permutation closure 99.8%, from table_permclosed_cut15360.npz
[perm-aware] 2142 unordered rows, 16 shells, key 12 decimals, permutation closure 99.8%, from table_permclosed_cut15360.npz
[perm-aware] 2142 unordered rows, 16 shells, key 12 decimals, permutation closure 99.8%, from table_permclosed_cut15360.npz
[perm-aware] 2142 unordered rows, 16 shells, key 12 decimals, permutation closure 99.8%, from table_permclosed_cut15360.npz
[perm-aware] 2142 unordered rows, 16 shells, key 12 decimals, permutation closure 99.8%, from table_permclosed_cut15360.npz
[perm-aware] 2142 unordered rows, 16 shells, key 12 decimals, permutation closure 99.8%, from table_permclosed_cut15360.npz
[perm-aware] 2142 unordered rows, 16 shells, key 12 decimals, permutation closure 99.8%, from table_permclosed_cut15360.npz
[perm-aware] 2142 unordered rows, 16 shells, key 12 decimals, permutation closure 99.8%, from table_permclosed_cut15360.npz
[perm-aware] 2142 unordered rows, 16 shells, key 12 decimals, permutation closure 99.8%, from table_permclosed_cut15360.npz
[perm-aware] 2142 unordered rows, 16 shells, key 12 decimals, permutation closure 99.8%, from table_permclosed_cut15360.npz
[probe] done in 2.9 min

gamma      n   mean          sem          spread(1sig)   mean/sem
     2.6  12  +1.0606e-05  8.553e-07  2.963e-06   +12.40
     6.7  12  -1.3780e-06  6.004e-07  2.080e-06   -2.30
    17.3  12  -6.4414e-06  6.875e-07  2.382e-06   -9.37
    44.4  12  -3.7685e-06  7.148e-07  2.476e-06   -5.27
   114.3  12  -1.1620e-06  6.936e-07  2.403e-06   -1.68

[probe] -> ../../products/mc_sigma_scan_s16.npz
