[queue] start win_internal_tree_00060_01000 (free 64 GB, 1 running)
[queue] start band_tree_00060_00120 (free 64 GB, 2 running)
[queue] start band_tree_00120_00240 (free 66 GB, 3 running)
[queue] start band_tree_00240_00480 (free 65 GB, 4 running)
[queue] start band_tree_00480_00960 (free 65 GB, 5 running)
[queue] win_internal_tree_00060_01000: ok (1 done, 0 failed, 13 queued)
[queue] start band_tree_00960_01920 (free 68 GB, 5 running)
[queue] band_tree_00480_00960: ok (2 done, 0 failed, 12 queued)
[queue] start band_tree_01920_03840 (free 67 GB, 5 running)
[queue] band_tree_00240_00480: ok (3 done, 0 failed, 11 queued)
[queue] start band_tree_03840_07680 (free 64 GB, 5 running)
[queue] band_tree_00120_00240: ok (4 done, 0 failed, 10 queued)
[queue] start band_tree_07680_15360 (free 63 GB, 5 running)
[queue] band_tree_00060_00120: ok (5 done, 0 failed, 9 queued)
[queue] start band_bihalofit_00060_00120 (free 55 GB, 5 running)
[queue] band_tree_01920_03840: ok (6 done, 0 failed, 8 queued)
[queue] start band_bihalofit_00120_00240 (free 61 GB, 5 running)
[queue] band_tree_00960_01920: ok (7 done, 0 failed, 7 queued)
[queue] start band_bihalofit_00240_00480 (free 59 GB, 5 running)
[queue] band_tree_03840_07680: ok (8 done, 0 failed, 6 queued)
[queue] start band_bihalofit_00480_00960 (free 60 GB, 5 running)
[queue] band_tree_07680_15360: ok (9 done, 0 failed, 5 queued)
[queue] start band_bihalofit_00960_01920 (free 52 GB, 5 running)
[queue] band_bihalofit_00060_00120: ok (10 done, 0 failed, 4 queued)
[queue] start band_bihalofit_01920_03840 (free 73 GB, 5 running)
[queue] band_bihalofit_00480_00960: ok (11 done, 0 failed, 3 queued)
[queue] start band_bihalofit_03840_07680 (free 63 GB, 5 running)
[queue] band_bihalofit_00960_01920: ok (12 done, 0 failed, 2 queued)
[queue] start band_bihalofit_07680_15360 (free 57 GB, 5 running)
[queue] band_bihalofit_00240_00480: ok (13 done, 0 failed, 1 queued)
[queue] start win_bihalofit_00060_01000 (free 56 GB, 5 running)
[queue] band_bihalofit_00120_00240: ok (14 done, 0 failed, 0 queued)
[queue] band_bihalofit_01920_03840: ok (15 done, 0 failed, 0 queued)
[queue] band_bihalofit_03840_07680: ok (16 done, 0 failed, 0 queued)
[queue] band_bihalofit_07680_15360: ok (17 done, 0 failed, 0 queued)
[queue] win_bihalofit_00060_01000: ok (18 done, 0 failed, 0 queued)
[queue] finished: 18 ok, 0 failed
