[queue] start band_tree_00060_00120_np512 (free 63 GB, 1 running)
[queue] start band_tree_00120_00240_np512 (free 63 GB, 2 running)
[queue] start band_tree_00240_00480_np512 (free 62 GB, 3 running)
[queue] start band_tree_00480_00960_np512 (free 64 GB, 4 running)
[queue] start band_tree_00960_01920_np512 (free 63 GB, 5 running)
[queue] start band_tree_01920_03840_np512 (free 62 GB, 6 running)
[queue] start band_tree_03840_07680_np512 (free 62 GB, 7 running)
[queue] start band_tree_07680_15360_np512 (free 62 GB, 8 running)
[queue] band_tree_07680_15360_np512: ok (1 done, 0 failed, 9 queued)
[queue] start extra_00060_00120_np512 (free 54 GB, 8 running)
[queue] band_tree_03840_07680_np512: ok (2 done, 0 failed, 8 queued)
[queue] start extra_00120_00240_np512 (free 54 GB, 8 running)
[queue] band_tree_01920_03840_np512: ok (3 done, 0 failed, 7 queued)
[queue] start extra_00240_00480_np512 (free 57 GB, 8 running)
[queue] band_tree_00960_01920_np512: ok (4 done, 0 failed, 6 queued)
[queue] start extra_00480_00960_np512 (free 56 GB, 8 running)
[queue] band_tree_00480_00960_np512: ok (5 done, 0 failed, 5 queued)
[queue] start extra_00960_01920_np512 (free 53 GB, 8 running)
[queue] band_tree_00240_00480_np512: ok (6 done, 0 failed, 4 queued)
[queue] start extra_01920_03840_np512 (free 54 GB, 8 running)
[queue] extra_00060_00120_np512: ok (7 done, 0 failed, 3 queued)
[queue] start extra_03840_07680_np512 (free 55 GB, 8 running)
[queue] extra_00120_00240_np512: ok (8 done, 0 failed, 2 queued)
[queue] start extra_07680_15360_np512 (free 54 GB, 8 running)
[queue] band_tree_00120_00240_np512: ok (9 done, 0 failed, 1 queued)
[queue] start low_permclosed_np512 (free 54 GB, 8 running)
[queue] extra_00240_00480_np512: ok (10 done, 0 failed, 0 queued)
[queue] low_permclosed_np512: ok (11 done, 0 failed, 0 queued)
[queue] extra_00480_00960_np512: ok (12 done, 0 failed, 0 queued)
[queue] extra_00960_01920_np512: ok (13 done, 0 failed, 0 queued)
[queue] band_tree_00060_00120_np512: ok (14 done, 0 failed, 0 queued)
[queue] extra_01920_03840_np512: ok (15 done, 0 failed, 0 queued)
[queue] extra_03840_07680_np512: ok (16 done, 0 failed, 0 queued)
[queue] extra_07680_15360_np512: ok (17 done, 0 failed, 0 queued)
[queue] finished: 17 ok, 0 failed
