==============================================================================
DECISIVE B_kappa-phase REFERENCE: shear 3PCF natural components
z_s=5.0  Om=0.3161  h=0.6711  projection=cent (by construction)
==============================================================================

--- building B_kappa (exact Limber + interpolator) ---
chi_s = 5349.46 Mpc/h,  D(z_s)=0.2110
B_kappa(100,100,100)=1.2740e-14  B_kappa(1000,1000,1732)=1.2860e-17
interp vs exact B_kappa rel err: median=1.07e-03 p90=2.17e-03 max=1.10e-02

--- internal convergence (PRIMARY gamma=10', phi=60deg) ---
  n_l= 64 n_ang= 64 lmax=2e+04 | frame-inv=2.2983e-07
      G0=(-6.9495e-08-1.9653e-09j) G1=(-1.4233e-07+1.4548e-10j) G2=(-1.1693e-07+1.1849e-08j) G3=(-1.1755e-07-1.0085e-08j)
  n_l= 96 n_ang= 96 lmax=2e+04 | frame-inv=2.3207e-07  d(frame-inv)=9.75e-03
      G0=(-7.3940e-08+5.0742e-23j) G1=(-1.4810e-07+5.2306e-23j) G2=(-1.1403e-07+1.5006e-08j) G3=(-1.1403e-07-1.5006e-08j)
  n_l=128 n_ang=128 lmax=3e+04 | frame-inv=2.2646e-07  d(frame-inv)=2.42e-02
      G0=(-6.5137e-08-4.6888e-13j) G1=(-1.3573e-07-3.4734e-13j) G2=(-1.1891e-07+1.3025e-08j) G3=(-1.1891e-07-1.3026e-08j)

--- production setting {'n_l': 128, 'n_ang': 128, 'l_max': 30000.0} ---

[ref] gamma=10' phi=60deg  frame-inv=2.2646e-07
    Gamma^0 = (-6.5137e-08-4.6888e-13j)  |.|=6.5137e-08
    Gamma^1 = (-1.3573e-07-3.4734e-13j)  |.|=1.3573e-07
    Gamma^2 = (-1.1891e-07+1.3025e-08j)  |.|=1.1962e-07
    Gamma^3 = (-1.1891e-07-1.3026e-08j)  |.|=1.1962e-07

[ref] gamma=10' phi=30deg  frame-inv=1.9759e-07
    Gamma^0 = (-7.7394e-08-1.7794e-08j)  |.|=7.9413e-08
    Gamma^1 = (+4.2052e-08+6.8276e-08j)  |.|=8.0188e-08
    Gamma^2 = (+3.4865e-08-5.5365e-08j)  |.|=6.5428e-08
    Gamma^3 = (-1.4822e-07-7.3997e-09j)  |.|=1.4841e-07

[ref] gamma=10' phi=120deg  frame-inv=1.2805e-07
    Gamma^0 = (+3.9563e-09-1.1696e-08j)  |.|=1.2347e-08
    Gamma^1 = (+5.6997e-08-7.0955e-08j)  |.|=9.1012e-08
    Gamma^2 = (+6.9555e-08+4.2871e-08j)  |.|=8.1706e-08
    Gamma^3 = (-3.4868e-08-8.3437e-09j)  |.|=3.5852e-08

[ref] gamma=50' phi=60deg  frame-inv=5.9811e-08
    Gamma^0 = (-3.7356e-08+6.6624e-10j)  |.|=3.7362e-08
    Gamma^1 = (-2.5153e-08+4.7009e-09j)  |.|=2.5589e-08
    Gamma^2 = (-2.4615e-08+1.2960e-09j)  |.|=2.4649e-08
    Gamma^3 = (-3.0241e-08-2.1475e-09j)  |.|=3.0317e-08

[ref] saved -> /Users/zzhang/Documents/MyDrafts/STF_lensing/scripts/sachs_sft/analyses/shear3pcf_fastnc/outputs/stage1_bkappa_phase_ref.npz
