/Users/zzhang/Documents/MyDrafts/STF_lensing/scripts/sachs_sft/analyses/shear3pcf_fastnc/stage1_fastnc_tree.py:192: RuntimeWarning: overflow encountered in exp
  out = np.exp(self._pk_spline(np.log(k)))
/Users/zzhang/projects/fastnc_venv/lib/python3.9/site-packages/fastnc/bispectrum.py:673: RuntimeWarning: invalid value encountered in log
  self.bk_interp[sc] = rgi(grid, np.log(bk), method=self.method_interp)
/Users/zzhang/Documents/MyDrafts/STF_lensing/scripts/sachs_sft/analyses/shear3pcf_fastnc/stage1_fastnc_tree.py:192: RuntimeWarning: overflow encountered in exp
  out = np.exp(self._pk_spline(np.log(k)))
/Users/zzhang/projects/fastnc_venv/lib/python3.9/site-packages/fastnc/bispectrum.py:673: RuntimeWarning: invalid value encountered in log
  self.bk_interp[sc] = rgi(grid, np.log(bk), method=self.method_interp)
/Users/zzhang/Documents/MyDrafts/STF_lensing/scripts/sachs_sft/analyses/shear3pcf_fastnc/stage1_fastnc_tree.py:192: RuntimeWarning: overflow encountered in exp
  out = np.exp(self._pk_spline(np.log(k)))
/Users/zzhang/projects/fastnc_venv/lib/python3.9/site-packages/fastnc/bispectrum.py:673: RuntimeWarning: invalid value encountered in log
  self.bk_interp[sc] = rgi(grid, np.log(bk), method=self.method_interp)
/Users/zzhang/Documents/MyDrafts/STF_lensing/scripts/sachs_sft/analyses/shear3pcf_fastnc/stage1_fastnc_tree.py:192: RuntimeWarning: overflow encountered in exp
  out = np.exp(self._pk_spline(np.log(k)))
/Users/zzhang/projects/fastnc_venv/lib/python3.9/site-packages/fastnc/bispectrum.py:673: RuntimeWarning: invalid value encountered in log
  self.bk_interp[sc] = rgi(grid, np.log(bk), method=self.method_interp)
/Users/zzhang/Documents/MyDrafts/STF_lensing/scripts/sachs_sft/analyses/shear3pcf_fastnc/stage1_fastnc_tree.py:192: RuntimeWarning: overflow encountered in exp
  out = np.exp(self._pk_spline(np.log(k)))
/Users/zzhang/projects/fastnc_venv/lib/python3.9/site-packages/fastnc/bispectrum.py:673: RuntimeWarning: invalid value encountered in log
  self.bk_interp[sc] = rgi(grid, np.log(bk), method=self.method_interp)
/Users/zzhang/Documents/MyDrafts/STF_lensing/scripts/sachs_sft/analyses/shear3pcf_fastnc/stage1_fastnc_tree.py:192: RuntimeWarning: overflow encountered in exp
  out = np.exp(self._pk_spline(np.log(k)))
/Users/zzhang/projects/fastnc_venv/lib/python3.9/site-packages/fastnc/bispectrum.py:673: RuntimeWarning: invalid value encountered in log
  self.bk_interp[sc] = rgi(grid, np.log(bk), method=self.method_interp)
/Users/zzhang/Documents/MyDrafts/STF_lensing/scripts/sachs_sft/analyses/shear3pcf_fastnc/stage1_fastnc_tree.py:192: RuntimeWarning: overflow encountered in exp
  out = np.exp(self._pk_spline(np.log(k)))
/Users/zzhang/projects/fastnc_venv/lib/python3.9/site-packages/fastnc/bispectrum.py:673: RuntimeWarning: invalid value encountered in log
  self.bk_interp[sc] = rgi(grid, np.log(bk), method=self.method_interp)
==============================================================================
STAGE 1, STEP 2: fastnc tree-level SPT shear 3PCF natural components
fastnc version 1.2.3; projection=cent; z_s=5.0
==============================================================================

[PRIMARY POINT] gamma=10', phi=60deg (t3=2 gamma sin(phi/2)=10.0000')

--- Convergence scan at the primary point ---

  building BispectrumSPT(Lmax=20, Lmax_diag=20, epmu=1e-07)...
  cosmology: Om0=0.3160919980475834, h=0.6711, w0=-1.0, n_s=0.97
  sigma8 (from PCAMBz0.txt, h-units) = 0.808988
  P(k): 728 pts, k in [1.000e-04, 2.064e+02] h/Mpc
  growth D(0)=1.0000, D(5)=0.211004
  kernel g near z_s=5 [finiteness check]:
    z=4.500  g=1.898354e-09
    z=4.900  g=3.604898e-10
    z=4.990  g=3.564642e-11
    z=5.000  g=0.000000e+00
  [Lmax=20 Ldiag=20 Mmax=20 epmu=1e-07] G0=+6.949670e-08  G1=+1.391943e-07  G2=(+1.221262e-07) + (+7.676745e-09)j

  building BispectrumSPT(Lmax=20, Lmax_diag=40, epmu=1e-07)...
  cosmology: Om0=0.3160919980475834, h=0.6711, w0=-1.0, n_s=0.97
  sigma8 (from PCAMBz0.txt, h-units) = 0.808988
  P(k): 728 pts, k in [1.000e-04, 2.064e+02] h/Mpc
  growth D(0)=1.0000, D(5)=0.211004
  kernel g near z_s=5 [finiteness check]:
    z=4.500  g=1.898354e-09
    z=4.900  g=3.604898e-10
    z=4.990  g=3.564642e-11
    z=5.000  g=0.000000e+00
Decomposing for diag.
  [Lmax=20 Ldiag=40 Mmax=20 epmu=1e-07] G0=+6.949670e-08  G1=+1.391943e-07  G2=(+1.221262e-07) + (+7.676745e-09)j

  building BispectrumSPT(Lmax=30, Lmax_diag=60, epmu=1e-07)...
  cosmology: Om0=0.3160919980475834, h=0.6711, w0=-1.0, n_s=0.97
  sigma8 (from PCAMBz0.txt, h-units) = 0.808988
  P(k): 728 pts, k in [1.000e-04, 2.064e+02] h/Mpc
  growth D(0)=1.0000, D(5)=0.211004
  kernel g near z_s=5 [finiteness check]:
    z=4.500  g=1.898354e-09
    z=4.900  g=3.604898e-10
    z=4.990  g=3.564642e-11
    z=5.000  g=0.000000e+00
Decomposing for diag.
  [Lmax=30 Ldiag=60 Mmax=30 epmu=1e-07] G0=+6.677513e-08  G1=+1.359652e-07  G2=(+1.250346e-07) + (+5.185294e-09)j

  building BispectrumSPT(Lmax=40, Lmax_diag=80, epmu=1e-07)...
  cosmology: Om0=0.3160919980475834, h=0.6711, w0=-1.0, n_s=0.97
  sigma8 (from PCAMBz0.txt, h-units) = 0.808988
  P(k): 728 pts, k in [1.000e-04, 2.064e+02] h/Mpc
  growth D(0)=1.0000, D(5)=0.211004
  kernel g near z_s=5 [finiteness check]:
    z=4.500  g=1.898354e-09
    z=4.900  g=3.604898e-10
    z=4.990  g=3.564642e-11
    z=5.000  g=0.000000e+00
Decomposing for diag.
  [Lmax=40 Ldiag=80 Mmax=40 epmu=1e-07] G0=+6.536657e-08  G1=+1.341805e-07  G2=(+1.261109e-07) + (+4.967576e-09)j

  building BispectrumSPT(Lmax=30, Lmax_diag=60, epmu=1e-06)...
  cosmology: Om0=0.3160919980475834, h=0.6711, w0=-1.0, n_s=0.97
  sigma8 (from PCAMBz0.txt, h-units) = 0.808988
  P(k): 728 pts, k in [1.000e-04, 2.064e+02] h/Mpc
  growth D(0)=1.0000, D(5)=0.211004
  kernel g near z_s=5 [finiteness check]:
    z=4.500  g=1.898354e-09
    z=4.900  g=3.604898e-10
    z=4.990  g=3.564642e-11
    z=5.000  g=0.000000e+00
Decomposing for diag.
  [Lmax=30 Ldiag=60 Mmax=30 epmu=1e-06] G0=+6.669141e-08  G1=+1.358678e-07  G2=(+1.250330e-07) + (+5.150181e-09)j

  building BispectrumSPT(Lmax=30, Lmax_diag=60, epmu=1e-08)...
  cosmology: Om0=0.3160919980475834, h=0.6711, w0=-1.0, n_s=0.97
  sigma8 (from PCAMBz0.txt, h-units) = 0.808988
  P(k): 728 pts, k in [1.000e-04, 2.064e+02] h/Mpc
  growth D(0)=1.0000, D(5)=0.211004
  kernel g near z_s=5 [finiteness check]:
    z=4.500  g=1.898354e-09
    z=4.900  g=3.604898e-10
    z=4.990  g=3.564642e-11
    z=5.000  g=0.000000e+00
Decomposing for diag.
  [Lmax=30 Ldiag=60 Mmax=30 epmu=1e-08] G0=+6.687000e-08  G1=+1.360647e-07  G2=(+1.250389e-07) + (+5.218785e-09)j

--- Primary-point convergence summary (Re/Im) ---
  Lmax=20 Ldiag=20 Mmax=20 epmu=1e-07 | G0=(+6.949670e-08) + (+5.156000e-24)j | reldiff(G0)=6.32e-02 reldiff(G2)=3.82e-02
  Lmax=20 Ldiag=40 Mmax=20 epmu=1e-07 | G0=(+6.949670e-08) + (+5.156000e-24)j | reldiff(G0)=6.32e-02 reldiff(G2)=3.82e-02
  Lmax=30 Ldiag=60 Mmax=30 epmu=1e-07 | G0=(+6.677513e-08) + (+2.236878e-24)j | reldiff(G0)=2.15e-02 reldiff(G2)=8.70e-03
  Lmax=40 Ldiag=80 Mmax=40 epmu=1e-07 | G0=(+6.536657e-08) + (+6.860276e-24)j | reldiff(G0)=0.00e+00 reldiff(G2)=0.00e+00
  Lmax=30 Ldiag=60 Mmax=30 epmu=1e-06 | G0=(+6.669141e-08) + (+2.162897e-24)j | reldiff(G0)=2.03e-02 reldiff(G2)=8.66e-03
  Lmax=30 Ldiag=60 Mmax=30 epmu=1e-08 | G0=(+6.687000e-08) + (+2.282834e-24)j | reldiff(G0)=2.30e-02 reldiff(G2)=8.72e-03

[PRIMARY POINT Gamma^0..3] (converged setting Lmax=40,Lmax_diag=80,Mmax=40,epmu=1e-7):
    Gamma0 = (+6.536657e-08) + (+6.860276e-24)j
    Gamma1 = (+1.341805e-07) + (-1.038835e-23)j
    Gamma2 = (+1.261109e-07) + (+4.967576e-09)j
    Gamma3 = (+1.261109e-07) + (-4.967576e-09)j

==============================================================================
FULL PINNED GRID (production setting {'Lmax': 24, 'Lmax_diag': 48, 'Mmax': 24, 'epmu': 1e-07})
  gamma_arcmin = [10.0, 50.0, 150.0]
  phi_deg      = [10.0, 20.0, 30.0, 45.0, 60.0, 90.0, 120.0]
==============================================================================
  cosmology: Om0=0.3160919980475834, h=0.6711, w0=-1.0, n_s=0.97
  sigma8 (from PCAMBz0.txt, h-units) = 0.808988
  P(k): 728 pts, k in [1.000e-04, 2.064e+02] h/Mpc
  growth D(0)=1.0000, D(5)=0.211004
  kernel g near z_s=5 [finiteness check]:
    z=4.500  g=1.898354e-09
    z=4.900  g=3.604898e-10
    z=4.990  g=3.564642e-11
    z=5.000  g=0.000000e+00
Decomposing for diag.

  gamma=10':
    phi= 10.0deg: G0=+1.21798e-07  G1=+2.18849e-07  G2=(+1.390601e-07) + (-2.764258e-07)j  G3=(+1.390601e-07) + (+2.764258e-07)j
    phi= 20.0deg: G0=+1.21257e-07  G1=+1.96011e-07  G2=(-9.442333e-08) + (-1.098407e-07)j  G3=(-9.442333e-08) + (+1.098407e-07)j
    phi= 30.0deg: G0=+9.93427e-08  G1=+1.81756e-07  G2=(-6.542237e-08) + (+5.155888e-08)j  G3=(-6.542237e-08) + (-5.155888e-08)j
    phi= 45.0deg: G0=+7.55356e-08  G1=+1.60035e-07  G2=(+7.131584e-08) + (+7.834906e-08)j  G3=(+7.131584e-08) + (-7.834906e-08)j
    phi= 60.0deg: G0=+6.81455e-08  G1=+1.37522e-07  G2=(+1.242222e-07) + (+6.227785e-09)j  G3=(+1.242222e-07) + (-6.227785e-09)j
    phi= 90.0deg: G0=+7.19069e-08  G1=+8.60033e-08  G2=(+5.618994e-08) + (-7.822855e-08)j  G3=(+5.618994e-08) + (+7.822855e-08)j
    phi=120.0deg: G0=+1.86979e-08  G1=+3.24673e-08  G2=(-6.587961e-08) + (-5.512867e-08)j  G3=(-6.587961e-08) + (+5.512867e-08)j

  gamma=50':
    phi= 10.0deg: G0=+4.64670e-08  G1=+3.86876e-08  G2=(+3.297831e-08) + (-5.008709e-08)j  G3=(+3.297831e-08) + (+5.008709e-08)j
    phi= 20.0deg: G0=+4.97961e-08  G1=+3.30489e-08  G2=(-3.446663e-09) + (-5.421254e-09)j  G3=(-3.446663e-09) + (+5.421254e-09)j
    phi= 30.0deg: G0=+4.50665e-08  G1=+3.27618e-08  G2=(+9.475725e-09) + (+1.738238e-08)j  G3=(+9.475725e-09) + (-1.738238e-08)j
    phi= 45.0deg: G0=+4.10515e-08  G1=+2.97904e-08  G2=(+2.572406e-08) + (+9.660831e-09)j  G3=(+2.572406e-08) + (-9.660831e-09)j
    phi= 60.0deg: G0=+3.80040e-08  G1=+2.69266e-08  G2=(+2.590157e-08) + (-6.816735e-10)j  G3=(+2.590157e-08) + (+6.816735e-10)j
    phi= 90.0deg: G0=+2.64428e-08  G1=+2.12088e-08  G2=(+1.523708e-08) + (-2.151646e-09)j  G3=(+1.523708e-08) + (+2.151646e-09)j
    phi=120.0deg: G0=+3.16685e-09  G1=+1.57051e-08  G2=(+1.985620e-09) + (+8.006931e-09)j  G3=(+1.985620e-09) + (-8.006931e-09)j

  gamma=150':
    phi= 10.0deg: G0=+8.17966e-09  G1=+7.00151e-09  G2=(+3.278589e-09) + (-2.665022e-09)j  G3=(+3.278589e-09) + (+2.665022e-09)j
    phi= 20.0deg: G0=+8.73614e-09  G1=+4.72371e-09  G2=(+1.628730e-09) + (+1.156756e-10)j  G3=(+1.628730e-09) + (-1.156756e-10)j
    phi= 30.0deg: G0=+7.95109e-09  G1=+4.29273e-09  G2=(+2.427096e-09) + (+1.894493e-09)j  G3=(+2.427096e-09) + (-1.894493e-09)j
    phi= 45.0deg: G0=+7.03332e-09  G1=+3.24866e-09  G2=(+2.812508e-09) + (+5.173696e-10)j  G3=(+2.812508e-09) + (-5.173696e-10)j
    phi= 60.0deg: G0=+6.07913e-09  G1=+2.58594e-09  G2=(+2.335090e-09) + (-2.354076e-10)j  G3=(+2.335090e-09) + (+2.354076e-10)j
    phi= 90.0deg: G0=+3.54428e-09  G1=+1.85236e-09  G2=(+1.600176e-09) + (-4.318680e-12)j  G3=(+1.600176e-09) + (+4.318680e-12)j
    phi=120.0deg: G0=+4.36910e-10  G1=+1.37255e-09  G2=(+8.040021e-10) + (+1.194203e-09)j  G3=(+8.040021e-10) + (-1.194203e-09)j

Saved tree-level grid -> /Users/zzhang/Documents/MyDrafts/STF_lensing/scripts/sachs_sft/analyses/shear3pcf_fastnc/outputs/stage1_fastnc.npz
(self-check plot skipped: No module named 'matplotlib')

STAGE 1 STEP 2: DONE.
