N=1000 dlam=1.909 n_real=24000 seeds=8 calib=smeared
  gamma  sigma           MC    seedSEM  scat%        exact  MC/exact      ref_inj     analytic   MC/ana exact/ref  vr/ana full/pert
[perm-aware] 2142 unordered rows, 16 shells, key 12 decimals, permutation closure 99.8%, from table_permclosed_cut15360.npz
   0.50    8.0  1.89701e-05   1.35e-07   2.02  1.89256e-05    1.0024  1.94623e-05  1.94795e-05   0.9738    0.9724  0.2480    1.0037 [37s]
   0.50    4.0  1.91387e-05   1.67e-07   2.47  1.92025e-05    0.9967  1.94623e-05  1.94795e-05   0.9825    0.9867  0.2535    1.0046 [36s]
   0.80    8.0  1.69079e-05   1.23e-07   2.06  1.68315e-05    1.0045  1.72982e-05  1.73095e-05   0.9768    0.9730  0.2310    1.0039 [36s]
   0.80    4.0  1.70509e-05   1.62e-07   2.68  1.70725e-05    0.9987  1.72982e-05  1.73095e-05   0.9851    0.9870  0.2366    1.0049 [37s]
   1.30    8.0  1.42629e-05   1.09e-07   2.16  1.41378e-05    1.0088  1.45159e-05  1.44402e-05   0.9877    0.9740  0.2040    1.0042 [37s]
   1.30    4.0  1.43764e-05   1.48e-07   2.92  1.43333e-05    1.0030  1.45159e-05  1.44402e-05   0.9956    0.9874  0.2097    1.0054 [37s]
   2.00    8.0  1.21153e-05   9.71e-08   2.27  1.19251e-05    1.0160  1.22338e-05  1.22312e-05   0.9905    0.9748  0.1760    1.0044 [37s]
   2.00    4.0  1.22039e-05   1.34e-07   3.10  1.20849e-05    1.0098  1.22338e-05  1.22312e-05   0.9978    0.9878  0.1818    1.0058 [37s]
   3.20    8.0  9.52835e-06   8.95e-08   2.66  9.26401e-06    1.0285  9.49285e-06  9.50532e-06   1.0024    0.9759  0.1429    1.0046 [37s]
   3.20    4.0  9.59697e-06   1.28e-07   3.77  9.38264e-06    1.0228  9.49285e-06  9.50532e-06   1.0096    0.9884  0.1495    1.0062 [36s]
   5.00    8.0  7.15659e-06   8.75e-08   3.46  6.86615e-06    1.0423  7.02739e-06  7.03781e-06   1.0169    0.9771  0.1101    1.0049 [36s]
   5.00    4.0  7.20566e-06   1.34e-07   5.28  6.94982e-06    1.0368  7.02739e-06  7.03781e-06   1.0238    0.9890  0.1176    1.0068 [35s]
   8.00    8.0  4.90513e-06   8.50e-08   4.90  4.61788e-06    1.0622  4.71902e-06  4.74546e-06   1.0336    0.9786  0.0654    1.0054 [38s]
   8.00    4.0  4.94103e-06   1.37e-07   7.85  4.67044e-06    1.0579  4.71902e-06  4.74546e-06   1.0412    0.9897  0.0745    1.0079 [37s]
  12.00    8.0  3.30339e-06   8.45e-08   7.24  3.03423e-06    1.0887  3.09594e-06  3.12580e-06   1.0568    0.9801  0.0270    1.0061 [37s]
  12.00    4.0  3.31485e-06   1.40e-07  11.91  3.06633e-06    1.0810  3.09594e-06  3.12580e-06   1.0605    0.9904  0.0378    1.0094 [37s]
  17.30    8.0  2.19123e-06   8.44e-08  10.89  1.93975e-06    1.1296  1.97630e-06  1.96635e-06   1.1144    0.9815  0.0030    1.0071 [38s]
  17.30    4.0  2.19919e-06   1.41e-07  18.15  1.95876e-06    1.1227  1.97630e-06  1.96635e-06   1.1184    0.9911  0.0195    1.0117 [37s]
-> _gate4_gamma.npz
