[t1] /opt/homebrew/Caskroom/miniconda/base/envs/PyCCL/bin/python -m canoes.sachs.sft_input.corr_op.build --pk examples/data/PCAMB_pyccl_stf_fid_z0.txt --omega-m 0.3160919980475834 --h 0.6711 --n-s 0.97 --ell-max 5000 --dense-threshold 500 --n-log-per-decade 16 --lambda-grid custom --lambda-grid-custom 1300.0,1373.5,1447.0 --source-coord lambda_project_mpc --chi-min 50.0 --n-chi-per-pair 256 --accuracy default --ell-hi-threshold 800 --output /Users/zzhang/Documents/MyDrafts/STF_lensing/driver_field_emulators/code/mc_fk_complete/psd_fix/dense/corr_op_dense_calib3.npz
======================================================================
Building C-propagator table  (smoke=False, ell_max=5000)
======================================================================
  ell_grid (build):    size=515 [2..5000]
  ell_assembly_grid:   size=4999 [2..5000]
  lambda_grid:         size=3 [1300..1447] Mpc (lambda_project_mpc)
  chi_min:             50.0  n_chi_per_pair:        256  accuracy:              default
  ell_hi_threshold:    800  (ell > this -> analytical Limber; ell <= this -> t-form)
  N_pairs = 9  (chi-measure Sachs prefactor folded in at build time)
  Build complete: 170.7s (2.8 min)
  Saving to: /Users/zzhang/Documents/MyDrafts/STF_lensing/driver_field_emulators/code/mc_fk_complete/psd_fix/dense/corr_op_dense_calib3.npz
======================================================================
Verifying npz round-trip + C_fn closure
======================================================================
  Loading: /Users/zzhang/Documents/MyDrafts/STF_lensing/driver_field_emulators/code/mc_fk_complete/psd_fix/dense/corr_op_dense_calib3.npz
    small-γ  t=( 1300, 1300): TT=7.043e-11  RePsi0=3.531e-11  ImPsi0=3.349e-11
    small-γ  t=( 1374, 1447): TT=7.967e-11  RePsi0=4.058e-11  ImPsi0=3.840e-11
    small-γ  t=( 1447, 1447): TT=1.069e-10  RePsi0=5.391e-11  ImPsi0=5.077e-11
    γ=π/2    t=( 1300, 1300): TT=-1.917e-15  RePsi0=1.328e-15  ImPsi0=-1.395e-15
    γ=π/2    t=( 1374, 1447): TT=-1.367e-15  RePsi0=1.318e-15  ImPsi0=-1.380e-15
    γ=π/2    t=( 1447, 1447): TT=-2.074e-15  RePsi0=1.319e-15  ImPsi0=-1.385e-15
  Verified 6/6 (n1, n2, t1, t2) cells.
======================================================================
Done.  Deploy with::
    export SFT_WICK_CORR_OP_TABLE_NPZ=/Users/zzhang/Documents/MyDrafts/STF_lensing/driver_field_emulators/code/mc_fk_complete/psd_fix/dense/corr_op_dense_calib3.npz
    # then import C_fn from canoes.sachs.sft_input.corr_op
======================================================================
[t1] tag=calib3 rc=0 wall=172.2s
