[t1] /opt/homebrew/Caskroom/miniconda/base/envs/PyCCL/bin/python -m canoes.sachs.sft_input.corr_op.build --pk examples/data/PCAMB_pyccl_stf_fid_z0.txt --omega-m 0.3160919980475834 --h 0.6711 --n-s 0.97 --ell-max 5000 --dense-threshold 500 --n-log-per-decade 16 --lambda-grid custom --lambda-grid-custom 2160.0,2182.5,2205.0,2227.5,2250.0 --source-coord lambda_project_mpc --chi-min 50.0 --n-chi-per-pair 256 --accuracy default --ell-hi-threshold 800 --output /Users/zzhang/Documents/MyDrafts/STF_lensing/driver_field_emulators/code/mc_fk_complete/psd_fix/dense/corr_op_dense_cellD5.npz
======================================================================
Building C-propagator table  (smoke=False, ell_max=5000)
======================================================================
  ell_grid (build):    size=515 [2..5000]
  ell_assembly_grid:   size=4999 [2..5000]
  lambda_grid:         size=5 [2160..2250] Mpc (lambda_project_mpc)
  chi_min:             50.0  n_chi_per_pair:        256  accuracy:              default
  ell_hi_threshold:    800  (ell > this -> analytical Limber; ell <= this -> t-form)
  N_pairs = 25  (chi-measure Sachs prefactor folded in at build time)
  Build complete: 317.1s (5.3 min)
  Saving to: /Users/zzhang/Documents/MyDrafts/STF_lensing/driver_field_emulators/code/mc_fk_complete/psd_fix/dense/corr_op_dense_cellD5.npz
======================================================================
Verifying npz round-trip + C_fn closure
======================================================================
  Loading: /Users/zzhang/Documents/MyDrafts/STF_lensing/driver_field_emulators/code/mc_fk_complete/psd_fix/dense/corr_op_dense_cellD5.npz
    small-γ  t=( 2160, 2160): TT=2.827e-09  RePsi0=1.481e-09  ImPsi0=1.314e-09
    small-γ  t=( 2205, 2250): TT=5.054e-09  RePsi0=2.683e-09  ImPsi0=2.364e-09
    small-γ  t=( 2250, 2250): TT=8.565e-09  RePsi0=4.550e-09  ImPsi0=3.962e-09
    γ=π/2    t=( 2160, 2160): TT=-8.989e-15  RePsi0=3.936e-15  ImPsi0=-4.131e-15
    γ=π/2    t=( 2205, 2250): TT=-8.588e-15  RePsi0=6.372e-15  ImPsi0=-6.682e-15
    γ=π/2    t=( 2250, 2250): TT=-2.043e-14  RePsi0=7.857e-15  ImPsi0=-8.231e-15
  Verified 6/6 (n1, n2, t1, t2) cells.
======================================================================
Done.  Deploy with::
    export SFT_WICK_CORR_OP_TABLE_NPZ=/Users/zzhang/Documents/MyDrafts/STF_lensing/driver_field_emulators/code/mc_fk_complete/psd_fix/dense/corr_op_dense_cellD5.npz
    # then import C_fn from canoes.sachs.sft_input.corr_op
======================================================================
[t1] tag=cellD5 rc=0 wall=318.5s
