[t1] /opt/homebrew/Caskroom/miniconda/base/envs/PyCCL/bin/python -m canoes.sachs.sft_input.corr_op.build --pk examples/data/PCAMB_pyccl_stf_fid_z0.txt --omega-m 0.3160919980475834 --h 0.6711 --n-s 0.97 --ell-max 5000 --dense-threshold 500 --n-log-per-decade 16 --lambda-grid custom --lambda-grid-custom 1700.0,1750.0,1800.0,1850.0,1900.0 --source-coord lambda_project_mpc --chi-min 50.0 --n-chi-per-pair 256 --accuracy default --ell-hi-threshold 800 --output /Users/zzhang/Documents/MyDrafts/STF_lensing/driver_field_emulators/code/mc_fk_complete/psd_fix/dense/corr_op_dense_cellB5.npz
======================================================================
Building C-propagator table  (smoke=False, ell_max=5000)
======================================================================
  ell_grid (build):    size=515 [2..5000]
  ell_assembly_grid:   size=4999 [2..5000]
  lambda_grid:         size=5 [1700..1900] Mpc (lambda_project_mpc)
  chi_min:             50.0  n_chi_per_pair:        256  accuracy:              default
  ell_hi_threshold:    800  (ell > this -> analytical Limber; ell <= this -> t-form)
  N_pairs = 25  (chi-measure Sachs prefactor folded in at build time)
  Build complete: 322.9s (5.4 min)
  Saving to: /Users/zzhang/Documents/MyDrafts/STF_lensing/driver_field_emulators/code/mc_fk_complete/psd_fix/dense/corr_op_dense_cellB5.npz
======================================================================
Verifying npz round-trip + C_fn closure
======================================================================
  Loading: /Users/zzhang/Documents/MyDrafts/STF_lensing/driver_field_emulators/code/mc_fk_complete/psd_fix/dense/corr_op_dense_cellB5.npz
    small-γ  t=( 1700, 1700): TT=2.415e-10  RePsi0=1.229e-10  ImPsi0=1.141e-10
    small-γ  t=( 1800, 1900): TT=3.308e-10  RePsi0=1.709e-10  ImPsi0=1.578e-10
    small-γ  t=( 1900, 1900): TT=5.397e-10  RePsi0=2.777e-10  ImPsi0=2.540e-10
    γ=π/2    t=( 1700, 1700): TT=-2.615e-15  RePsi0=1.457e-15  ImPsi0=-1.527e-15
    γ=π/2    t=( 1800, 1900): TT=-1.626e-15  RePsi0=1.693e-15  ImPsi0=-1.766e-15
    γ=π/2    t=( 1900, 1900): TT=-3.451e-15  RePsi0=1.823e-15  ImPsi0=-1.904e-15
  Verified 6/6 (n1, n2, t1, t2) cells.
======================================================================
Done.  Deploy with::
    export SFT_WICK_CORR_OP_TABLE_NPZ=/Users/zzhang/Documents/MyDrafts/STF_lensing/driver_field_emulators/code/mc_fk_complete/psd_fix/dense/corr_op_dense_cellB5.npz
    # then import C_fn from canoes.sachs.sft_input.corr_op
======================================================================
[t1] tag=cellB5 rc=0 wall=324.3s
