fold gamma nodes used: ["1.0155'", "5.3041'", "17.2755'"]
   t_final     gamma          fold    exact s=8       s=4   r(s->0)
[perm-aware] 2142 unordered rows, 16 shells, key 12 decimals, permutation closure 99.8%, from table_permclosed_cut1000.npz
    1330.7    1.015'    4.9163e-08       0.9690    0.9844    0.9998
    1330.7    5.304'    4.4802e-08       0.9691    0.9844    0.9997
    1330.7   17.276'    2.2977e-08       0.9697    0.9842    0.9987
    1822.7    1.015'    3.5656e-07       0.9801    0.9921    1.0041
    1822.7    5.304'    3.1958e-07       0.9803    0.9922    1.0041
    1822.7   17.276'    1.3998e-07       0.9814    0.9925    1.0037
    2095.0    1.015'    1.1072e-06       0.9828    0.9939    1.0049
    2095.0    5.304'    9.8096e-07       0.9830    0.9940    1.0049
    2095.0   17.276'    3.8036e-07       0.9847    0.9948    1.0048
    2216.8    1.015'    2.0672e-06       0.9829    0.9939    1.0050
    2216.8    5.304'    1.8190e-06       0.9831    0.9940    1.0050
    2216.8   17.276'    6.5188e-07       0.9852    0.9950    1.0049
    2266.6    1.015'    2.8555e-06       0.9816    0.9928    1.0041
    2266.6    5.304'    2.5034e-06       0.9818    0.9930    1.0041
    2266.6   17.276'    8.5822e-07       0.9844    0.9943    1.0042
    2297.3    1.015'    3.6535e-06       0.9801    0.9916    1.0032
    2297.3    5.304'    3.1938e-06       0.9804    0.9918    1.0032
    2297.3   17.276'    1.0567e-06       0.9836    0.9935    1.0035
    2318.0    1.015'    4.5038e-06       0.9778    0.9897    1.0017
    2318.0    5.304'    3.9275e-06       0.9782    0.9899    1.0017
    2318.0   17.276'    1.2593e-06       0.9822    0.9923    1.0025

sigma->0 ratio across 7 source distances x 3 separations: median 1.0041  min 0.9987  max 1.0050
amplitude range of the fold over t_final: 196.0x
