[perm-aware] 2142 unordered rows, 16 shells, key 12 decimals, permutation closure 99.8%, from table_permclosed_cut15360.npz
[perm-aware] 2142 unordered rows, 16 shells, key 12 decimals, permutation closure 99.8%, from table_permclosed_cut1000.npz
[perm-aware] 1791 unordered rows, 16 shells, key 12 decimals, permutation closure 99.8%, from table_permclosed_cut1000_r1.npz
[etl-callable] loaded 6/6 nonzero channels ('zeta_TTT', 'zeta_TTP', 'zeta_TPP', 'zeta_PPP', 'zeta_Bmod', 'zeta_Dmod') (U=498, N_lam=16) from table_permclosed_cut1000.npz
[etl-callable] loaded 6/6 nonzero channels ('zeta_TTT', 'zeta_TTP', 'zeta_TPP', 'zeta_PPP', 'zeta_Bmod', 'zeta_Dmod') (U=498, N_lam=16) from table_tree_cut1000_r4.npz
[etl-callable] loaded 6/6 nonzero channels ('zeta_TTT', 'zeta_TTP', 'zeta_TPP', 'zeta_PPP', 'zeta_Bmod', 'zeta_Dmod') (U=498, N_lam=16) from table_tree_cut15360_r4.npz
[etl-callable] loaded 6/6 nonzero channels ('zeta_TTT', 'zeta_TTP', 'zeta_TPP', 'zeta_PPP', 'zeta_Bmod', 'zeta_Dmod') (U=498, N_lam=16) from table_bihalofit_cut960_r4.npz
[etl-callable] loaded 6/6 nonzero channels ('zeta_TTT', 'zeta_TTP', 'zeta_TPP', 'zeta_PPP', 'zeta_Bmod', 'zeta_Dmod') (U=498, N_lam=16) from table_bihalofit_cut15360_r4.npz
table                         |F:zeta| at 1200 Mpc  shape corr w/ prod  peak lam
permclosed_cut15360                     1.3502e-17            1.000000      2313
permclosed_cut1000                      5.8141e-18            0.998448      2313
permclosed_cut1000_r1                   5.8141e-18            0.998448      2313
permclosed_cut1000_LEGACY               5.8140e-18            0.998448      2313
tree_cut1000_r4                         5.8143e-18            0.998448      2313
tree_cut15360_r4                        1.3848e-17            1.000000      2313
bihalofit_cut960_r4                     1.2578e-17            0.998358      2313
bihalofit_cut15360_r4                   4.0035e-16            0.997634      2313

pairwise max |shape ratio - 1| against the production table:
  permclosed_cut15360             0.0000
  permclosed_cut1000              0.2730
  permclosed_cut1000_r1           0.2730
  permclosed_cut1000_LEGACY       0.2730
  tree_cut1000_r4                 0.2730
  tree_cut15360_r4                0.0002
  bihalofit_cut960_r4             0.2676
  bihalofit_cut15360_r4           0.3625
