[run_FF_single] kappa2 = kappa2_grid_lcut0_low_empty.npz
[run_FF_single] sigma2 = disabled
[run_FF_single] sweep.n_gauss = 24
[run_FF_single] expand.orders = (0, 2)
[run_FF_single] -> /Users/zzhang/Documents/MyDrafts/STF_lensing/driver_field_emulators/products/table_permclosed_cut1000_r1_permfix_xi.npz
[perm-aware] 1791 unordered rows, 16 shells, key 12 decimals, permutation closure 99.8%, from table_permclosed_cut1000_r1.npz
[perm-aware] 1791 unordered rows, 16 shells, key 12 decimals, permutation closure 99.8%, from table_permclosed_cut1000_r1.npz
[perm-aware] 1791 unordered rows, 16 shells, key 12 decimals, permutation closure 99.8%, from table_permclosed_cut1000_r1.npz
/opt/homebrew/Caskroom/miniconda/base/envs/sft-wick/lib/python3.14/site-packages/joblib/externals/loky/process_executor.py:782: UserWarning: A worker stopped while some jobs were given to the executor. This can be caused by a too short worker timeout or by a memory leak.
  warnings.warn(
[perm-aware] 1791 unordered rows, 16 shells, key 12 decimals, permutation closure 99.8%, from table_permclosed_cut1000_r1.npz
[perm-aware] 1791 unordered rows, 16 shells, key 12 decimals, permutation closure 99.8%, from table_permclosed_cut1000_r1.npz
[perm-aware] 1791 unordered rows, 16 shells, key 12 decimals, permutation closure 99.8%, from table_permclosed_cut1000_r1.npz
[perm-aware] 1791 unordered rows, 16 shells, key 12 decimals, permutation closure 99.8%, from table_permclosed_cut1000_r1.npz
[perm-aware] 1791 unordered rows, 16 shells, key 12 decimals, permutation closure 99.8%, from table_permclosed_cut1000_r1.npz
[perm-aware] 1791 unordered rows, 16 shells, key 12 decimals, permutation closure 99.8%, from table_permclosed_cut1000_r1.npz
[perm-aware] 1791 unordered rows, 16 shells, key 12 decimals, permutation closure 99.8%, from table_permclosed_cut1000_r1.npz
[perm-aware] 1791 unordered rows, 16 shells, key 12 decimals, permutation closure 99.8%, from table_permclosed_cut1000_r1.npz
[perm-aware] 1791 unordered rows, 16 shells, key 12 decimals, permutation closure 99.8%, from table_permclosed_cut1000_r1.npz
[perm-aware] 1791 unordered rows, 16 shells, key 12 decimals, permutation closure 99.8%, from table_permclosed_cut1000_r1.npz
[perm-aware] 1791 unordered rows, 16 shells, key 12 decimals, permutation closure 99.8%, from table_permclosed_cut1000_r1.npz
[perm-aware] 1791 unordered rows, 16 shells, key 12 decimals, permutation closure 99.8%, from table_permclosed_cut1000_r1.npz
[perm-aware] 1791 unordered rows, 16 shells, key 12 decimals, permutation closure 99.8%, from table_permclosed_cut1000_r1.npz
[perm-aware] 1791 unordered rows, 16 shells, key 12 decimals, permutation closure 99.8%, from table_permclosed_cut1000_r1.npz
[perm-aware] 1791 unordered rows, 16 shells, key 12 decimals, permutation closure 99.8%, from table_permclosed_cut1000_r1.npz
[perm-aware] 1791 unordered rows, 16 shells, key 12 decimals, permutation closure 99.8%, from table_permclosed_cut1000_r1.npz
[perm-aware] 1791 unordered rows, 16 shells, key 12 decimals, permutation closure 99.8%, from table_permclosed_cut1000_r1.npz
[perm-aware] 1791 unordered rows, 16 shells, key 12 decimals, permutation closure 99.8%, from table_permclosed_cut1000_r1.npz
[perm-aware] 1791 unordered rows, 16 shells, key 12 decimals, permutation closure 99.8%, from table_permclosed_cut1000_r1.npz
[perm-aware] 1791 unordered rows, 16 shells, key 12 decimals, permutation closure 99.8%, from table_permclosed_cut1000_r1.npz
[perm-aware] 1791 unordered rows, 16 shells, key 12 decimals, permutation closure 99.8%, from table_permclosed_cut1000_r1.npz
[perm-aware] 1791 unordered rows, 16 shells, key 12 decimals, permutation closure 99.8%, from table_permclosed_cut1000_r1.npz
[perm-aware] 1791 unordered rows, 16 shells, key 12 decimals, permutation closure 99.8%, from table_permclosed_cut1000_r1.npz
[perm-aware] 1791 unordered rows, 16 shells, key 12 decimals, permutation closure 99.8%, from table_permclosed_cut1000_r1.npz
[perm-aware] 1791 unordered rows, 16 shells, key 12 decimals, permutation closure 99.8%, from table_permclosed_cut1000_r1.npz
[perm-aware] 1791 unordered rows, 16 shells, key 12 decimals, permutation closure 99.8%, from table_permclosed_cut1000_r1.npz
[perm-aware] 1791 unordered rows, 16 shells, key 12 decimals, permutation closure 99.8%, from table_permclosed_cut1000_r1.npz
[perm-aware] 1791 unordered rows, 16 shells, key 12 decimals, permutation closure 99.8%, from table_permclosed_cut1000_r1.npz
[perm-aware] 1791 unordered rows, 16 shells, key 12 decimals, permutation closure 99.8%, from table_permclosed_cut1000_r1.npz
[perm-aware] 1791 unordered rows, 16 shells, key 12 decimals, permutation closure 99.8%, from table_permclosed_cut1000_r1.npz
[perm-aware] 1791 unordered rows, 16 shells, key 12 decimals, permutation closure 99.8%, from table_permclosed_cut1000_r1.npz
[perm-aware] 1791 unordered rows, 16 shells, key 12 decimals, permutation closure 99.8%, from table_permclosed_cut1000_r1.npz
[perm-aware] 1791 unordered rows, 16 shells, key 12 decimals, permutation closure 99.8%, from table_permclosed_cut1000_r1.npz
[perm-aware] 1791 unordered rows, 16 shells, key 12 decimals, permutation closure 99.8%, from table_permclosed_cut1000_r1.npz
[perm-aware] 1791 unordered rows, 16 shells, key 12 decimals, permutation closure 99.8%, from table_permclosed_cut1000_r1.npz
[perm-aware] 1791 unordered rows, 16 shells, key 12 decimals, permutation closure 99.8%, from table_permclosed_cut1000_r1.npz
[perm-aware] 1791 unordered rows, 16 shells, key 12 decimals, permutation closure 99.8%, from table_permclosed_cut1000_r1.npz
[perm-aware] 1791 unordered rows, 16 shells, key 12 decimals, permutation closure 99.8%, from table_permclosed_cut1000_r1.npz
[perm-aware] 1791 unordered rows, 16 shells, key 12 decimals, permutation closure 99.8%, from table_permclosed_cut1000_r1.npz
[perm-aware] 1791 unordered rows, 16 shells, key 12 decimals, permutation closure 99.8%, from table_permclosed_cut1000_r1.npz
[perm-aware] 1791 unordered rows, 16 shells, key 12 decimals, permutation closure 99.8%, from table_permclosed_cut1000_r1.npz
[perm-aware] 1791 unordered rows, 16 shells, key 12 decimals, permutation closure 99.8%, from table_permclosed_cut1000_r1.npz
[perm-aware] 1791 unordered rows, 16 shells, key 12 decimals, permutation closure 99.8%, from table_permclosed_cut1000_r1.npz
[perm-aware] 1791 unordered rows, 16 shells, key 12 decimals, permutation closure 99.8%, from table_permclosed_cut1000_r1.npz
[perm-aware] 1791 unordered rows, 16 shells, key 12 decimals, permutation closure 99.8%, from table_permclosed_cut1000_r1.npz
[perm-aware] 1791 unordered rows, 16 shells, key 12 decimals, permutation closure 99.8%, from table_permclosed_cut1000_r1.npz
[perm-aware] 1791 unordered rows, 16 shells, key 12 decimals, permutation closure 99.8%, from table_permclosed_cut1000_r1.npz
[perm-aware] 1791 unordered rows, 16 shells, key 12 decimals, permutation closure 99.8%, from table_permclosed_cut1000_r1.npz
[perm-aware] 1791 unordered rows, 16 shells, key 12 decimals, permutation closure 99.8%, from table_permclosed_cut1000_r1.npz
[perm-aware] 1791 unordered rows, 16 shells, key 12 decimals, permutation closure 99.8%, from table_permclosed_cut1000_r1.npz
[perm-aware] 1791 unordered rows, 16 shells, key 12 decimals, permutation closure 99.8%, from table_permclosed_cut1000_r1.npz
[perm-aware] 1791 unordered rows, 16 shells, key 12 decimals, permutation closure 99.8%, from table_permclosed_cut1000_r1.npz
[perm-aware] 1791 unordered rows, 16 shells, key 12 decimals, permutation closure 99.8%, from table_permclosed_cut1000_r1.npz
[perm-aware] 1791 unordered rows, 16 shells, key 12 decimals, permutation closure 99.8%, from table_permclosed_cut1000_r1.npz
[perm-aware] 1791 unordered rows, 16 shells, key 12 decimals, permutation closure 99.8%, from table_permclosed_cut1000_r1.npz
[perm-aware] 1791 unordered rows, 16 shells, key 12 decimals, permutation closure 99.8%, from table_permclosed_cut1000_r1.npz
[perm-aware] 1791 unordered rows, 16 shells, key 12 decimals, permutation closure 99.8%, from table_permclosed_cut1000_r1.npz
[perm-aware] 1791 unordered rows, 16 shells, key 12 decimals, permutation closure 99.8%, from table_permclosed_cut1000_r1.npz
[perm-aware] 1791 unordered rows, 16 shells, key 12 decimals, permutation closure 99.8%, from table_permclosed_cut1000_r1.npz
[perm-aware] 1791 unordered rows, 16 shells, key 12 decimals, permutation closure 99.8%, from table_permclosed_cut1000_r1.npz
[perm-aware] 1791 unordered rows, 16 shells, key 12 decimals, permutation closure 99.8%, from table_permclosed_cut1000_r1.npz
[perm-aware] 1791 unordered rows, 16 shells, key 12 decimals, permutation closure 99.8%, from table_permclosed_cut1000_r1.npz
[perm-aware] 1791 unordered rows, 16 shells, key 12 decimals, permutation closure 99.8%, from table_permclosed_cut1000_r1.npz
[perm-aware] 1791 unordered rows, 16 shells, key 12 decimals, permutation closure 99.8%, from table_permclosed_cut1000_r1.npz
[perm-aware] 1791 unordered rows, 16 shells, key 12 decimals, permutation closure 99.8%, from table_permclosed_cut1000_r1.npz
[perm-aware] 1791 unordered rows, 16 shells, key 12 decimals, permutation closure 99.8%, from table_permclosed_cut1000_r1.npz
[perm-aware] 1791 unordered rows, 16 shells, key 12 decimals, permutation closure 99.8%, from table_permclosed_cut1000_r1.npz
[perm-aware] 1791 unordered rows, 16 shells, key 12 decimals, permutation closure 99.8%, from table_permclosed_cut1000_r1.npz
[perm-aware] 1791 unordered rows, 16 shells, key 12 decimals, permutation closure 99.8%, from table_permclosed_cut1000_r1.npz
[perm-aware] 1791 unordered rows, 16 shells, key 12 decimals, permutation closure 99.8%, from table_permclosed_cut1000_r1.npz
[perm-aware] 1791 unordered rows, 16 shells, key 12 decimals, permutation closure 99.8%, from table_permclosed_cut1000_r1.npz
[perm-aware] 1791 unordered rows, 16 shells, key 12 decimals, permutation closure 99.8%, from table_permclosed_cut1000_r1.npz
[perm-aware] 1791 unordered rows, 16 shells, key 12 decimals, permutation closure 99.8%, from table_permclosed_cut1000_r1.npz
[perm-aware] 1791 unordered rows, 16 shells, key 12 decimals, permutation closure 99.8%, from table_permclosed_cut1000_r1.npz
[perm-aware] 1791 unordered rows, 16 shells, key 12 decimals, permutation closure 99.8%, from table_permclosed_cut1000_r1.npz
[perm-aware] 1791 unordered rows, 16 shells, key 12 decimals, permutation closure 99.8%, from table_permclosed_cut1000_r1.npz
[perm-aware] 1791 unordered rows, 16 shells, key 12 decimals, permutation closure 99.8%, from table_permclosed_cut1000_r1.npz
[perm-aware] 1791 unordered rows, 16 shells, key 12 decimals, permutation closure 99.8%, from table_permclosed_cut1000_r1.npz
[perm-aware] 1791 unordered rows, 16 shells, key 12 decimals, permutation closure 99.8%, from table_permclosed_cut1000_r1.npz
[perm-aware] 1791 unordered rows, 16 shells, key 12 decimals, permutation closure 99.8%, from table_permclosed_cut1000_r1.npz
[perm-aware] 1791 unordered rows, 16 shells, key 12 decimals, permutation closure 99.8%, from table_permclosed_cut1000_r1.npz
[perm-aware] 1791 unordered rows, 16 shells, key 12 decimals, permutation closure 99.8%, from table_permclosed_cut1000_r1.npz
[perm-aware] 1791 unordered rows, 16 shells, key 12 decimals, permutation closure 99.8%, from table_permclosed_cut1000_r1.npz
[perm-aware] 1791 unordered rows, 16 shells, key 12 decimals, permutation closure 99.8%, from table_permclosed_cut1000_r1.npz
[perm-aware] 1791 unordered rows, 16 shells, key 12 decimals, permutation closure 99.8%, from table_permclosed_cut1000_r1.npz
[perm-aware] 1791 unordered rows, 16 shells, key 12 decimals, permutation closure 99.8%, from table_permclosed_cut1000_r1.npz
[perm-aware] 1791 unordered rows, 16 shells, key 12 decimals, permutation closure 99.8%, from table_permclosed_cut1000_r1.npz
[perm-aware] 1791 unordered rows, 16 shells, key 12 decimals, permutation closure 99.8%, from table_permclosed_cut1000_r1.npz
[perm-aware] 1791 unordered rows, 16 shells, key 12 decimals, permutation closure 99.8%, from table_permclosed_cut1000_r1.npz
[perm-aware] 1791 unordered rows, 16 shells, key 12 decimals, permutation closure 99.8%, from table_permclosed_cut1000_r1.npz
[perm-aware] 1791 unordered rows, 16 shells, key 12 decimals, permutation closure 99.8%, from table_permclosed_cut1000_r1.npz
[perm-aware] 1791 unordered rows, 16 shells, key 12 decimals, permutation closure 99.8%, from table_permclosed_cut1000_r1.npz
[perm-aware] 1791 unordered rows, 16 shells, key 12 decimals, permutation closure 99.8%, from table_permclosed_cut1000_r1.npz
[perm-aware] 1791 unordered rows, 16 shells, key 12 decimals, permutation closure 99.8%, from table_permclosed_cut1000_r1.npz
[perm-aware] 1791 unordered rows, 16 shells, key 12 decimals, permutation closure 99.8%, from table_permclosed_cut1000_r1.npz
[perm-aware] 1791 unordered rows, 16 shells, key 12 decimals, permutation closure 99.8%, from table_permclosed_cut1000_r1.npz
[perm-aware] 1791 unordered rows, 16 shells, key 12 decimals, permutation closure 99.8%, from table_permclosed_cut1000_r1.npz
[perm-aware] 1791 unordered rows, 16 shells, key 12 decimals, permutation closure 99.8%, from table_permclosed_cut1000_r1.npz
[perm-aware] 1791 unordered rows, 16 shells, key 12 decimals, permutation closure 99.8%, from table_permclosed_cut1000_r1.npz
[perm-aware] 1791 unordered rows, 16 shells, key 12 decimals, permutation closure 99.8%, from table_permclosed_cut1000_r1.npz
[perm-aware] 1791 unordered rows, 16 shells, key 12 decimals, permutation closure 99.8%, from table_permclosed_cut1000_r1.npz
[perm-aware] 1791 unordered rows, 16 shells, key 12 decimals, permutation closure 99.8%, from table_permclosed_cut1000_r1.npz
[perm-aware] 1791 unordered rows, 16 shells, key 12 decimals, permutation closure 99.8%, from table_permclosed_cut1000_r1.npz
[perm-aware] 1791 unordered rows, 16 shells, key 12 decimals, permutation closure 99.8%, from table_permclosed_cut1000_r1.npz
[perm-aware] 1791 unordered rows, 16 shells, key 12 decimals, permutation closure 99.8%, from table_permclosed_cut1000_r1.npz
[perm-aware] 1791 unordered rows, 16 shells, key 12 decimals, permutation closure 99.8%, from table_permclosed_cut1000_r1.npz
[perm-aware] 1791 unordered rows, 16 shells, key 12 decimals, permutation closure 99.8%, from table_permclosed_cut1000_r1.npz
[perm-aware] 1791 unordered rows, 16 shells, key 12 decimals, permutation closure 99.8%, from table_permclosed_cut1000_r1.npz
[perm-aware] 1791 unordered rows, 16 shells, key 12 decimals, permutation closure 99.8%, from table_permclosed_cut1000_r1.npz
[perm-aware] 1791 unordered rows, 16 shells, key 12 decimals, permutation closure 99.8%, from table_permclosed_cut1000_r1.npz
[perm-aware] 1791 unordered rows, 16 shells, key 12 decimals, permutation closure 99.8%, from table_permclosed_cut1000_r1.npz
[perm-aware] 1791 unordered rows, 16 shells, key 12 decimals, permutation closure 99.8%, from table_permclosed_cut1000_r1.npz
[perm-aware] 1791 unordered rows, 16 shells, key 12 decimals, permutation closure 99.8%, from table_permclosed_cut1000_r1.npz
[perm-aware] 1791 unordered rows, 16 shells, key 12 decimals, permutation closure 99.8%, from table_permclosed_cut1000_r1.npz
[perm-aware] 1791 unordered rows, 16 shells, key 12 decimals, permutation closure 99.8%, from table_permclosed_cut1000_r1.npz
[perm-aware] 1791 unordered rows, 16 shells, key 12 decimals, permutation closure 99.8%, from table_permclosed_cut1000_r1.npz
[perm-aware] 1791 unordered rows, 16 shells, key 12 decimals, permutation closure 99.8%, from table_permclosed_cut1000_r1.npz
[perm-aware] 1791 unordered rows, 16 shells, key 12 decimals, permutation closure 99.8%, from table_permclosed_cut1000_r1.npz
[perm-aware] 1791 unordered rows, 16 shells, key 12 decimals, permutation closure 99.8%, from table_permclosed_cut1000_r1.npz
[perm-aware] 1791 unordered rows, 16 shells, key 12 decimals, permutation closure 99.8%, from table_permclosed_cut1000_r1.npz
[perm-aware] 1791 unordered rows, 16 shells, key 12 decimals, permutation closure 99.8%, from table_permclosed_cut1000_r1.npz
[perm-aware] 1791 unordered rows, 16 shells, key 12 decimals, permutation closure 99.8%, from table_permclosed_cut1000_r1.npz
[perm-aware] 1791 unordered rows, 16 shells, key 12 decimals, permutation closure 99.8%, from table_permclosed_cut1000_r1.npz
[perm-aware] 1791 unordered rows, 16 shells, key 12 decimals, permutation closure 99.8%, from table_permclosed_cut1000_r1.npz
[perm-aware] 1791 unordered rows, 16 shells, key 12 decimals, permutation closure 99.8%, from table_permclosed_cut1000_r1.npz
[perm-aware] 1791 unordered rows, 16 shells, key 12 decimals, permutation closure 99.8%, from table_permclosed_cut1000_r1.npz
[perm-aware] 1791 unordered rows, 16 shells, key 12 decimals, permutation closure 99.8%, from table_permclosed_cut1000_r1.npz
[perm-aware] 1791 unordered rows, 16 shells, key 12 decimals, permutation closure 99.8%, from table_permclosed_cut1000_r1.npz
[perm-aware] 1791 unordered rows, 16 shells, key 12 decimals, permutation closure 99.8%, from table_permclosed_cut1000_r1.npz
[perm-aware] 1791 unordered rows, 16 shells, key 12 decimals, permutation closure 99.8%, from table_permclosed_cut1000_r1.npz
[perm-aware] 1791 unordered rows, 16 shells, key 12 decimals, permutation closure 99.8%, from table_permclosed_cut1000_r1.npz
[perm-aware] 1791 unordered rows, 16 shells, key 12 decimals, permutation closure 99.8%, from table_permclosed_cut1000_r1.npz
[perm-aware] 1791 unordered rows, 16 shells, key 12 decimals, permutation closure 99.8%, from table_permclosed_cut1000_r1.npz
[perm-aware] 1791 unordered rows, 16 shells, key 12 decimals, permutation closure 99.8%, from table_permclosed_cut1000_r1.npz
[perm-aware] 1791 unordered rows, 16 shells, key 12 decimals, permutation closure 99.8%, from table_permclosed_cut1000_r1.npz
[perm-aware] 1791 unordered rows, 16 shells, key 12 decimals, permutation closure 99.8%, from table_permclosed_cut1000_r1.npz
[perm-aware] 1791 unordered rows, 16 shells, key 12 decimals, permutation closure 99.8%, from table_permclosed_cut1000_r1.npz
[perm-aware] 1791 unordered rows, 16 shells, key 12 decimals, permutation closure 99.8%, from table_permclosed_cut1000_r1.npz
[perm-aware] 1791 unordered rows, 16 shells, key 12 decimals, permutation closure 99.8%, from table_permclosed_cut1000_r1.npz
[perm-aware] 1791 unordered rows, 16 shells, key 12 decimals, permutation closure 99.8%, from table_permclosed_cut1000_r1.npz
[perm-aware] 1791 unordered rows, 16 shells, key 12 decimals, permutation closure 99.8%, from table_permclosed_cut1000_r1.npz
[perm-aware] 1791 unordered rows, 16 shells, key 12 decimals, permutation closure 99.8%, from table_permclosed_cut1000_r1.npz
[perm-aware] 1791 unordered rows, 16 shells, key 12 decimals, permutation closure 99.8%, from table_permclosed_cut1000_r1.npz
[perm-aware] 1791 unordered rows, 16 shells, key 12 decimals, permutation closure 99.8%, from table_permclosed_cut1000_r1.npz
[perm-aware] 1791 unordered rows, 16 shells, key 12 decimals, permutation closure 99.8%, from table_permclosed_cut1000_r1.npz
[perm-aware] 1791 unordered rows, 16 shells, key 12 decimals, permutation closure 99.8%, from table_permclosed_cut1000_r1.npz
[perm-aware] 1791 unordered rows, 16 shells, key 12 decimals, permutation closure 99.8%, from table_permclosed_cut1000_r1.npz
[perm-aware] 1791 unordered rows, 16 shells, key 12 decimals, permutation closure 99.8%, from table_permclosed_cut1000_r1.npz
[perm-aware] 1791 unordered rows, 16 shells, key 12 decimals, permutation closure 99.8%, from table_permclosed_cut1000_r1.npz
[perm-aware] 1791 unordered rows, 16 shells, key 12 decimals, permutation closure 99.8%, from table_permclosed_cut1000_r1.npz
[perm-aware] 1791 unordered rows, 16 shells, key 12 decimals, permutation closure 99.8%, from table_permclosed_cut1000_r1.npz
[perm-aware] 1791 unordered rows, 16 shells, key 12 decimals, permutation closure 99.8%, from table_permclosed_cut1000_r1.npz
[perm-aware] 1791 unordered rows, 16 shells, key 12 decimals, permutation closure 99.8%, from table_permclosed_cut1000_r1.npz
[perm-aware] 1791 unordered rows, 16 shells, key 12 decimals, permutation closure 99.8%, from table_permclosed_cut1000_r1.npz
[perm-aware] 1791 unordered rows, 16 shells, key 12 decimals, permutation closure 99.8%, from table_permclosed_cut1000_r1.npz
[perm-aware] 1791 unordered rows, 16 shells, key 12 decimals, permutation closure 99.8%, from table_permclosed_cut1000_r1.npz
[perm-aware] 1791 unordered rows, 16 shells, key 12 decimals, permutation closure 99.8%, from table_permclosed_cut1000_r1.npz
[perm-aware] 1791 unordered rows, 16 shells, key 12 decimals, permutation closure 99.8%, from table_permclosed_cut1000_r1.npz
[perm-aware] 1791 unordered rows, 16 shells, key 12 decimals, permutation closure 99.8%, from table_permclosed_cut1000_r1.npz
[perm-aware] 1791 unordered rows, 16 shells, key 12 decimals, permutation closure 99.8%, from table_permclosed_cut1000_r1.npz
[perm-aware] 1791 unordered rows, 16 shells, key 12 decimals, permutation closure 99.8%, from table_permclosed_cut1000_r1.npz
[perm-aware] 1791 unordered rows, 16 shells, key 12 decimals, permutation closure 99.8%, from table_permclosed_cut1000_r1.npz
[perm-aware] 1791 unordered rows, 16 shells, key 12 decimals, permutation closure 99.8%, from table_permclosed_cut1000_r1.npz
[perm-aware] 1791 unordered rows, 16 shells, key 12 decimals, permutation closure 99.8%, from table_permclosed_cut1000_r1.npz
[perm-aware] 1791 unordered rows, 16 shells, key 12 decimals, permutation closure 99.8%, from table_permclosed_cut1000_r1.npz
[perm-aware] 1791 unordered rows, 16 shells, key 12 decimals, permutation closure 99.8%, from table_permclosed_cut1000_r1.npz
[perm-aware] 1791 unordered rows, 16 shells, key 12 decimals, permutation closure 99.8%, from table_permclosed_cut1000_r1.npz
[perm-aware] 1791 unordered rows, 16 shells, key 12 decimals, permutation closure 99.8%, from table_permclosed_cut1000_r1.npz
[perm-aware] 1791 unordered rows, 16 shells, key 12 decimals, permutation closure 99.8%, from table_permclosed_cut1000_r1.npz
[perm-aware] 1791 unordered rows, 16 shells, key 12 decimals, permutation closure 99.8%, from table_permclosed_cut1000_r1.npz
[perm-aware] 1791 unordered rows, 16 shells, key 12 decimals, permutation closure 99.8%, from table_permclosed_cut1000_r1.npz
[perm-aware] 1791 unordered rows, 16 shells, key 12 decimals, permutation closure 99.8%, from table_permclosed_cut1000_r1.npz
[perm-aware] 1791 unordered rows, 16 shells, key 12 decimals, permutation closure 99.8%, from table_permclosed_cut1000_r1.npz
[perm-aware] 1791 unordered rows, 16 shells, key 12 decimals, permutation closure 99.8%, from table_permclosed_cut1000_r1.npz
[perm-aware] 1791 unordered rows, 16 shells, key 12 decimals, permutation closure 99.8%, from table_permclosed_cut1000_r1.npz
[perm-aware] 1791 unordered rows, 16 shells, key 12 decimals, permutation closure 99.8%, from table_permclosed_cut1000_r1.npz
[perm-aware] 1791 unordered rows, 16 shells, key 12 decimals, permutation closure 99.8%, from table_permclosed_cut1000_r1.npz
[perm-aware] 1791 unordered rows, 16 shells, key 12 decimals, permutation closure 99.8%, from table_permclosed_cut1000_r1.npz
[perm-aware] 1791 unordered rows, 16 shells, key 12 decimals, permutation closure 99.8%, from table_permclosed_cut1000_r1.npz
[perm-aware] 1791 unordered rows, 16 shells, key 12 decimals, permutation closure 99.8%, from table_permclosed_cut1000_r1.npz
[perm-aware] 1791 unordered rows, 16 shells, key 12 decimals, permutation closure 99.8%, from table_permclosed_cut1000_r1.npz
[perm-aware] 1791 unordered rows, 16 shells, key 12 decimals, permutation closure 99.8%, from table_permclosed_cut1000_r1.npz
[perm-aware] 1791 unordered rows, 16 shells, key 12 decimals, permutation closure 99.8%, from table_permclosed_cut1000_r1.npz
[perm-aware] 1791 unordered rows, 16 shells, key 12 decimals, permutation closure 99.8%, from table_permclosed_cut1000_r1.npz
[perm-aware] 1791 unordered rows, 16 shells, key 12 decimals, permutation closure 99.8%, from table_permclosed_cut1000_r1.npz
[perm-aware] 1791 unordered rows, 16 shells, key 12 decimals, permutation closure 99.8%, from table_permclosed_cut1000_r1.npz
[perm-aware] 1791 unordered rows, 16 shells, key 12 decimals, permutation closure 99.8%, from table_permclosed_cut1000_r1.npz
[perm-aware] 1791 unordered rows, 16 shells, key 12 decimals, permutation closure 99.8%, from table_permclosed_cut1000_r1.npz
[perm-aware] 1791 unordered rows, 16 shells, key 12 decimals, permutation closure 99.8%, from table_permclosed_cut1000_r1.npz
[perm-aware] 1791 unordered rows, 16 shells, key 12 decimals, permutation closure 99.8%, from table_permclosed_cut1000_r1.npz
[perm-aware] 1791 unordered rows, 16 shells, key 12 decimals, permutation closure 99.8%, from table_permclosed_cut1000_r1.npz
[perm-aware] 1791 unordered rows, 16 shells, key 12 decimals, permutation closure 99.8%, from table_permclosed_cut1000_r1.npz
[perm-aware] 1791 unordered rows, 16 shells, key 12 decimals, permutation closure 99.8%, from table_permclosed_cut1000_r1.npz
[perm-aware] 1791 unordered rows, 16 shells, key 12 decimals, permutation closure 99.8%, from table_permclosed_cut1000_r1.npz
[perm-aware] 1791 unordered rows, 16 shells, key 12 decimals, permutation closure 99.8%, from table_permclosed_cut1000_r1.npz
[perm-aware] 1791 unordered rows, 16 shells, key 12 decimals, permutation closure 99.8%, from table_permclosed_cut1000_r1.npz
[perm-aware] 1791 unordered rows, 16 shells, key 12 decimals, permutation closure 99.8%, from table_permclosed_cut1000_r1.npz
[perm-aware] 1791 unordered rows, 16 shells, key 12 decimals, permutation closure 99.8%, from table_permclosed_cut1000_r1.npz
[perm-aware] 1791 unordered rows, 16 shells, key 12 decimals, permutation closure 99.8%, from table_permclosed_cut1000_r1.npz
[perm-aware] 1791 unordered rows, 16 shells, key 12 decimals, permutation closure 99.8%, from table_permclosed_cut1000_r1.npz
[perm-aware] 1791 unordered rows, 16 shells, key 12 decimals, permutation closure 99.8%, from table_permclosed_cut1000_r1.npz
[perm-aware] 1791 unordered rows, 16 shells, key 12 decimals, permutation closure 99.8%, from table_permclosed_cut1000_r1.npz
[perm-aware] 1791 unordered rows, 16 shells, key 12 decimals, permutation closure 99.8%, from table_permclosed_cut1000_r1.npz
[perm-aware] 1791 unordered rows, 16 shells, key 12 decimals, permutation closure 99.8%, from table_permclosed_cut1000_r1.npz
[perm-aware] 1791 unordered rows, 16 shells, key 12 decimals, permutation closure 99.8%, from table_permclosed_cut1000_r1.npz
[perm-aware] 1791 unordered rows, 16 shells, key 12 decimals, permutation closure 99.8%, from table_permclosed_cut1000_r1.npz
[perm-aware] 1791 unordered rows, 16 shells, key 12 decimals, permutation closure 99.8%, from table_permclosed_cut1000_r1.npz
[perm-aware] 1791 unordered rows, 16 shells, key 12 decimals, permutation closure 99.8%, from table_permclosed_cut1000_r1.npz
[perm-aware] 1791 unordered rows, 16 shells, key 12 decimals, permutation closure 99.8%, from table_permclosed_cut1000_r1.npz
[perm-aware] 1791 unordered rows, 16 shells, key 12 decimals, permutation closure 99.8%, from table_permclosed_cut1000_r1.npz
[perm-aware] 1791 unordered rows, 16 shells, key 12 decimals, permutation closure 99.8%, from table_permclosed_cut1000_r1.npz
[perm-aware] 1791 unordered rows, 16 shells, key 12 decimals, permutation closure 99.8%, from table_permclosed_cut1000_r1.npz
[perm-aware] 1791 unordered rows, 16 shells, key 12 decimals, permutation closure 99.8%, from table_permclosed_cut1000_r1.npz
[perm-aware] 1791 unordered rows, 16 shells, key 12 decimals, permutation closure 99.8%, from table_permclosed_cut1000_r1.npz
[perm-aware] 1791 unordered rows, 16 shells, key 12 decimals, permutation closure 99.8%, from table_permclosed_cut1000_r1.npz
[perm-aware] 1791 unordered rows, 16 shells, key 12 decimals, permutation closure 99.8%, from table_permclosed_cut1000_r1.npz
[perm-aware] 1791 unordered rows, 16 shells, key 12 decimals, permutation closure 99.8%, from table_permclosed_cut1000_r1.npz
[perm-aware] 1791 unordered rows, 16 shells, key 12 decimals, permutation closure 99.8%, from table_permclosed_cut1000_r1.npz
[perm-aware] 1791 unordered rows, 16 shells, key 12 decimals, permutation closure 99.8%, from table_permclosed_cut1000_r1.npz
[perm-aware] 1791 unordered rows, 16 shells, key 12 decimals, permutation closure 99.8%, from table_permclosed_cut1000_r1.npz
[perm-aware] 1791 unordered rows, 16 shells, key 12 decimals, permutation closure 99.8%, from table_permclosed_cut1000_r1.npz
[perm-aware] 1791 unordered rows, 16 shells, key 12 decimals, permutation closure 99.8%, from table_permclosed_cut1000_r1.npz
[perm-aware] 1791 unordered rows, 16 shells, key 12 decimals, permutation closure 99.8%, from table_permclosed_cut1000_r1.npz
[perm-aware] 1791 unordered rows, 16 shells, key 12 decimals, permutation closure 99.8%, from table_permclosed_cut1000_r1.npz
[perm-aware] 1791 unordered rows, 16 shells, key 12 decimals, permutation closure 99.8%, from table_permclosed_cut1000_r1.npz
[perm-aware] 1791 unordered rows, 16 shells, key 12 decimals, permutation closure 99.8%, from table_permclosed_cut1000_r1.npz
[perm-aware] 1791 unordered rows, 16 shells, key 12 decimals, permutation closure 99.8%, from table_permclosed_cut1000_r1.npz
[perm-aware] 1791 unordered rows, 16 shells, key 12 decimals, permutation closure 99.8%, from table_permclosed_cut1000_r1.npz
[perm-aware] 1791 unordered rows, 16 shells, key 12 decimals, permutation closure 99.8%, from table_permclosed_cut1000_r1.npz
[perm-aware] 1791 unordered rows, 16 shells, key 12 decimals, permutation closure 99.8%, from table_permclosed_cut1000_r1.npz
[perm-aware] 1791 unordered rows, 16 shells, key 12 decimals, permutation closure 99.8%, from table_permclosed_cut1000_r1.npz
[perm-aware] 1791 unordered rows, 16 shells, key 12 decimals, permutation closure 99.8%, from table_permclosed_cut1000_r1.npz
[perm-aware] 1791 unordered rows, 16 shells, key 12 decimals, permutation closure 99.8%, from table_permclosed_cut1000_r1.npz
[perm-aware] 1791 unordered rows, 16 shells, key 12 decimals, permutation closure 99.8%, from table_permclosed_cut1000_r1.npz
[perm-aware] 1791 unordered rows, 16 shells, key 12 decimals, permutation closure 99.8%, from table_permclosed_cut1000_r1.npz
[run_FF_single] done in 207.6 s
[perm-aware] 1791 unordered rows, 16 shells, key 12 decimals, permutation closure 99.8%, from table_permclosed_cut1000_r1.npz
[perm-aware] 1791 unordered rows, 16 shells, key 12 decimals, permutation closure 99.8%, from table_permclosed_cut1000_r1.npz
[fk] /opt/homebrew/Caskroom/miniconda/base/envs/sft-wick/bin/python /Users/zzhang/Documents/MyDrafts/STF_lensing/SFT-lensing-paper-analyses/sachs_sft/scripts/run_FF_single.py /Users/zzhang/Documents/MyDrafts/STF_lensing/SFT-lensing-paper-analyses/sachs_sft/scripts/inputs/kappa2_grid_lcut0_low_empty.npz /Users/zzhang/Documents/MyDrafts/STF_lensing/driver_field_emulators/products/table_permclosed_cut1000_r1_permfix_xi.npz
[fk] wrote /Users/zzhang/Documents/MyDrafts/STF_lensing/driver_field_emulators/products/table_permclosed_cut1000_r1_permfix_xi.npz
[run_FF_single] kappa2 = kappa2_grid_lcut0_low_empty.npz
[run_FF_single] sigma2 = disabled
[run_FF_single] sweep.n_gauss = 24
[run_FF_single] expand.orders = (0, 2)
[run_FF_single] -> /Users/zzhang/Documents/MyDrafts/STF_lensing/driver_field_emulators/products/table_permclosed_cut1000_r2_permfix_xi.npz
[perm-aware] 1908 unordered rows, 16 shells, key 12 decimals, permutation closure 99.8%, from table_permclosed_cut1000_r2.npz
[perm-aware] 1908 unordered rows, 16 shells, key 12 decimals, permutation closure 99.8%, from table_permclosed_cut1000_r2.npz
/opt/homebrew/Caskroom/miniconda/base/envs/sft-wick/lib/python3.14/site-packages/joblib/externals/loky/process_executor.py:782: UserWarning: A worker stopped while some jobs were given to the executor. This can be caused by a too short worker timeout or by a memory leak.
  warnings.warn(
[perm-aware] 1908 unordered rows, 16 shells, key 12 decimals, permutation closure 99.8%, from table_permclosed_cut1000_r2.npz
[perm-aware] 1908 unordered rows, 16 shells, key 12 decimals, permutation closure 99.8%, from table_permclosed_cut1000_r2.npz
[perm-aware] 1908 unordered rows, 16 shells, key 12 decimals, permutation closure 99.8%, from table_permclosed_cut1000_r2.npz
[perm-aware] 1908 unordered rows, 16 shells, key 12 decimals, permutation closure 99.8%, from table_permclosed_cut1000_r2.npz
[perm-aware] 1908 unordered rows, 16 shells, key 12 decimals, permutation closure 99.8%, from table_permclosed_cut1000_r2.npz
[perm-aware] 1908 unordered rows, 16 shells, key 12 decimals, permutation closure 99.8%, from table_permclosed_cut1000_r2.npz
[perm-aware] 1908 unordered rows, 16 shells, key 12 decimals, permutation closure 99.8%, from table_permclosed_cut1000_r2.npz
[perm-aware] 1908 unordered rows, 16 shells, key 12 decimals, permutation closure 99.8%, from table_permclosed_cut1000_r2.npz
[perm-aware] 1908 unordered rows, 16 shells, key 12 decimals, permutation closure 99.8%, from table_permclosed_cut1000_r2.npz
[perm-aware] 1908 unordered rows, 16 shells, key 12 decimals, permutation closure 99.8%, from table_permclosed_cut1000_r2.npz
[perm-aware] 1908 unordered rows, 16 shells, key 12 decimals, permutation closure 99.8%, from table_permclosed_cut1000_r2.npz
[perm-aware] 1908 unordered rows, 16 shells, key 12 decimals, permutation closure 99.8%, from table_permclosed_cut1000_r2.npz
[perm-aware] 1908 unordered rows, 16 shells, key 12 decimals, permutation closure 99.8%, from table_permclosed_cut1000_r2.npz
[perm-aware] 1908 unordered rows, 16 shells, key 12 decimals, permutation closure 99.8%, from table_permclosed_cut1000_r2.npz
[perm-aware] 1908 unordered rows, 16 shells, key 12 decimals, permutation closure 99.8%, from table_permclosed_cut1000_r2.npz
[perm-aware] 1908 unordered rows, 16 shells, key 12 decimals, permutation closure 99.8%, from table_permclosed_cut1000_r2.npz
[perm-aware] 1908 unordered rows, 16 shells, key 12 decimals, permutation closure 99.8%, from table_permclosed_cut1000_r2.npz
[perm-aware] 1908 unordered rows, 16 shells, key 12 decimals, permutation closure 99.8%, from table_permclosed_cut1000_r2.npz
[perm-aware] 1908 unordered rows, 16 shells, key 12 decimals, permutation closure 99.8%, from table_permclosed_cut1000_r2.npz
[perm-aware] 1908 unordered rows, 16 shells, key 12 decimals, permutation closure 99.8%, from table_permclosed_cut1000_r2.npz
[perm-aware] 1908 unordered rows, 16 shells, key 12 decimals, permutation closure 99.8%, from table_permclosed_cut1000_r2.npz
[perm-aware] 1908 unordered rows, 16 shells, key 12 decimals, permutation closure 99.8%, from table_permclosed_cut1000_r2.npz
[perm-aware] 1908 unordered rows, 16 shells, key 12 decimals, permutation closure 99.8%, from table_permclosed_cut1000_r2.npz
[perm-aware] 1908 unordered rows, 16 shells, key 12 decimals, permutation closure 99.8%, from table_permclosed_cut1000_r2.npz
[perm-aware] 1908 unordered rows, 16 shells, key 12 decimals, permutation closure 99.8%, from table_permclosed_cut1000_r2.npz
[perm-aware] 1908 unordered rows, 16 shells, key 12 decimals, permutation closure 99.8%, from table_permclosed_cut1000_r2.npz
[perm-aware] 1908 unordered rows, 16 shells, key 12 decimals, permutation closure 99.8%, from table_permclosed_cut1000_r2.npz
[perm-aware] 1908 unordered rows, 16 shells, key 12 decimals, permutation closure 99.8%, from table_permclosed_cut1000_r2.npz
[perm-aware] 1908 unordered rows, 16 shells, key 12 decimals, permutation closure 99.8%, from table_permclosed_cut1000_r2.npz
[perm-aware] 1908 unordered rows, 16 shells, key 12 decimals, permutation closure 99.8%, from table_permclosed_cut1000_r2.npz
[perm-aware] 1908 unordered rows, 16 shells, key 12 decimals, permutation closure 99.8%, from table_permclosed_cut1000_r2.npz
[perm-aware] 1908 unordered rows, 16 shells, key 12 decimals, permutation closure 99.8%, from table_permclosed_cut1000_r2.npz
[perm-aware] 1908 unordered rows, 16 shells, key 12 decimals, permutation closure 99.8%, from table_permclosed_cut1000_r2.npz
[perm-aware] 1908 unordered rows, 16 shells, key 12 decimals, permutation closure 99.8%, from table_permclosed_cut1000_r2.npz
[perm-aware] 1908 unordered rows, 16 shells, key 12 decimals, permutation closure 99.8%, from table_permclosed_cut1000_r2.npz
[perm-aware] 1908 unordered rows, 16 shells, key 12 decimals, permutation closure 99.8%, from table_permclosed_cut1000_r2.npz
[perm-aware] 1908 unordered rows, 16 shells, key 12 decimals, permutation closure 99.8%, from table_permclosed_cut1000_r2.npz
[perm-aware] 1908 unordered rows, 16 shells, key 12 decimals, permutation closure 99.8%, from table_permclosed_cut1000_r2.npz
[perm-aware] 1908 unordered rows, 16 shells, key 12 decimals, permutation closure 99.8%, from table_permclosed_cut1000_r2.npz
[perm-aware] 1908 unordered rows, 16 shells, key 12 decimals, permutation closure 99.8%, from table_permclosed_cut1000_r2.npz
[perm-aware] 1908 unordered rows, 16 shells, key 12 decimals, permutation closure 99.8%, from table_permclosed_cut1000_r2.npz
[perm-aware] 1908 unordered rows, 16 shells, key 12 decimals, permutation closure 99.8%, from table_permclosed_cut1000_r2.npz
[perm-aware] 1908 unordered rows, 16 shells, key 12 decimals, permutation closure 99.8%, from table_permclosed_cut1000_r2.npz
[perm-aware] 1908 unordered rows, 16 shells, key 12 decimals, permutation closure 99.8%, from table_permclosed_cut1000_r2.npz
[perm-aware] 1908 unordered rows, 16 shells, key 12 decimals, permutation closure 99.8%, from table_permclosed_cut1000_r2.npz
[perm-aware] 1908 unordered rows, 16 shells, key 12 decimals, permutation closure 99.8%, from table_permclosed_cut1000_r2.npz
[perm-aware] 1908 unordered rows, 16 shells, key 12 decimals, permutation closure 99.8%, from table_permclosed_cut1000_r2.npz
[perm-aware] 1908 unordered rows, 16 shells, key 12 decimals, permutation closure 99.8%, from table_permclosed_cut1000_r2.npz
[perm-aware] 1908 unordered rows, 16 shells, key 12 decimals, permutation closure 99.8%, from table_permclosed_cut1000_r2.npz
[perm-aware] 1908 unordered rows, 16 shells, key 12 decimals, permutation closure 99.8%, from table_permclosed_cut1000_r2.npz
[perm-aware] 1908 unordered rows, 16 shells, key 12 decimals, permutation closure 99.8%, from table_permclosed_cut1000_r2.npz
[perm-aware] 1908 unordered rows, 16 shells, key 12 decimals, permutation closure 99.8%, from table_permclosed_cut1000_r2.npz
[perm-aware] 1908 unordered rows, 16 shells, key 12 decimals, permutation closure 99.8%, from table_permclosed_cut1000_r2.npz
[perm-aware] 1908 unordered rows, 16 shells, key 12 decimals, permutation closure 99.8%, from table_permclosed_cut1000_r2.npz
[perm-aware] 1908 unordered rows, 16 shells, key 12 decimals, permutation closure 99.8%, from table_permclosed_cut1000_r2.npz
[perm-aware] 1908 unordered rows, 16 shells, key 12 decimals, permutation closure 99.8%, from table_permclosed_cut1000_r2.npz
[perm-aware] 1908 unordered rows, 16 shells, key 12 decimals, permutation closure 99.8%, from table_permclosed_cut1000_r2.npz
[perm-aware] 1908 unordered rows, 16 shells, key 12 decimals, permutation closure 99.8%, from table_permclosed_cut1000_r2.npz
[perm-aware] 1908 unordered rows, 16 shells, key 12 decimals, permutation closure 99.8%, from table_permclosed_cut1000_r2.npz
[perm-aware] 1908 unordered rows, 16 shells, key 12 decimals, permutation closure 99.8%, from table_permclosed_cut1000_r2.npz
[perm-aware] 1908 unordered rows, 16 shells, key 12 decimals, permutation closure 99.8%, from table_permclosed_cut1000_r2.npz
[perm-aware] 1908 unordered rows, 16 shells, key 12 decimals, permutation closure 99.8%, from table_permclosed_cut1000_r2.npz
[perm-aware] 1908 unordered rows, 16 shells, key 12 decimals, permutation closure 99.8%, from table_permclosed_cut1000_r2.npz
[perm-aware] 1908 unordered rows, 16 shells, key 12 decimals, permutation closure 99.8%, from table_permclosed_cut1000_r2.npz
[perm-aware] 1908 unordered rows, 16 shells, key 12 decimals, permutation closure 99.8%, from table_permclosed_cut1000_r2.npz
[perm-aware] 1908 unordered rows, 16 shells, key 12 decimals, permutation closure 99.8%, from table_permclosed_cut1000_r2.npz
[perm-aware] 1908 unordered rows, 16 shells, key 12 decimals, permutation closure 99.8%, from table_permclosed_cut1000_r2.npz
[perm-aware] 1908 unordered rows, 16 shells, key 12 decimals, permutation closure 99.8%, from table_permclosed_cut1000_r2.npz
[perm-aware] 1908 unordered rows, 16 shells, key 12 decimals, permutation closure 99.8%, from table_permclosed_cut1000_r2.npz
[perm-aware] 1908 unordered rows, 16 shells, key 12 decimals, permutation closure 99.8%, from table_permclosed_cut1000_r2.npz
[perm-aware] 1908 unordered rows, 16 shells, key 12 decimals, permutation closure 99.8%, from table_permclosed_cut1000_r2.npz
[perm-aware] 1908 unordered rows, 16 shells, key 12 decimals, permutation closure 99.8%, from table_permclosed_cut1000_r2.npz
[perm-aware] 1908 unordered rows, 16 shells, key 12 decimals, permutation closure 99.8%, from table_permclosed_cut1000_r2.npz
[perm-aware] 1908 unordered rows, 16 shells, key 12 decimals, permutation closure 99.8%, from table_permclosed_cut1000_r2.npz
[perm-aware] 1908 unordered rows, 16 shells, key 12 decimals, permutation closure 99.8%, from table_permclosed_cut1000_r2.npz
[perm-aware] 1908 unordered rows, 16 shells, key 12 decimals, permutation closure 99.8%, from table_permclosed_cut1000_r2.npz
[perm-aware] 1908 unordered rows, 16 shells, key 12 decimals, permutation closure 99.8%, from table_permclosed_cut1000_r2.npz
[perm-aware] 1908 unordered rows, 16 shells, key 12 decimals, permutation closure 99.8%, from table_permclosed_cut1000_r2.npz
[perm-aware] 1908 unordered rows, 16 shells, key 12 decimals, permutation closure 99.8%, from table_permclosed_cut1000_r2.npz
[perm-aware] 1908 unordered rows, 16 shells, key 12 decimals, permutation closure 99.8%, from table_permclosed_cut1000_r2.npz
[perm-aware] 1908 unordered rows, 16 shells, key 12 decimals, permutation closure 99.8%, from table_permclosed_cut1000_r2.npz
[perm-aware] 1908 unordered rows, 16 shells, key 12 decimals, permutation closure 99.8%, from table_permclosed_cut1000_r2.npz
[perm-aware] 1908 unordered rows, 16 shells, key 12 decimals, permutation closure 99.8%, from table_permclosed_cut1000_r2.npz
[perm-aware] 1908 unordered rows, 16 shells, key 12 decimals, permutation closure 99.8%, from table_permclosed_cut1000_r2.npz
[perm-aware] 1908 unordered rows, 16 shells, key 12 decimals, permutation closure 99.8%, from table_permclosed_cut1000_r2.npz
[perm-aware] 1908 unordered rows, 16 shells, key 12 decimals, permutation closure 99.8%, from table_permclosed_cut1000_r2.npz
[perm-aware] 1908 unordered rows, 16 shells, key 12 decimals, permutation closure 99.8%, from table_permclosed_cut1000_r2.npz
[perm-aware] 1908 unordered rows, 16 shells, key 12 decimals, permutation closure 99.8%, from table_permclosed_cut1000_r2.npz
[perm-aware] 1908 unordered rows, 16 shells, key 12 decimals, permutation closure 99.8%, from table_permclosed_cut1000_r2.npz
[perm-aware] 1908 unordered rows, 16 shells, key 12 decimals, permutation closure 99.8%, from table_permclosed_cut1000_r2.npz
[perm-aware] 1908 unordered rows, 16 shells, key 12 decimals, permutation closure 99.8%, from table_permclosed_cut1000_r2.npz
[perm-aware] 1908 unordered rows, 16 shells, key 12 decimals, permutation closure 99.8%, from table_permclosed_cut1000_r2.npz
[perm-aware] 1908 unordered rows, 16 shells, key 12 decimals, permutation closure 99.8%, from table_permclosed_cut1000_r2.npz
[perm-aware] 1908 unordered rows, 16 shells, key 12 decimals, permutation closure 99.8%, from table_permclosed_cut1000_r2.npz
[perm-aware] 1908 unordered rows, 16 shells, key 12 decimals, permutation closure 99.8%, from table_permclosed_cut1000_r2.npz
[perm-aware] 1908 unordered rows, 16 shells, key 12 decimals, permutation closure 99.8%, from table_permclosed_cut1000_r2.npz
[perm-aware] 1908 unordered rows, 16 shells, key 12 decimals, permutation closure 99.8%, from table_permclosed_cut1000_r2.npz
[perm-aware] 1908 unordered rows, 16 shells, key 12 decimals, permutation closure 99.8%, from table_permclosed_cut1000_r2.npz
[perm-aware] 1908 unordered rows, 16 shells, key 12 decimals, permutation closure 99.8%, from table_permclosed_cut1000_r2.npz
[perm-aware] 1908 unordered rows, 16 shells, key 12 decimals, permutation closure 99.8%, from table_permclosed_cut1000_r2.npz
[perm-aware] 1908 unordered rows, 16 shells, key 12 decimals, permutation closure 99.8%, from table_permclosed_cut1000_r2.npz
[perm-aware] 1908 unordered rows, 16 shells, key 12 decimals, permutation closure 99.8%, from table_permclosed_cut1000_r2.npz
[perm-aware] 1908 unordered rows, 16 shells, key 12 decimals, permutation closure 99.8%, from table_permclosed_cut1000_r2.npz
[perm-aware] 1908 unordered rows, 16 shells, key 12 decimals, permutation closure 99.8%, from table_permclosed_cut1000_r2.npz
[perm-aware] 1908 unordered rows, 16 shells, key 12 decimals, permutation closure 99.8%, from table_permclosed_cut1000_r2.npz
[perm-aware] 1908 unordered rows, 16 shells, key 12 decimals, permutation closure 99.8%, from table_permclosed_cut1000_r2.npz
[perm-aware] 1908 unordered rows, 16 shells, key 12 decimals, permutation closure 99.8%, from table_permclosed_cut1000_r2.npz
[perm-aware] 1908 unordered rows, 16 shells, key 12 decimals, permutation closure 99.8%, from table_permclosed_cut1000_r2.npz
[perm-aware] 1908 unordered rows, 16 shells, key 12 decimals, permutation closure 99.8%, from table_permclosed_cut1000_r2.npz
[perm-aware] 1908 unordered rows, 16 shells, key 12 decimals, permutation closure 99.8%, from table_permclosed_cut1000_r2.npz
[perm-aware] 1908 unordered rows, 16 shells, key 12 decimals, permutation closure 99.8%, from table_permclosed_cut1000_r2.npz
[perm-aware] 1908 unordered rows, 16 shells, key 12 decimals, permutation closure 99.8%, from table_permclosed_cut1000_r2.npz
[perm-aware] 1908 unordered rows, 16 shells, key 12 decimals, permutation closure 99.8%, from table_permclosed_cut1000_r2.npz
[perm-aware] 1908 unordered rows, 16 shells, key 12 decimals, permutation closure 99.8%, from table_permclosed_cut1000_r2.npz
[perm-aware] 1908 unordered rows, 16 shells, key 12 decimals, permutation closure 99.8%, from table_permclosed_cut1000_r2.npz
[perm-aware] 1908 unordered rows, 16 shells, key 12 decimals, permutation closure 99.8%, from table_permclosed_cut1000_r2.npz
[perm-aware] 1908 unordered rows, 16 shells, key 12 decimals, permutation closure 99.8%, from table_permclosed_cut1000_r2.npz
[perm-aware] 1908 unordered rows, 16 shells, key 12 decimals, permutation closure 99.8%, from table_permclosed_cut1000_r2.npz
[perm-aware] 1908 unordered rows, 16 shells, key 12 decimals, permutation closure 99.8%, from table_permclosed_cut1000_r2.npz
[perm-aware] 1908 unordered rows, 16 shells, key 12 decimals, permutation closure 99.8%, from table_permclosed_cut1000_r2.npz
[perm-aware] 1908 unordered rows, 16 shells, key 12 decimals, permutation closure 99.8%, from table_permclosed_cut1000_r2.npz
[perm-aware] 1908 unordered rows, 16 shells, key 12 decimals, permutation closure 99.8%, from table_permclosed_cut1000_r2.npz
[perm-aware] 1908 unordered rows, 16 shells, key 12 decimals, permutation closure 99.8%, from table_permclosed_cut1000_r2.npz
[perm-aware] 1908 unordered rows, 16 shells, key 12 decimals, permutation closure 99.8%, from table_permclosed_cut1000_r2.npz
[perm-aware] 1908 unordered rows, 16 shells, key 12 decimals, permutation closure 99.8%, from table_permclosed_cut1000_r2.npz
[perm-aware] 1908 unordered rows, 16 shells, key 12 decimals, permutation closure 99.8%, from table_permclosed_cut1000_r2.npz
[perm-aware] 1908 unordered rows, 16 shells, key 12 decimals, permutation closure 99.8%, from table_permclosed_cut1000_r2.npz
[perm-aware] 1908 unordered rows, 16 shells, key 12 decimals, permutation closure 99.8%, from table_permclosed_cut1000_r2.npz
[perm-aware] 1908 unordered rows, 16 shells, key 12 decimals, permutation closure 99.8%, from table_permclosed_cut1000_r2.npz
[perm-aware] 1908 unordered rows, 16 shells, key 12 decimals, permutation closure 99.8%, from table_permclosed_cut1000_r2.npz
[perm-aware] 1908 unordered rows, 16 shells, key 12 decimals, permutation closure 99.8%, from table_permclosed_cut1000_r2.npz
[perm-aware] 1908 unordered rows, 16 shells, key 12 decimals, permutation closure 99.8%, from table_permclosed_cut1000_r2.npz
[perm-aware] 1908 unordered rows, 16 shells, key 12 decimals, permutation closure 99.8%, from table_permclosed_cut1000_r2.npz
[perm-aware] 1908 unordered rows, 16 shells, key 12 decimals, permutation closure 99.8%, from table_permclosed_cut1000_r2.npz
[perm-aware] 1908 unordered rows, 16 shells, key 12 decimals, permutation closure 99.8%, from table_permclosed_cut1000_r2.npz
[perm-aware] 1908 unordered rows, 16 shells, key 12 decimals, permutation closure 99.8%, from table_permclosed_cut1000_r2.npz
[perm-aware] 1908 unordered rows, 16 shells, key 12 decimals, permutation closure 99.8%, from table_permclosed_cut1000_r2.npz
[perm-aware] 1908 unordered rows, 16 shells, key 12 decimals, permutation closure 99.8%, from table_permclosed_cut1000_r2.npz
[perm-aware] 1908 unordered rows, 16 shells, key 12 decimals, permutation closure 99.8%, from table_permclosed_cut1000_r2.npz
[perm-aware] 1908 unordered rows, 16 shells, key 12 decimals, permutation closure 99.8%, from table_permclosed_cut1000_r2.npz
[perm-aware] 1908 unordered rows, 16 shells, key 12 decimals, permutation closure 99.8%, from table_permclosed_cut1000_r2.npz
[perm-aware] 1908 unordered rows, 16 shells, key 12 decimals, permutation closure 99.8%, from table_permclosed_cut1000_r2.npz
[perm-aware] 1908 unordered rows, 16 shells, key 12 decimals, permutation closure 99.8%, from table_permclosed_cut1000_r2.npz
[perm-aware] 1908 unordered rows, 16 shells, key 12 decimals, permutation closure 99.8%, from table_permclosed_cut1000_r2.npz
[perm-aware] 1908 unordered rows, 16 shells, key 12 decimals, permutation closure 99.8%, from table_permclosed_cut1000_r2.npz
[perm-aware] 1908 unordered rows, 16 shells, key 12 decimals, permutation closure 99.8%, from table_permclosed_cut1000_r2.npz
[perm-aware] 1908 unordered rows, 16 shells, key 12 decimals, permutation closure 99.8%, from table_permclosed_cut1000_r2.npz
[perm-aware] 1908 unordered rows, 16 shells, key 12 decimals, permutation closure 99.8%, from table_permclosed_cut1000_r2.npz
[perm-aware] 1908 unordered rows, 16 shells, key 12 decimals, permutation closure 99.8%, from table_permclosed_cut1000_r2.npz
[perm-aware] 1908 unordered rows, 16 shells, key 12 decimals, permutation closure 99.8%, from table_permclosed_cut1000_r2.npz
[perm-aware] 1908 unordered rows, 16 shells, key 12 decimals, permutation closure 99.8%, from table_permclosed_cut1000_r2.npz
[perm-aware] 1908 unordered rows, 16 shells, key 12 decimals, permutation closure 99.8%, from table_permclosed_cut1000_r2.npz
[perm-aware] 1908 unordered rows, 16 shells, key 12 decimals, permutation closure 99.8%, from table_permclosed_cut1000_r2.npz
[perm-aware] 1908 unordered rows, 16 shells, key 12 decimals, permutation closure 99.8%, from table_permclosed_cut1000_r2.npz
[perm-aware] 1908 unordered rows, 16 shells, key 12 decimals, permutation closure 99.8%, from table_permclosed_cut1000_r2.npz
[perm-aware] 1908 unordered rows, 16 shells, key 12 decimals, permutation closure 99.8%, from table_permclosed_cut1000_r2.npz
[perm-aware] 1908 unordered rows, 16 shells, key 12 decimals, permutation closure 99.8%, from table_permclosed_cut1000_r2.npz
[perm-aware] 1908 unordered rows, 16 shells, key 12 decimals, permutation closure 99.8%, from table_permclosed_cut1000_r2.npz
[perm-aware] 1908 unordered rows, 16 shells, key 12 decimals, permutation closure 99.8%, from table_permclosed_cut1000_r2.npz
[perm-aware] 1908 unordered rows, 16 shells, key 12 decimals, permutation closure 99.8%, from table_permclosed_cut1000_r2.npz
[perm-aware] 1908 unordered rows, 16 shells, key 12 decimals, permutation closure 99.8%, from table_permclosed_cut1000_r2.npz
[perm-aware] 1908 unordered rows, 16 shells, key 12 decimals, permutation closure 99.8%, from table_permclosed_cut1000_r2.npz
[perm-aware] 1908 unordered rows, 16 shells, key 12 decimals, permutation closure 99.8%, from table_permclosed_cut1000_r2.npz
[perm-aware] 1908 unordered rows, 16 shells, key 12 decimals, permutation closure 99.8%, from table_permclosed_cut1000_r2.npz
[perm-aware] 1908 unordered rows, 16 shells, key 12 decimals, permutation closure 99.8%, from table_permclosed_cut1000_r2.npz
[perm-aware] 1908 unordered rows, 16 shells, key 12 decimals, permutation closure 99.8%, from table_permclosed_cut1000_r2.npz
[perm-aware] 1908 unordered rows, 16 shells, key 12 decimals, permutation closure 99.8%, from table_permclosed_cut1000_r2.npz
[perm-aware] 1908 unordered rows, 16 shells, key 12 decimals, permutation closure 99.8%, from table_permclosed_cut1000_r2.npz
[perm-aware] 1908 unordered rows, 16 shells, key 12 decimals, permutation closure 99.8%, from table_permclosed_cut1000_r2.npz
[perm-aware] 1908 unordered rows, 16 shells, key 12 decimals, permutation closure 99.8%, from table_permclosed_cut1000_r2.npz
[perm-aware] 1908 unordered rows, 16 shells, key 12 decimals, permutation closure 99.8%, from table_permclosed_cut1000_r2.npz
[perm-aware] 1908 unordered rows, 16 shells, key 12 decimals, permutation closure 99.8%, from table_permclosed_cut1000_r2.npz
[perm-aware] 1908 unordered rows, 16 shells, key 12 decimals, permutation closure 99.8%, from table_permclosed_cut1000_r2.npz
[perm-aware] 1908 unordered rows, 16 shells, key 12 decimals, permutation closure 99.8%, from table_permclosed_cut1000_r2.npz
[perm-aware] 1908 unordered rows, 16 shells, key 12 decimals, permutation closure 99.8%, from table_permclosed_cut1000_r2.npz
[perm-aware] 1908 unordered rows, 16 shells, key 12 decimals, permutation closure 99.8%, from table_permclosed_cut1000_r2.npz
[perm-aware] 1908 unordered rows, 16 shells, key 12 decimals, permutation closure 99.8%, from table_permclosed_cut1000_r2.npz
[perm-aware] 1908 unordered rows, 16 shells, key 12 decimals, permutation closure 99.8%, from table_permclosed_cut1000_r2.npz
[perm-aware] 1908 unordered rows, 16 shells, key 12 decimals, permutation closure 99.8%, from table_permclosed_cut1000_r2.npz
[perm-aware] 1908 unordered rows, 16 shells, key 12 decimals, permutation closure 99.8%, from table_permclosed_cut1000_r2.npz
[perm-aware] 1908 unordered rows, 16 shells, key 12 decimals, permutation closure 99.8%, from table_permclosed_cut1000_r2.npz
[perm-aware] 1908 unordered rows, 16 shells, key 12 decimals, permutation closure 99.8%, from table_permclosed_cut1000_r2.npz
[perm-aware] 1908 unordered rows, 16 shells, key 12 decimals, permutation closure 99.8%, from table_permclosed_cut1000_r2.npz
[perm-aware] 1908 unordered rows, 16 shells, key 12 decimals, permutation closure 99.8%, from table_permclosed_cut1000_r2.npz
[perm-aware] 1908 unordered rows, 16 shells, key 12 decimals, permutation closure 99.8%, from table_permclosed_cut1000_r2.npz
[perm-aware] 1908 unordered rows, 16 shells, key 12 decimals, permutation closure 99.8%, from table_permclosed_cut1000_r2.npz
[perm-aware] 1908 unordered rows, 16 shells, key 12 decimals, permutation closure 99.8%, from table_permclosed_cut1000_r2.npz
[perm-aware] 1908 unordered rows, 16 shells, key 12 decimals, permutation closure 99.8%, from table_permclosed_cut1000_r2.npz
[perm-aware] 1908 unordered rows, 16 shells, key 12 decimals, permutation closure 99.8%, from table_permclosed_cut1000_r2.npz
[perm-aware] 1908 unordered rows, 16 shells, key 12 decimals, permutation closure 99.8%, from table_permclosed_cut1000_r2.npz
[perm-aware] 1908 unordered rows, 16 shells, key 12 decimals, permutation closure 99.8%, from table_permclosed_cut1000_r2.npz
[perm-aware] 1908 unordered rows, 16 shells, key 12 decimals, permutation closure 99.8%, from table_permclosed_cut1000_r2.npz
[perm-aware] 1908 unordered rows, 16 shells, key 12 decimals, permutation closure 99.8%, from table_permclosed_cut1000_r2.npz
[perm-aware] 1908 unordered rows, 16 shells, key 12 decimals, permutation closure 99.8%, from table_permclosed_cut1000_r2.npz
[perm-aware] 1908 unordered rows, 16 shells, key 12 decimals, permutation closure 99.8%, from table_permclosed_cut1000_r2.npz
[perm-aware] 1908 unordered rows, 16 shells, key 12 decimals, permutation closure 99.8%, from table_permclosed_cut1000_r2.npz
[perm-aware] 1908 unordered rows, 16 shells, key 12 decimals, permutation closure 99.8%, from table_permclosed_cut1000_r2.npz
[perm-aware] 1908 unordered rows, 16 shells, key 12 decimals, permutation closure 99.8%, from table_permclosed_cut1000_r2.npz
[perm-aware] 1908 unordered rows, 16 shells, key 12 decimals, permutation closure 99.8%, from table_permclosed_cut1000_r2.npz
[perm-aware] 1908 unordered rows, 16 shells, key 12 decimals, permutation closure 99.8%, from table_permclosed_cut1000_r2.npz
[perm-aware] 1908 unordered rows, 16 shells, key 12 decimals, permutation closure 99.8%, from table_permclosed_cut1000_r2.npz
[perm-aware] 1908 unordered rows, 16 shells, key 12 decimals, permutation closure 99.8%, from table_permclosed_cut1000_r2.npz
[perm-aware] 1908 unordered rows, 16 shells, key 12 decimals, permutation closure 99.8%, from table_permclosed_cut1000_r2.npz
[perm-aware] 1908 unordered rows, 16 shells, key 12 decimals, permutation closure 99.8%, from table_permclosed_cut1000_r2.npz
[perm-aware] 1908 unordered rows, 16 shells, key 12 decimals, permutation closure 99.8%, from table_permclosed_cut1000_r2.npz
[perm-aware] 1908 unordered rows, 16 shells, key 12 decimals, permutation closure 99.8%, from table_permclosed_cut1000_r2.npz
[perm-aware] 1908 unordered rows, 16 shells, key 12 decimals, permutation closure 99.8%, from table_permclosed_cut1000_r2.npz
[perm-aware] 1908 unordered rows, 16 shells, key 12 decimals, permutation closure 99.8%, from table_permclosed_cut1000_r2.npz
[perm-aware] 1908 unordered rows, 16 shells, key 12 decimals, permutation closure 99.8%, from table_permclosed_cut1000_r2.npz
[perm-aware] 1908 unordered rows, 16 shells, key 12 decimals, permutation closure 99.8%, from table_permclosed_cut1000_r2.npz
[perm-aware] 1908 unordered rows, 16 shells, key 12 decimals, permutation closure 99.8%, from table_permclosed_cut1000_r2.npz
[perm-aware] 1908 unordered rows, 16 shells, key 12 decimals, permutation closure 99.8%, from table_permclosed_cut1000_r2.npz
[perm-aware] 1908 unordered rows, 16 shells, key 12 decimals, permutation closure 99.8%, from table_permclosed_cut1000_r2.npz
[perm-aware] 1908 unordered rows, 16 shells, key 12 decimals, permutation closure 99.8%, from table_permclosed_cut1000_r2.npz
[perm-aware] 1908 unordered rows, 16 shells, key 12 decimals, permutation closure 99.8%, from table_permclosed_cut1000_r2.npz
[perm-aware] 1908 unordered rows, 16 shells, key 12 decimals, permutation closure 99.8%, from table_permclosed_cut1000_r2.npz
[perm-aware] 1908 unordered rows, 16 shells, key 12 decimals, permutation closure 99.8%, from table_permclosed_cut1000_r2.npz
[perm-aware] 1908 unordered rows, 16 shells, key 12 decimals, permutation closure 99.8%, from table_permclosed_cut1000_r2.npz
[perm-aware] 1908 unordered rows, 16 shells, key 12 decimals, permutation closure 99.8%, from table_permclosed_cut1000_r2.npz
[perm-aware] 1908 unordered rows, 16 shells, key 12 decimals, permutation closure 99.8%, from table_permclosed_cut1000_r2.npz
[perm-aware] 1908 unordered rows, 16 shells, key 12 decimals, permutation closure 99.8%, from table_permclosed_cut1000_r2.npz
[perm-aware] 1908 unordered rows, 16 shells, key 12 decimals, permutation closure 99.8%, from table_permclosed_cut1000_r2.npz
[perm-aware] 1908 unordered rows, 16 shells, key 12 decimals, permutation closure 99.8%, from table_permclosed_cut1000_r2.npz
[perm-aware] 1908 unordered rows, 16 shells, key 12 decimals, permutation closure 99.8%, from table_permclosed_cut1000_r2.npz
[perm-aware] 1908 unordered rows, 16 shells, key 12 decimals, permutation closure 99.8%, from table_permclosed_cut1000_r2.npz
[perm-aware] 1908 unordered rows, 16 shells, key 12 decimals, permutation closure 99.8%, from table_permclosed_cut1000_r2.npz
[perm-aware] 1908 unordered rows, 16 shells, key 12 decimals, permutation closure 99.8%, from table_permclosed_cut1000_r2.npz
[perm-aware] 1908 unordered rows, 16 shells, key 12 decimals, permutation closure 99.8%, from table_permclosed_cut1000_r2.npz
[perm-aware] 1908 unordered rows, 16 shells, key 12 decimals, permutation closure 99.8%, from table_permclosed_cut1000_r2.npz
[perm-aware] 1908 unordered rows, 16 shells, key 12 decimals, permutation closure 99.8%, from table_permclosed_cut1000_r2.npz
[perm-aware] 1908 unordered rows, 16 shells, key 12 decimals, permutation closure 99.8%, from table_permclosed_cut1000_r2.npz
[perm-aware] 1908 unordered rows, 16 shells, key 12 decimals, permutation closure 99.8%, from table_permclosed_cut1000_r2.npz
[perm-aware] 1908 unordered rows, 16 shells, key 12 decimals, permutation closure 99.8%, from table_permclosed_cut1000_r2.npz
[perm-aware] 1908 unordered rows, 16 shells, key 12 decimals, permutation closure 99.8%, from table_permclosed_cut1000_r2.npz
[run_FF_single] done in 207.9 s
[perm-aware] 1908 unordered rows, 16 shells, key 12 decimals, permutation closure 99.8%, from table_permclosed_cut1000_r2.npz
[perm-aware] 1908 unordered rows, 16 shells, key 12 decimals, permutation closure 99.8%, from table_permclosed_cut1000_r2.npz
[perm-aware] 1908 unordered rows, 16 shells, key 12 decimals, permutation closure 99.8%, from table_permclosed_cut1000_r2.npz
[perm-aware] 1908 unordered rows, 16 shells, key 12 decimals, permutation closure 99.8%, from table_permclosed_cut1000_r2.npz
[fk] /opt/homebrew/Caskroom/miniconda/base/envs/sft-wick/bin/python /Users/zzhang/Documents/MyDrafts/STF_lensing/SFT-lensing-paper-analyses/sachs_sft/scripts/run_FF_single.py /Users/zzhang/Documents/MyDrafts/STF_lensing/SFT-lensing-paper-analyses/sachs_sft/scripts/inputs/kappa2_grid_lcut0_low_empty.npz /Users/zzhang/Documents/MyDrafts/STF_lensing/driver_field_emulators/products/table_permclosed_cut1000_r2_permfix_xi.npz
[fk] wrote /Users/zzhang/Documents/MyDrafts/STF_lensing/driver_field_emulators/products/table_permclosed_cut1000_r2_permfix_xi.npz
