########## sigma_lambda = 4 ##########
[probe] 24 runs = 2 gammas x 12 fresh seeds, n_real=24000, n_lambda=1000, sigma=4.0, 4 workers
  [  1/24] gamma=    0.50 seed=  9 fk=+8.9909e-06 (batch se 3.0e-06)  17s
  [  2/24] gamma=    0.50 seed= 10 fk=+9.4255e-06 (batch se 3.2e-06)  17s
  [  3/24] gamma=    0.50 seed= 11 fk=+8.6291e-06 (batch se 1.5e-06)  18s
  [  4/24] gamma=    0.50 seed= 12 fk=+1.0592e-05 (batch se 2.6e-06)  17s
  [  5/24] gamma=    0.50 seed= 13 fk=+9.0739e-06 (batch se 1.9e-06)  17s
  [  6/24] gamma=    0.50 seed= 14 fk=+8.7056e-06 (batch se 2.4e-06)  17s
  [  7/24] gamma=    0.50 seed= 15 fk=+1.1385e-05 (batch se 2.6e-06)  17s
  [  8/24] gamma=    0.50 seed= 16 fk=+5.7827e-06 (batch se 1.9e-06)  17s
  [  9/24] gamma=    0.50 seed= 17 fk=+7.7869e-06 (batch se 2.6e-06)  17s
  [ 10/24] gamma=    0.50 seed= 18 fk=+5.9728e-06 (batch se 2.0e-06)  17s
  [ 11/24] gamma=    0.50 seed= 19 fk=+1.1348e-05 (batch se 2.2e-06)  17s
  [ 12/24] gamma=    0.50 seed= 20 fk=+6.7570e-06 (batch se 1.1e-06)  17s
  [ 13/24] gamma=    1.00 seed=  9 fk=+7.3574e-06 (batch se 2.8e-06)  17s
  [ 14/24] gamma=    1.00 seed= 10 fk=+6.7846e-06 (batch se 2.5e-06)  17s
  [ 15/24] gamma=    1.00 seed= 11 fk=+6.8104e-06 (batch se 1.5e-06)  17s
  [ 16/24] gamma=    1.00 seed= 12 fk=+7.8599e-06 (batch se 2.2e-06)  17s
  [ 17/24] gamma=    1.00 seed= 13 fk=+7.4561e-06 (batch se 2.0e-06)  17s
  [ 18/24] gamma=    1.00 seed= 14 fk=+6.3557e-06 (batch se 2.3e-06)  17s
  [ 19/24] gamma=    1.00 seed= 15 fk=+8.3220e-06 (batch se 2.5e-06)  17s
  [ 20/24] gamma=    1.00 seed= 16 fk=+4.2946e-06 (batch se 2.5e-06)  17s
  [ 21/24] gamma=    1.00 seed= 17 fk=+6.7236e-06 (batch se 2.4e-06)  17s
  [ 22/24] gamma=    1.00 seed= 18 fk=+3.4052e-06 (batch se 1.8e-06)  17s
  [ 23/24] gamma=    1.00 seed= 19 fk=+8.7909e-06 (batch se 1.8e-06)  17s
  [ 24/24] gamma=    1.00 seed= 20 fk=+4.7394e-06 (batch se 1.2e-06)  17s
[perm-aware] 2142 unordered rows, 16 shells, key 12 decimals, permutation closure 99.8%, from table_permclosed_cut15360.npz
[perm-aware] 2142 unordered rows, 16 shells, key 12 decimals, permutation closure 99.8%, from table_permclosed_cut15360.npz
[perm-aware] 2142 unordered rows, 16 shells, key 12 decimals, permutation closure 99.8%, from table_permclosed_cut15360.npz
[perm-aware] 2142 unordered rows, 16 shells, key 12 decimals, permutation closure 99.8%, from table_permclosed_cut15360.npz
[perm-aware] 2142 unordered rows, 16 shells, key 12 decimals, permutation closure 99.8%, from table_permclosed_cut15360.npz
[perm-aware] 2142 unordered rows, 16 shells, key 12 decimals, permutation closure 99.8%, from table_permclosed_cut15360.npz
[perm-aware] 2142 unordered rows, 16 shells, key 12 decimals, permutation closure 99.8%, from table_permclosed_cut15360.npz
[perm-aware] 2142 unordered rows, 16 shells, key 12 decimals, permutation closure 99.8%, from table_permclosed_cut15360.npz
[perm-aware] 2142 unordered rows, 16 shells, key 12 decimals, permutation closure 99.8%, from table_permclosed_cut15360.npz
[perm-aware] 2142 unordered rows, 16 shells, key 12 decimals, permutation closure 99.8%, from table_permclosed_cut15360.npz
[perm-aware] 2142 unordered rows, 16 shells, key 12 decimals, permutation closure 99.8%, from table_permclosed_cut15360.npz
[perm-aware] 2142 unordered rows, 16 shells, key 12 decimals, permutation closure 99.8%, from table_permclosed_cut15360.npz
[perm-aware] 2142 unordered rows, 16 shells, key 12 decimals, permutation closure 99.8%, from table_permclosed_cut15360.npz
[perm-aware] 2142 unordered rows, 16 shells, key 12 decimals, permutation closure 99.8%, from table_permclosed_cut15360.npz
[perm-aware] 2142 unordered rows, 16 shells, key 12 decimals, permutation closure 99.8%, from table_permclosed_cut15360.npz
[perm-aware] 2142 unordered rows, 16 shells, key 12 decimals, permutation closure 99.8%, from table_permclosed_cut15360.npz
[perm-aware] 2142 unordered rows, 16 shells, key 12 decimals, permutation closure 99.8%, from table_permclosed_cut15360.npz
[perm-aware] 2142 unordered rows, 16 shells, key 12 decimals, permutation closure 99.8%, from table_permclosed_cut15360.npz
[perm-aware] 2142 unordered rows, 16 shells, key 12 decimals, permutation closure 99.8%, from table_permclosed_cut15360.npz
[perm-aware] 2142 unordered rows, 16 shells, key 12 decimals, permutation closure 99.8%, from table_permclosed_cut15360.npz
[perm-aware] 2142 unordered rows, 16 shells, key 12 decimals, permutation closure 99.8%, from table_permclosed_cut15360.npz
[perm-aware] 2142 unordered rows, 16 shells, key 12 decimals, permutation closure 99.8%, from table_permclosed_cut15360.npz
[perm-aware] 2142 unordered rows, 16 shells, key 12 decimals, permutation closure 99.8%, from table_permclosed_cut15360.npz
[perm-aware] 2142 unordered rows, 16 shells, key 12 decimals, permutation closure 99.8%, from table_permclosed_cut15360.npz
[probe] done in 1.7 min

gamma      n   mean          sem          spread(1sig)   mean/sem
     0.5  12  +8.7042e-06  5.444e-07  1.886e-06   +15.99
     1.0  12  +6.5750e-06  4.750e-07  1.646e-06   +13.84

[probe] -> ../../products/mc_smallgamma_s4.npz
########## sigma_lambda = 8 ##########
[probe] 24 runs = 2 gammas x 12 fresh seeds, n_real=24000, n_lambda=1000, sigma=8.0, 4 workers
  [  1/24] gamma=    0.50 seed=  9 fk=+2.3776e-05 (batch se 4.1e-06)  17s
  [  2/24] gamma=    0.50 seed= 10 fk=+2.3092e-05 (batch se 3.8e-06)  17s
  [  3/24] gamma=    0.50 seed= 11 fk=+1.8420e-05 (batch se 1.7e-06)  17s
  [  4/24] gamma=    0.50 seed= 12 fk=+2.1682e-05 (batch se 4.0e-06)  17s
  [  5/24] gamma=    0.50 seed= 13 fk=+1.9744e-05 (batch se 2.5e-06)  17s
  [  6/24] gamma=    0.50 seed= 14 fk=+2.1435e-05 (batch se 2.7e-06)  17s
  [  7/24] gamma=    0.50 seed= 15 fk=+2.4526e-05 (batch se 4.7e-06)  17s
  [  8/24] gamma=    0.50 seed= 16 fk=+1.5484e-05 (batch se 3.7e-06)  17s
  [  9/24] gamma=    0.50 seed= 17 fk=+2.0288e-05 (batch se 3.9e-06)  17s
  [ 10/24] gamma=    0.50 seed= 18 fk=+1.4972e-05 (batch se 2.3e-06)  17s
  [ 11/24] gamma=    0.50 seed= 19 fk=+2.2479e-05 (batch se 3.1e-06)  17s
  [ 12/24] gamma=    0.50 seed= 20 fk=+1.1891e-05 (batch se 2.1e-06)  17s
  [ 13/24] gamma=    1.00 seed=  9 fk=+1.8820e-05 (batch se 4.1e-06)  17s
  [ 14/24] gamma=    1.00 seed= 10 fk=+1.7001e-05 (batch se 3.3e-06)  17s
  [ 15/24] gamma=    1.00 seed= 11 fk=+1.4024e-05 (batch se 1.8e-06)  17s
  [ 16/24] gamma=    1.00 seed= 12 fk=+1.6517e-05 (batch se 3.7e-06)  17s
  [ 17/24] gamma=    1.00 seed= 13 fk=+1.5010e-05 (batch se 2.7e-06)  17s
  [ 18/24] gamma=    1.00 seed= 14 fk=+1.4017e-05 (batch se 2.2e-06)  17s
  [ 19/24] gamma=    1.00 seed= 15 fk=+1.7969e-05 (batch se 4.5e-06)  17s
  [ 20/24] gamma=    1.00 seed= 16 fk=+1.1133e-05 (batch se 4.2e-06)  17s
  [ 21/24] gamma=    1.00 seed= 17 fk=+1.6794e-05 (batch se 3.6e-06)  17s
  [ 22/24] gamma=    1.00 seed= 18 fk=+9.5885e-06 (batch se 1.6e-06)  17s
  [ 23/24] gamma=    1.00 seed= 19 fk=+1.6958e-05 (batch se 2.7e-06)  17s
  [ 24/24] gamma=    1.00 seed= 20 fk=+7.1560e-06 (batch se 2.6e-06)  17s
[perm-aware] 2142 unordered rows, 16 shells, key 12 decimals, permutation closure 99.8%, from table_permclosed_cut15360.npz
[perm-aware] 2142 unordered rows, 16 shells, key 12 decimals, permutation closure 99.8%, from table_permclosed_cut15360.npz
[perm-aware] 2142 unordered rows, 16 shells, key 12 decimals, permutation closure 99.8%, from table_permclosed_cut15360.npz
[perm-aware] 2142 unordered rows, 16 shells, key 12 decimals, permutation closure 99.8%, from table_permclosed_cut15360.npz
[perm-aware] 2142 unordered rows, 16 shells, key 12 decimals, permutation closure 99.8%, from table_permclosed_cut15360.npz
[perm-aware] 2142 unordered rows, 16 shells, key 12 decimals, permutation closure 99.8%, from table_permclosed_cut15360.npz
[perm-aware] 2142 unordered rows, 16 shells, key 12 decimals, permutation closure 99.8%, from table_permclosed_cut15360.npz
[perm-aware] 2142 unordered rows, 16 shells, key 12 decimals, permutation closure 99.8%, from table_permclosed_cut15360.npz
[perm-aware] 2142 unordered rows, 16 shells, key 12 decimals, permutation closure 99.8%, from table_permclosed_cut15360.npz
[perm-aware] 2142 unordered rows, 16 shells, key 12 decimals, permutation closure 99.8%, from table_permclosed_cut15360.npz
[perm-aware] 2142 unordered rows, 16 shells, key 12 decimals, permutation closure 99.8%, from table_permclosed_cut15360.npz
[perm-aware] 2142 unordered rows, 16 shells, key 12 decimals, permutation closure 99.8%, from table_permclosed_cut15360.npz
[perm-aware] 2142 unordered rows, 16 shells, key 12 decimals, permutation closure 99.8%, from table_permclosed_cut15360.npz
[perm-aware] 2142 unordered rows, 16 shells, key 12 decimals, permutation closure 99.8%, from table_permclosed_cut15360.npz
[perm-aware] 2142 unordered rows, 16 shells, key 12 decimals, permutation closure 99.8%, from table_permclosed_cut15360.npz
[perm-aware] 2142 unordered rows, 16 shells, key 12 decimals, permutation closure 99.8%, from table_permclosed_cut15360.npz
[perm-aware] 2142 unordered rows, 16 shells, key 12 decimals, permutation closure 99.8%, from table_permclosed_cut15360.npz
[perm-aware] 2142 unordered rows, 16 shells, key 12 decimals, permutation closure 99.8%, from table_permclosed_cut15360.npz
[perm-aware] 2142 unordered rows, 16 shells, key 12 decimals, permutation closure 99.8%, from table_permclosed_cut15360.npz
[perm-aware] 2142 unordered rows, 16 shells, key 12 decimals, permutation closure 99.8%, from table_permclosed_cut15360.npz
[perm-aware] 2142 unordered rows, 16 shells, key 12 decimals, permutation closure 99.8%, from table_permclosed_cut15360.npz
[perm-aware] 2142 unordered rows, 16 shells, key 12 decimals, permutation closure 99.8%, from table_permclosed_cut15360.npz
[perm-aware] 2142 unordered rows, 16 shells, key 12 decimals, permutation closure 99.8%, from table_permclosed_cut15360.npz
[perm-aware] 2142 unordered rows, 16 shells, key 12 decimals, permutation closure 99.8%, from table_permclosed_cut15360.npz
[probe] done in 1.7 min

gamma      n   mean          sem          spread(1sig)   mean/sem
     0.5  12  +1.9816e-05  1.131e-06  3.919e-06   +17.51
     1.0  12  +1.4582e-05  1.038e-06  3.597e-06   +14.04

[probe] -> ../../products/mc_smallgamma_s8.npz
########## sigma_lambda = 16 ##########
[probe] 24 runs = 2 gammas x 12 fresh seeds, n_real=24000, n_lambda=1000, sigma=16.0, 4 workers
  [  1/24] gamma=    0.50 seed=  9 fk=+4.2481e-05 (batch se 3.9e-06)  18s
  [  2/24] gamma=    0.50 seed= 10 fk=+3.9732e-05 (batch se 2.8e-06)  18s
  [  3/24] gamma=    0.50 seed= 11 fk=+3.6279e-05 (batch se 1.6e-06)  18s
  [  4/24] gamma=    0.50 seed= 12 fk=+3.8280e-05 (batch se 3.5e-06)  18s
  [  5/24] gamma=    0.50 seed= 13 fk=+3.6523e-05 (batch se 3.5e-06)  17s
  [  6/24] gamma=    0.50 seed= 14 fk=+4.1941e-05 (batch se 3.1e-06)  17s
  [  7/24] gamma=    0.50 seed= 15 fk=+4.4580e-05 (batch se 5.7e-06)  17s
  [  8/24] gamma=    0.50 seed= 16 fk=+3.4040e-05 (batch se 4.1e-06)  17s
  [  9/24] gamma=    0.50 seed= 17 fk=+3.6667e-05 (batch se 2.8e-06)  17s
  [ 10/24] gamma=    0.50 seed= 18 fk=+3.5477e-05 (batch se 3.4e-06)  17s
  [ 11/24] gamma=    0.50 seed= 19 fk=+3.9748e-05 (batch se 2.6e-06)  17s
  [ 12/24] gamma=    0.50 seed= 20 fk=+2.9157e-05 (batch se 2.6e-06)  17s
  [ 13/24] gamma=    1.00 seed=  9 fk=+3.1124e-05 (batch se 3.5e-06)  17s
  [ 14/24] gamma=    1.00 seed= 10 fk=+2.8522e-05 (batch se 2.8e-06)  17s
  [ 15/24] gamma=    1.00 seed= 11 fk=+2.6226e-05 (batch se 1.8e-06)  17s
  [ 16/24] gamma=    1.00 seed= 12 fk=+2.8875e-05 (batch se 3.2e-06)  17s
  [ 17/24] gamma=    1.00 seed= 13 fk=+2.6871e-05 (batch se 3.3e-06)  17s
  [ 18/24] gamma=    1.00 seed= 14 fk=+2.8685e-05 (batch se 2.9e-06)  17s
  [ 19/24] gamma=    1.00 seed= 15 fk=+3.2863e-05 (batch se 5.2e-06)  17s
  [ 20/24] gamma=    1.00 seed= 16 fk=+2.3530e-05 (batch se 4.1e-06)  17s
  [ 21/24] gamma=    1.00 seed= 17 fk=+2.7860e-05 (batch se 2.8e-06)  17s
  [ 22/24] gamma=    1.00 seed= 18 fk=+2.4927e-05 (batch se 3.0e-06)  17s
  [ 23/24] gamma=    1.00 seed= 19 fk=+2.9354e-05 (batch se 2.6e-06)  17s
  [ 24/24] gamma=    1.00 seed= 20 fk=+1.8996e-05 (batch se 3.2e-06)  17s
[perm-aware] 2142 unordered rows, 16 shells, key 12 decimals, permutation closure 99.8%, from table_permclosed_cut15360.npz
[perm-aware] 2142 unordered rows, 16 shells, key 12 decimals, permutation closure 99.8%, from table_permclosed_cut15360.npz
[perm-aware] 2142 unordered rows, 16 shells, key 12 decimals, permutation closure 99.8%, from table_permclosed_cut15360.npz
[perm-aware] 2142 unordered rows, 16 shells, key 12 decimals, permutation closure 99.8%, from table_permclosed_cut15360.npz
[perm-aware] 2142 unordered rows, 16 shells, key 12 decimals, permutation closure 99.8%, from table_permclosed_cut15360.npz
[perm-aware] 2142 unordered rows, 16 shells, key 12 decimals, permutation closure 99.8%, from table_permclosed_cut15360.npz
[perm-aware] 2142 unordered rows, 16 shells, key 12 decimals, permutation closure 99.8%, from table_permclosed_cut15360.npz
[perm-aware] 2142 unordered rows, 16 shells, key 12 decimals, permutation closure 99.8%, from table_permclosed_cut15360.npz
[perm-aware] 2142 unordered rows, 16 shells, key 12 decimals, permutation closure 99.8%, from table_permclosed_cut15360.npz
[perm-aware] 2142 unordered rows, 16 shells, key 12 decimals, permutation closure 99.8%, from table_permclosed_cut15360.npz
[perm-aware] 2142 unordered rows, 16 shells, key 12 decimals, permutation closure 99.8%, from table_permclosed_cut15360.npz
[perm-aware] 2142 unordered rows, 16 shells, key 12 decimals, permutation closure 99.8%, from table_permclosed_cut15360.npz
[perm-aware] 2142 unordered rows, 16 shells, key 12 decimals, permutation closure 99.8%, from table_permclosed_cut15360.npz
[perm-aware] 2142 unordered rows, 16 shells, key 12 decimals, permutation closure 99.8%, from table_permclosed_cut15360.npz
[perm-aware] 2142 unordered rows, 16 shells, key 12 decimals, permutation closure 99.8%, from table_permclosed_cut15360.npz
[perm-aware] 2142 unordered rows, 16 shells, key 12 decimals, permutation closure 99.8%, from table_permclosed_cut15360.npz
[perm-aware] 2142 unordered rows, 16 shells, key 12 decimals, permutation closure 99.8%, from table_permclosed_cut15360.npz
[perm-aware] 2142 unordered rows, 16 shells, key 12 decimals, permutation closure 99.8%, from table_permclosed_cut15360.npz
[perm-aware] 2142 unordered rows, 16 shells, key 12 decimals, permutation closure 99.8%, from table_permclosed_cut15360.npz
[perm-aware] 2142 unordered rows, 16 shells, key 12 decimals, permutation closure 99.8%, from table_permclosed_cut15360.npz
[perm-aware] 2142 unordered rows, 16 shells, key 12 decimals, permutation closure 99.8%, from table_permclosed_cut15360.npz
[perm-aware] 2142 unordered rows, 16 shells, key 12 decimals, permutation closure 99.8%, from table_permclosed_cut15360.npz
[perm-aware] 2142 unordered rows, 16 shells, key 12 decimals, permutation closure 99.8%, from table_permclosed_cut15360.npz
[perm-aware] 2142 unordered rows, 16 shells, key 12 decimals, permutation closure 99.8%, from table_permclosed_cut15360.npz
[probe] done in 1.7 min

gamma      n   mean          sem          spread(1sig)   mean/sem
     0.5  12  +3.7909e-05  1.206e-06  4.179e-06   +31.42
     1.0  12  +2.7320e-05  1.052e-06  3.645e-06   +25.97

[probe] -> ../../products/mc_smallgamma_s16.npz
