[zeta] HIGH windows -> (8000, 15360) (converged cutoff)
/Users/zzhang/projects/angular_statistics/canoes/src/canoes/nuell/kernels/il.py:209: UserWarning: On Apple Silicon, `jax-metal` does not yet support complex128 (early 2026). The canoes JAX backend will run on CPU; expect speed comparable to numba. Set CANOES_SUPPRESS_METAL_WARNING=1 to silence this warning.
  enable_x64()
[band] cosmo Ω_m=0.3160919980475834 h=0.6711 n_s=0.97
[band] 28 squeezed γ-triples × 16 λ-shells [397..2327] Mpc
[band] LOW ell_max=30: 47.0s
[band] LOW ell_max=60: 137.1s
[band] HIGH (60,125]: 16.5s
[band] HIGH (125,250]: 18.0s
[band] HIGH (250,500]: 18.9s
[band] HIGH (500,1000]: 19.7s
[band] HIGH (1000,2000]: 20.4s
[band] HIGH (2000,4000]: 21.0s
[band] HIGH (4000,8000]: 21.8s
[band] HIGH (8000,15360]: 22.2s
[band] HIGH full (60,15360]: 22.1s
[band] MOD LOW ell_max=60: 37.4s
[band] MOD HIGH (60,15360]: 11.1s

[GATE] Σ-bands vs full (max |rel diff| over γ,λ where |full|>0):
   TTT: max rel diff = 2.09e+01 (median 3.51e-02)
   TTP: max rel diff = 2.83e+01 (median 8.60e-03)
   TPP: max rel diff = 8.52e+01 (median 2.20e-02)
   PPP: max rel diff = 9.14e+03 (median 5.13e-02)
[band] saved -> /Users/zzhang/Documents/MyDrafts/STF_lensing/driver_field_emulators/products/zeta_bands_cut15360.npz

[TTT] per-band ζ at λ=2327 Mpc (z≈5.70):
  γ[arcmin]       LOW [2,30]      LOW (30,60]    HIGH (60,125]   HIGH (125,250]   HIGH (250,500]  HIGH (500,1000] HIGH (1000,2000] HIGH (2000,4000] HIGH (4000,8000] HIGH (8000,15360]          FULL
       0.50       +1.352e-16       -1.916e-18       -3.564e-17       -5.867e-16       -4.680e-15       -2.181e-14       -5.828e-14       -9.880e-14       -1.123e-13       -7.602e-14    -3.713e-13
       0.70       +1.352e-16       -1.916e-18       -3.564e-17       -5.866e-16       -4.677e-15       -2.177e-14       -5.787e-14       -9.613e-14       -1.009e-13       -5.038e-14    -3.313e-13
       0.99       +1.352e-16       -1.916e-18       -3.563e-17       -5.864e-16       -4.672e-15       -2.169e-14       -5.706e-14       -9.102e-14       -8.119e-14       -2.255e-14    -2.781e-13
       1.39       +1.352e-16       -1.916e-18       -3.563e-17       -5.861e-16       -4.663e-15       -2.153e-14       -5.548e-14       -8.158e-14       -5.196e-14       -1.243e-14    -2.279e-13
       1.96       +1.352e-16       -1.916e-18       -3.562e-17       -5.855e-16       -4.645e-15       -2.122e-14       -5.246e-14       -6.530e-14       -2.103e-14       -2.400e-14    -1.890e-13
       2.75       +1.352e-16       -1.915e-18       -3.560e-17       -5.843e-16       -4.609e-15       -2.061e-14       -4.688e-14       -4.102e-14       -1.030e-14       -2.097e-14    -1.445e-13
       3.87       +1.352e-16       -1.915e-18       -3.556e-17       -5.819e-16       -4.538e-15       -1.945e-14       -3.724e-14       -1.499e-14       -2.026e-14       -1.179e-14    -1.085e-13
       5.45       +1.352e-16       -1.914e-18       -3.548e-17       -5.772e-16       -4.400e-15       -1.729e-14       -2.283e-14       -5.077e-15       -1.607e-14       -1.130e-14    -7.723e-14
       7.66       +1.352e-16       -1.912e-18       -3.532e-17       -5.679e-16       -4.138e-15       -1.358e-14       -7.276e-15       -1.197e-14       -7.092e-15       -7.991e-15    -5.246e-14
      10.77       +1.352e-16       -1.909e-18       -3.501e-17       -5.499e-16       -3.652e-15       -8.034e-15       -1.059e-15       -7.939e-15       -6.762e-15       -5.028e-15    -3.282e-14
      15.15       +1.352e-16       -1.903e-18       -3.440e-17       -5.154e-16       -2.816e-15       -2.068e-15       -4.572e-15       -2.243e-15       -4.018e-15       -2.476e-15    -1.866e-14
      21.31       +1.352e-16       -1.890e-18       -3.322e-17       -4.518e-16       -1.576e-15       +2.672e-16       -2.082e-15       -2.292e-15       -1.992e-15       -1.493e-15    -9.483e-15
      29.97       +1.352e-16       -1.865e-18       -3.097e-17       -3.422e-16       -2.651e-16       -1.045e-15       +6.706e-17       -1.197e-15       -5.826e-16       -6.504e-16    -3.849e-15
      42.16       +1.352e-16       -1.816e-18       -2.682e-17       -1.796e-16       +1.867e-16       -6.848e-17       -2.783e-16       -3.880e-16       -3.508e-16       -9.294e-17    -1.095e-15
      59.30       +1.352e-16       -1.724e-18       -1.970e-17       -8.360e-18       -1.496e-16       +1.816e-16       -3.454e-16       +9.020e-17       -1.399e-16       -1.345e-16    -3.373e-16
      83.41       +1.352e-16       -1.552e-18       -9.236e-18       +4.730e-17       +1.105e-16       +1.679e-16       +9.952e-17       +7.377e-17       +2.326e-16       -4.741e-16    +4.021e-16
     117.31       +1.353e-16       -1.256e-18       +1.415e-18       -6.157e-18       +8.282e-17       -3.080e-17       +2.064e-16       +3.270e-17       +1.933e-17       +2.723e-18    -1.342e-15
     165.00       +1.353e-16       -8.167e-19       +3.819e-18       +1.805e-17       +3.331e-17       -1.295e-18       +6.576e-18       +7.215e-17       -1.533e-15       +8.008e-16    +6.038e-15
     232.08       +1.353e-16       -3.653e-19       -8.240e-19       +7.256e-18       -1.726e-17       +4.799e-17       -2.315e-17       +6.268e-17       +1.652e-16       -3.895e-16    -3.657e-15
     326.43       +1.353e-16       -3.023e-19       +1.276e-18       +4.056e-18       -7.185e-18       +1.088e-17       -3.910e-18       +9.931e-16       -9.982e-17       +1.591e-16    +6.195e-16
     459.13       +1.350e-16       -7.016e-19       +2.988e-19       -2.523e-18       +3.996e-18       -5.001e-18       +1.637e-17       -4.643e-16       -4.445e-16       -6.129e-17    -4.296e-16
     645.77       +1.340e-16       -6.817e-19       +2.605e-19       -1.611e-18       +5.779e-18       -1.633e-20       -2.234e-17       +4.254e-16       +4.872e-16       +4.699e-16    +2.742e-15
     908.30       +1.315e-16       -6.071e-19       -1.469e-19       -4.663e-19       +2.555e-18       -2.148e-18       -4.059e-16       -5.082e-16       +1.903e-16       +9.087e-17    +2.111e-15
    1277.55       +1.269e-16       -6.644e-19       -1.312e-19       +7.155e-19       -1.294e-18       -7.339e-17       +1.571e-16       -3.319e-16       -3.587e-16       +3.360e-16    +2.225e-15
    1796.91       +1.178e-16       -6.136e-19       -8.531e-20       +4.556e-19       -1.020e-18       -5.265e-17       +1.461e-16       -3.173e-16       -3.767e-16       -1.677e-17    -1.203e-16
    2527.40       +1.005e-16       -6.075e-19       -3.386e-22       -1.619e-19       +7.099e-18       +3.712e-17       -8.876e-18       +6.148e-17       -4.455e-17       +3.100e-16    +2.092e-15
    3554.85       +6.833e-17       -5.788e-19       -1.276e-20       +1.042e-20       +2.505e-17       -2.469e-17       +2.524e-16       -3.197e-17       +1.257e-16       +9.402e-18    -5.830e-16
    5000.00       +1.295e-17       -5.271e-19       +1.499e-20       +1.200e-19       +7.782e-20       -3.816e-17       -1.360e-17       +2.721e-16       -1.736e-16       +1.260e-17    +3.041e-16
[zeta] bands -> /Users/zzhang/Documents/MyDrafts/STF_lensing/driver_field_emulators/products/zeta_bands_cut15360.npz
