============================================================================================
BATCH-LEVEL SAMPLING DISTRIBUTION  sigma=8.0  gamma=1'  480 independent batches of 2000 realisations
============================================================================================
  mean = 1.549806e-05  (0.9968 x exact)   sd = 1.5465e-06 (10.0% of the mean)
  skew = +0.373   excess kurtosis = +0.424
  Shapiro-Wilk p = 0.0018   D'Agostino p = 0.0009   Jarque-Bera p = 0.0006
  min z = -3.24  max z = +3.26  (Gaussian expectation for n=480: +/-3.08)
  z quantiles .5/2.5/16/50/84/97.5/99.5 : -2.26 -1.79 -0.95 -0.05 +0.91 +2.16 +3.08
  Gaussian                              : -2.58 -1.96 -1.00 +0.00 +1.00 +1.96 +2.58
  Student-t MLE dof = 2.0  (dof > ~30 is effectively Gaussian; dof <= 4 would make the SEM unreliable)
    average of    12 batches (one seed  (n_real=24000)): skew +0.110  exkurt +0.029  P(|z|>1.96) = 0.0508 (Gaussian 0.0500)  P(|z|>2.58) = 0.0103 (0.0099)
    average of   384 batches (       one 32-seed block): skew +0.021  exkurt -0.046  P(|z|>1.96) = 0.0502 (Gaussian 0.0500)  P(|z|>2.58) = 0.0092 (0.0099)
    average of  2208 batches (       the 184-seed pool): skew +0.018  exkurt +0.023  P(|z|>1.96) = 0.0494 (Gaussian 0.0500)  P(|z|>2.58) = 0.0097 (0.0099)

  n_real convergence (cumulative mean over independent batches):
     n_real  batches          mean   /exact  /analytic  SEM/exact
       6000        3  1.534546e-05   0.9870     0.9605     0.0049
      12000        6  1.526051e-05   0.9816     0.9551     0.0114
      24000       12  1.528123e-05   0.9829     0.9564     0.0136
      48000       24  1.525013e-05   0.9809     0.9545     0.0170
      96000       48  1.524155e-05   0.9803     0.9540     0.0120
     192000       96  1.523606e-05   0.9800     0.9536     0.0098
     384000      192  1.529127e-05   0.9835     0.9571     0.0071
     768000      384  1.548757e-05   0.9962     0.9694     0.0052
     960000      480  1.549806e-05   0.9968     0.9700     0.0045

  bootstrap over batches: sd/SEM = 0.9951   95% CI on MC/exact = [0.9880, 1.0057]  (normal theory [0.9880, 1.0057])
  jackknife SE / SEM = 1.0000

============================================================================================
BATCH-LEVEL SAMPLING DISTRIBUTION  sigma=4.0  gamma=1'  480 independent batches of 2000 realisations
============================================================================================
  mean = 1.572649e-05  (0.9975 x exact)   sd = 2.3808e-06 (15.1% of the mean)
  skew = +0.272   excess kurtosis = +0.307
  Shapiro-Wilk p = 0.0223   D'Agostino p = 0.0199   Jarque-Bera p = 0.0201
  min z = -3.51  max z = +3.48  (Gaussian expectation for n=480: +/-3.08)
  z quantiles .5/2.5/16/50/84/97.5/99.5 : -2.22 -1.86 -1.00 -0.01 +0.90 +2.11 +2.80
  Gaussian                              : -2.58 -1.96 -1.00 +0.00 +1.00 +1.96 +2.58
  Student-t MLE dof = 2.0  (dof > ~30 is effectively Gaussian; dof <= 4 would make the SEM unreliable)
    average of    12 batches (one seed  (n_real=24000)): skew +0.086  exkurt -0.003  P(|z|>1.96) = 0.0505 (Gaussian 0.0500)  P(|z|>2.58) = 0.0095 (0.0099)
    average of   384 batches (       one 32-seed block): skew -0.009  exkurt -0.007  P(|z|>1.96) = 0.0495 (Gaussian 0.0500)  P(|z|>2.58) = 0.0099 (0.0099)
    average of  2208 batches (       the 184-seed pool): skew +0.013  exkurt +0.001  P(|z|>1.96) = 0.0505 (Gaussian 0.0500)  P(|z|>2.58) = 0.0098 (0.0099)

  n_real convergence (cumulative mean over independent batches):
     n_real  batches          mean   /exact  /analytic  SEM/exact
       6000        3  1.564812e-05   0.9925     0.9794     0.0486
      12000        6  1.558621e-05   0.9886     0.9755     0.0241
      24000       12  1.538782e-05   0.9760     0.9631     0.0242
      48000       24  1.532312e-05   0.9719     0.9591     0.0281
      96000       48  1.527232e-05   0.9687     0.9559     0.0195
     192000       96  1.532704e-05   0.9721     0.9593     0.0155
     384000      192  1.542398e-05   0.9783     0.9654     0.0106
     768000      384  1.569359e-05   0.9954     0.9823     0.0079
     960000      480  1.572649e-05   0.9975     0.9843     0.0069

  bootstrap over batches: sd/SEM = 0.9997   95% CI on MC/exact = [0.9841, 1.0110]  (normal theory [0.9840, 1.0110])
  jackknife SE / SEM = 1.0000

