================================================================================================
gamma = 1', sigma_lambda = 8.0   exact = 1.5547050e-05   analytic fold = 1.5977160e-05
================================================================================================
                 block    n  MC/analytic     +/-  MC/exact     +/-
   A 20260827 (author)   32       0.9826  0.0034    1.0097  0.0035
  B 314159001 (author)   32       0.9703  0.0042    0.9972  0.0043
   C 20260828 (author)   24       0.9713  0.0053    0.9981  0.0055
    D 8675309   (mine)   32       0.9684  0.0054    0.9951  0.0055
    E 271828183 (mine)   32       0.9791  0.0042    1.0062  0.0044
    F 161803399 (mine)   32       0.9773  0.0049    1.0043  0.0050
    G 777000333 (mine)   64       0.9709  0.0035    0.9977  0.0036
   AUTHOR blocks n= 88: MC/analytic = 0.9750 +/- 0.0025   MC/exact = 1.0020 +/- 0.0026
       MY blocks n=160: MC/analytic = 0.9733 +/- 0.0022   MC/exact = 1.0002 +/- 0.0022
             ALL n=248: MC/analytic = 0.9739 +/- 0.0017   MC/exact = 1.0009 +/- 0.0017
  author vs mine: +0.0017 +/- 0.0033  (+0.52 sigma)
  TASK-QUOTED pooled value 0.9765 +/- 0.0028;  my independent blocks give 0.9733 +/- 0.0022  -> -0.90 sigma
  between-block chi2 = 10.85/6 p=0.0931  ANOVA F=1.425 p=0.2056  inflation sqrt(chi2/dof)=1.34

================================================================================================
gamma = 1', sigma_lambda = 4.0   exact = 1.5766214e-05   analytic fold = 1.5977160e-05
================================================================================================
                 block    n  MC/analytic     +/-  MC/exact     +/-
   A 20260827 (author)   32       0.9950  0.0048    1.0083  0.0048
  B 314159001 (author)   32       0.9786  0.0066    0.9917  0.0067
   C 20260828 (author)   24       0.9936  0.0080    1.0068  0.0081
    D 8675309   (mine)   32       0.9754  0.0076    0.9884  0.0077
    E 271828183 (mine)   32       0.9977  0.0059    1.0111  0.0059
    F 161803399 (mine)   32       0.9962  0.0073    1.0095  0.0074
   AUTHOR blocks n= 88: MC/analytic = 0.9886 +/- 0.0037   MC/exact = 1.0018 +/- 0.0038
       MY blocks n= 96: MC/analytic = 0.9898 +/- 0.0041   MC/exact = 1.0030 +/- 0.0042
             ALL n=184: MC/analytic = 0.9892 +/- 0.0028   MC/exact = 1.0024 +/- 0.0028
  author vs mine: -0.0011 +/- 0.0055  (-0.21 sigma)
  TASK-QUOTED pooled value 0.9868 +/- 0.0042;  my independent blocks give 0.9898 +/- 0.0041  -> +0.50 sigma
  between-block chi2 = 10.40/5 p=0.0646  ANOVA F=2.200 p=0.0563  inflation sqrt(chi2/dof)=1.44

