[f2] /opt/homebrew/Caskroom/miniconda/base/envs/PyCCL/bin/python -m canoes.sachs.sft_input.corr_op.build --pk examples/data/PCAMB_pyccl_stf_fid_z0.txt --omega-m 0.3160919980475834 --h 0.6711 --n-s 0.97 --ell-max 5000 --dense-threshold 500 --n-log-per-decade 16 --lambda-grid custom --lambda-grid-custom 5.566049558,29.226789878,71.386371776,131.362082906,208.170301959,300.550124421,406.984772215,525.726631359,550.000000000,654.825983089,792.163030066,935.482708063,1000.000000000,1082.431716170,1230.597159016,1377.546167123,1447.000000000,1520.865845119,1658.202892096,1787.302243827,1900.000000000,1906.044102970,2012.478750765,2104.858573227,2160.000000000,2181.666792280,2241.642503410,2283.802085308,2300.000000000,2307.462825627 --source-coord lambda_project_mpc --chi-min 1.0 --n-chi-per-pair 256 --accuracy default --ell-hi-threshold 800 --lambda-chunk-size 4 --output /Users/zzhang/Documents/MyDrafts/STF_lensing/driver_field_emulators/code/mc_fk_complete/psd_fix/fold_bias/tables/corr_op_gl24_plus6.npz
======================================================================
Building C-propagator table  (smoke=False, ell_max=5000)
======================================================================
  ell_grid (build):    size=515 [2..5000]
  ell_assembly_grid:   size=4999 [2..5000]
  lambda_grid:         size=30 [6..2307] Mpc (lambda_project_mpc)
  chi_min:             1.0  n_chi_per_pair:        256  accuracy:              default
  ell_hi_threshold:    800  (ell > this -> analytical Limber; ell <= this -> t-form)
  N_pairs = 900  (chi-measure Sachs prefactor folded in at build time)
  Build complete: 63231.1s (1053.9 min)
  Saving to: /Users/zzhang/Documents/MyDrafts/STF_lensing/driver_field_emulators/code/mc_fk_complete/psd_fix/fold_bias/tables/corr_op_gl24_plus6.npz
======================================================================
Verifying npz round-trip + C_fn closure
======================================================================
  Loading: /Users/zzhang/Documents/MyDrafts/STF_lensing/driver_field_emulators/code/mc_fk_complete/psd_fix/fold_bias/tables/corr_op_gl24_plus6.npz
    small-γ  t=(    6,    6): TT=-1.977e-11  RePsi0=2.483e-06  ImPsi0=2.480e-06
    small-γ  t=( 1378, 2307): TT=8.098e-11  RePsi0=4.134e-11  ImPsi0=3.912e-11
    small-γ  t=( 2307, 2307): TT=3.379e-08  RePsi0=1.821e-08  ImPsi0=1.553e-08
    γ=π/2    t=(    6,    6): TT=-6.178e-16  RePsi0=-2.336e-12  ImPsi0=-9.179e-15
    γ=π/2    t=( 1378, 2307): TT=-1.022e-15  RePsi0=2.471e-15  ImPsi0=-2.644e-15
    γ=π/2    t=( 2307, 2307): TT=-7.202e-14  RePsi0=2.140e-14  ImPsi0=-2.217e-14
  Verified 6/6 (n1, n2, t1, t2) cells.
======================================================================
Done.  Deploy with::
    export SFT_WICK_CORR_OP_TABLE_NPZ=/Users/zzhang/Documents/MyDrafts/STF_lensing/driver_field_emulators/code/mc_fk_complete/psd_fix/fold_bias/tables/corr_op_gl24_plus6.npz
    # then import C_fn from canoes.sachs.sft_input.corr_op
======================================================================
[f2] tag=gl24_plus6 rc=0 wall=63232.8s
